Component: ARM Compiler 5.06 update 7 (build 960) Tool: armlink [4d3601]

==============================================================================

Section Cross References

    startup_stm32f10x_md.o(RESET) refers to startup_stm32f10x_md.o(STACK) for __initial_sp
    startup_stm32f10x_md.o(RESET) refers to startup_stm32f10x_md.o(.text) for Reset_Handler
    startup_stm32f10x_md.o(RESET) refers to stm32f10x_it.o(i.NMI_Handler) for NMI_Handler
    startup_stm32f10x_md.o(RESET) refers to stm32f10x_it.o(i.HardFault_Handler) for HardFault_Handler
    startup_stm32f10x_md.o(RESET) refers to stm32f10x_it.o(i.MemManage_Handler) for MemManage_Handler
    startup_stm32f10x_md.o(RESET) refers to stm32f10x_it.o(i.BusFault_Handler) for BusFault_Handler
    startup_stm32f10x_md.o(RESET) refers to stm32f10x_it.o(i.UsageFault_Handler) for UsageFault_Handler
    startup_stm32f10x_md.o(RESET) refers to port.o(.emb_text) for SVC_Handler
    startup_stm32f10x_md.o(RESET) refers to stm32f10x_it.o(i.DebugMon_Handler) for DebugMon_Handler
    startup_stm32f10x_md.o(RESET) refers to stm32f10x_it.o(i.SysTick_Handler) for SysTick_Handler
    startup_stm32f10x_md.o(RESET) refers to tim3.o(i.TIM3_IRQHandler) for TIM3_IRQHandler
    startup_stm32f10x_md.o(RESET) refers to usart1.o(i.USART1_IRQHandler) for USART1_IRQHandler
    startup_stm32f10x_md.o(RESET) refers to usart2.o(i.USART2_IRQHandler) for USART2_IRQHandler
    startup_stm32f10x_md.o(RESET) refers to usart3.o(i.USART3_IRQHandler) for USART3_IRQHandler
    startup_stm32f10x_md.o(.text) refers to system_stm32f10x.o(i.SystemInit) for SystemInit
    startup_stm32f10x_md.o(.text) refers to entry.o(.ARM.Collect$$$$00000000) for __main
    stm32f10x_flash.o(i.FLASH_EnableWriteProtection) refers to stm32f10x_flash.o(i.FLASH_WaitForLastOperation) for FLASH_WaitForLastOperation
    stm32f10x_flash.o(i.FLASH_EraseAllBank1Pages) refers to stm32f10x_flash.o(i.FLASH_WaitForLastBank1Operation) for FLASH_WaitForLastBank1Operation
    stm32f10x_flash.o(i.FLASH_EraseAllPages) refers to stm32f10x_flash.o(i.FLASH_WaitForLastOperation) for FLASH_WaitForLastOperation
    stm32f10x_flash.o(i.FLASH_EraseOptionBytes) refers to stm32f10x_flash.o(i.FLASH_GetReadOutProtectionStatus) for FLASH_GetReadOutProtectionStatus
    stm32f10x_flash.o(i.FLASH_EraseOptionBytes) refers to stm32f10x_flash.o(i.FLASH_WaitForLastOperation) for FLASH_WaitForLastOperation
    stm32f10x_flash.o(i.FLASH_ErasePage) refers to stm32f10x_flash.o(i.FLASH_WaitForLastOperation) for FLASH_WaitForLastOperation
    stm32f10x_flash.o(i.FLASH_ProgramHalfWord) refers to stm32f10x_flash.o(i.FLASH_WaitForLastOperation) for FLASH_WaitForLastOperation
    stm32f10x_flash.o(i.FLASH_ProgramOptionByteData) refers to stm32f10x_flash.o(i.FLASH_WaitForLastOperation) for FLASH_WaitForLastOperation
    stm32f10x_flash.o(i.FLASH_ProgramWord) refers to stm32f10x_flash.o(i.FLASH_WaitForLastOperation) for FLASH_WaitForLastOperation
    stm32f10x_flash.o(i.FLASH_ReadOutProtection) refers to stm32f10x_flash.o(i.FLASH_WaitForLastOperation) for FLASH_WaitForLastOperation
    stm32f10x_flash.o(i.FLASH_UserOptionByteConfig) refers to stm32f10x_flash.o(i.FLASH_WaitForLastOperation) for FLASH_WaitForLastOperation
    stm32f10x_flash.o(i.FLASH_WaitForLastBank1Operation) refers to stm32f10x_flash.o(i.FLASH_GetBank1Status) for FLASH_GetBank1Status
    stm32f10x_flash.o(i.FLASH_WaitForLastOperation) refers to stm32f10x_flash.o(i.FLASH_GetBank1Status) for FLASH_GetBank1Status
    stm32f10x_gpio.o(i.GPIO_AFIODeInit) refers to stm32f10x_rcc.o(i.RCC_APB2PeriphResetCmd) for RCC_APB2PeriphResetCmd
    stm32f10x_gpio.o(i.GPIO_DeInit) refers to stm32f10x_rcc.o(i.RCC_APB2PeriphResetCmd) for RCC_APB2PeriphResetCmd
    stm32f10x_i2c.o(i.I2C_DeInit) refers to stm32f10x_rcc.o(i.RCC_APB1PeriphResetCmd) for RCC_APB1PeriphResetCmd
    stm32f10x_i2c.o(i.I2C_Init) refers to stm32f10x_rcc.o(i.RCC_GetClocksFreq) for RCC_GetClocksFreq
    stm32f10x_rcc.o(i.RCC_GetClocksFreq) refers to stm32f10x_rcc.o(.data) for APBAHBPrescTable
    stm32f10x_rcc.o(i.RCC_WaitForHSEStartUp) refers to stm32f10x_rcc.o(i.RCC_GetFlagStatus) for RCC_GetFlagStatus
    stm32f10x_rtc.o(i.RTC_SetAlarm) refers to stm32f10x_rtc.o(i.RTC_EnterConfigMode) for RTC_EnterConfigMode
    stm32f10x_rtc.o(i.RTC_SetAlarm) refers to stm32f10x_rtc.o(i.RTC_ExitConfigMode) for RTC_ExitConfigMode
    stm32f10x_rtc.o(i.RTC_SetCounter) refers to stm32f10x_rtc.o(i.RTC_EnterConfigMode) for RTC_EnterConfigMode
    stm32f10x_rtc.o(i.RTC_SetCounter) refers to stm32f10x_rtc.o(i.RTC_ExitConfigMode) for RTC_ExitConfigMode
    stm32f10x_rtc.o(i.RTC_SetPrescaler) refers to stm32f10x_rtc.o(i.RTC_EnterConfigMode) for RTC_EnterConfigMode
    stm32f10x_rtc.o(i.RTC_SetPrescaler) refers to stm32f10x_rtc.o(i.RTC_ExitConfigMode) for RTC_ExitConfigMode
    stm32f10x_spi.o(i.I2S_Init) refers to stm32f10x_rcc.o(i.RCC_GetClocksFreq) for RCC_GetClocksFreq
[...]
    .text                                    0x0800026e   Section        0  uidiv.o(.text)
    .text                                    0x0800029a   Section        0  uldiv.o(.text)
    .text                                    0x080002fc   Section        0  dadd.o(.text)
    .text                                    0x080002fc   Section        0  iusefp.o(.text)
    .text                                    0x0800044a   Section        0  dmul.o(.text)
    .text                                    0x0800052e   Section        0  ddiv.o(.text)
    .text                                    0x0800060c   Section        0  dfixul.o(.text)
    .text                                    0x0800063c   Section       48  cdrcmple.o(.text)
    .text                                    0x0800066c   Section       36  init.o(.text)
    .text                                    0x08000690   Section        0  llshl.o(.text)
    .text                                    0x080006ae   Section        0  llushr.o(.text)
    .text                                    0x080006ce   Section        0  llsshr.o(.text)
    .text                                    0x080006f2   Section        0  depilogue.o(.text)
    .text                                    0x080007ac   Section        0  __dczerorl2.o(.text)
    i.Add_Adminer_FR                         0x08000804   Section        0  as608.o(i.Add_Adminer_FR)
    i.Add_Courier_FR                         0x080008ec   Section        0  as608.o(i.Add_Courier_FR)
    i.AppTaskCreate                          0x080009d4   Section        0  main.o(i.AppTaskCreate)
    AppTaskCreate                            0x080009d5   Thumb Code   232  main.o(i.AppTaskCreate)
    i.BSP_Init                               0x08000b5c   Section        0  main.o(i.BSP_Init)
    BSP_Init                                 0x08000b5d   Thumb Code    36  main.o(i.BSP_Init)
    i.BusFault_Handler                       0x08000b80   Section        0  stm32f10x_it.o(i.BusFault_Handler)
    i.CLR_Buf1                               0x08000b84   Section        0  sim800c.o(i.CLR_Buf1)
    i.DebugMon_Handler                       0x08000ba8   Section        0  stm32f10x_it.o(i.DebugMon_Handler)
    i.Find                                   0x08000bac   Section        0  sim800c.o(i.Find)
    i.GPIO_Init                              0x08000bc8   Section        0  stm32f10x_gpio.o(i.GPIO_Init)
    i.GPIO_ResetBits                         0x08000cde   Section        0  stm32f10x_gpio.o(i.GPIO_ResetBits)
    i.GPIO_SetBits                           0x08000ce2   Section        0  stm32f10x_gpio.o(i.GPIO_SetBits)
    i.HardFault_Handler                      0x08000ce6   Section        0  stm32f10x_it.o(i.HardFault_Handler)
    i.JudgeStr                               0x08000cec   Section        0  as608.o(i.JudgeStr)
    JudgeStr                                 0x08000ced   Thumb Code   122  as608.o(i.JudgeStr)
    i.MYUSART_SendData                       0x08000d74   Section        0  as608.o(i.MYUSART_SendData)
    MYUSART_SendData                         0x08000d75   Thumb Code    22  as608.o(i.MYUSART_SendData)
    i.MemManage_Handler                      0x08000d90   Section        0  stm32f10x_it.o(i.MemManage_Handler)
    i.MyTimerCallbackFunction                0x08000d94   Section        0  main.o(i.MyTimerCallbackFunction)
    i.NMI_Handler                            0x08000df8   Section        0  stm32f10x_it.o(i.NMI_Handler)
    i.NVIC_Config                            0x08000dfa   Section        0  nvic.o(i.NVIC_Config)
    i.NVIC_Init                              0x08000e08   Section        0  misc.o(i.NVIC_Init)
    i.NVIC_PriorityGroupConfig               0x08000e78   Section        0  misc.o(i.NVIC_PriorityGroupConfig)
    i.PS_GenChar                             0x08000e8c   Section        0  as608.o(i.PS_GenChar)
    i.PS_GetImage                            0x08000ed2   Section        0  as608.o(i.PS_GetImage)
    i.PS_HighSpeedSearch                     0x08000f0c   Section        0  as608.o(i.PS_HighSpeedSearch)
    i.PS_Match                               0x08000f9c   Section        0  as608.o(i.PS_Match)
    i.PS_RegModel                            0x08000fd6   Section        0  as608.o(i.PS_RegModel)
    i.PS_StoreChar                           0x08001010   Section        0  as608.o(i.PS_StoreChar)
    i.RCC_APB1PeriphClockCmd                 0x08001070   Section        0  stm32f10x_rcc.o(i.RCC_APB1PeriphClockCmd)
    i.RCC_APB1PeriphResetCmd                 0x08001090   Section        0  stm32f10x_rcc.o(i.RCC_APB1PeriphResetCmd)
    i.RCC_APB2PeriphClockCmd                 0x080010b0   Section        0  stm32f10x_rcc.o(i.RCC_APB2PeriphClockCmd)
    i.RCC_APB2PeriphResetCmd                 0x080010d0   Section        0  stm32f10x_rcc.o(i.RCC_APB2PeriphResetCmd)
    i.RCC_GetClocksFreq                      0x080010f0   Section        0  stm32f10x_rcc.o(i.RCC_GetClocksFreq)
    i.Second_AT_Command                      0x080011c4   Section        0  sim800c.o(i.Second_AT_Command)
    i.SendAddr                               0x08001240   Section        0  as608.o(i.SendAddr)
    SendAddr                                 0x08001241   Thumb Code    46  as608.o(i.SendAddr)
    i.SendCheck                              0x08001274   Section        0  as608.o(i.SendCheck)
    SendCheck                                0x08001275   Thumb Code    18  as608.o(i.SendCheck)
    i.SendFlag                               0x08001286   Section        0  as608.o(i.SendFlag)
    SendFlag                                 0x08001287   Thumb Code    12  as608.o(i.SendFlag)
    i.SendHead                               0x08001292   Section        0  as608.o(i.SendHead)
    SendHead                                 0x08001293   Thumb Code    16  as608.o(i.SendHead)
    i.SendLength                             0x080012a2   Section        0  as608.o(i.SendLength)
    SendLength                               0x080012a3   Thumb Code    20  as608.o(i.SendLength)
    i.Send_Text_Sms                          0x080012b8   Section        0  sim800c.o(i.Send_Text_Sms)
    i.Sendcmd                                0x08001324   Section        0  as608.o(i.Sendcmd)
    Sendcmd                                  0x08001325   Thumb Code    12  as608.o(i.Sendcmd)
    i.SetSysClock                            0x08001330   Section        0  system_stm32f10x.o(i.SetSysClock)
    SetSysClock                              0x08001331   Thumb Code     8  system_stm32f10x.o(i.SetSysClock)
    i.SetSysClockTo72                        0x08001338   Section        0  system_stm32f10x.o(i.SetSysClockTo72)
    SetSysClockTo72                          0x08001339   Thumb Code   214  system_stm32f10x.o(i.SetSysClockTo72)
    i.Set_Text_Mode                          0x08001418   Section        0  sim800c.o(i.Set_Text_Mode)
    i.SysTick_CLKSourceConfig                0x0800146c   Section        0  misc.o(i.SysTick_CLKSourceConfig)
    i.SysTick_Handler                        0x08001494   Section        0  stm32f10x_it.o(i.SysTick_Handler)
    i.SystemInit                             0x080014a4   Section        0  system_stm32f10x.o(i.SystemInit)
    i.TIM3_IRQHandler                        0x08001504   Section        0  tim3.o(i.TIM3_IRQHandler)
    i.TIM3_Int_Init                          0x08001538   Section        0  tim3.o(i.TIM3_Int_Init)
    i.TIM_ClearITPendingBit                  0x08001598   Section        0  stm32f10x_tim.o(i.TIM_ClearITPendingBit)
    i.TIM_Cmd                                0x0800159e   Section        0  stm32f10x_tim.o(i.TIM_Cmd)
    i.TIM_GetITStatus                        0x080015b6   Section        0  stm32f10x_tim.o(i.TIM_GetITStatus)
    i.TIM_ITConfig                           0x080015d8   Section        0  stm32f10x_tim.o(i.TIM_ITConfig)
    i.TIM_SetCounter                         0x080015ea   Section        0  stm32f10x_tim.o(i.TIM_SetCounter)
    i.TIM_TimeBaseInit                       0x080015f0   Section        0  stm32f10x_tim.o(i.TIM_TimeBaseInit)
    i.Task_Fingerprint                       0x08001694   Section        0  main.o(i.Task_Fingerprint)
    Task_Fingerprint                         0x08001695   Thumb Code   480  main.o(i.Task_Fingerprint)
    i.Task_Message                           0x08001978   Section        0  main.o(i.Task_Message)
    Task_Message                             0x08001979   Thumb Code   618  main.o(i.Task_Message)
    i.Task_UsartScreen                       0x08001c50   Section        0  main.o(i.Task_UsartScreen)
    Task_UsartScreen                         0x08001c51   Thumb Code  1472  main.o(i.Task_UsartScreen)
    i.Task_Waiting_Network                   0x08002268   Section        0  main.o(i.Task_Waiting_Network)
    i.UART1_SendString                       0x080022fc   Section        0  usart1.o(i.UART1_SendString)
    i.USART1_IRQHandler                      0x08002328   Section        0  usart1.o(i.USART1_IRQHandler)
    i.USART2_IRQHandler                      0x08002374   Section        0  usart2.o(i.USART2_IRQHandler)
    i.USART3_IRQHandler                      0x080023b4   Section        0  usart3.o(i.USART3_IRQHandler)
    i.USART_ClearITPendingBit                0x08002424   Section        0  stm32f10x_usart.o(i.USART_ClearITPendingBit)
    i.USART_Cmd                              0x08002442   Section        0  stm32f10x_usart.o(i.USART_Cmd)
    i.USART_DeInit                           0x0800245c   Section        0  stm32f10x_usart.o(i.USART_DeInit)
    i.USART_GetFlagStatus                    0x080024f8   Section        0  stm32f10x_usart.o(i.USART_GetFlagStatus)
    i.USART_GetITStatus                      0x08002512   Section        0  stm32f10x_usart.o(i.USART_GetITStatus)
    i.USART_ITConfig                         0x08002566   Section        0  stm32f10x_usart.o(i.USART_ITConfig)
    i.USART_Init                             0x080025b0   Section        0  stm32f10x_usart.o(i.USART_Init)
    i.USART_ReceiveData                      0x08002688   Section        0  stm32f10x_usart.o(i.USART_ReceiveData)
    i.USART_SendData                         0x08002692   Section        0  stm32f10x_usart.o(i.USART_SendData)
    i.Uart2SendTjcScreen                     0x0800269c   Section        0  usart2.o(i.Uart2SendTjcScreen)
    i.UsageFault_Handler                     0x080026f0   Section        0  stm32f10x_it.o(i.UsageFault_Handler)
    i.Usart1_Init                            0x080026f4   Section        0  usart1.o(i.Usart1_Init)
    i.Usart1_SendByte                        0x0800279c   Section        0  usart1.o(i.Usart1_SendByte)
    i.Usart2_Init                            0x080027bc   Section        0  usart2.o(i.Usart2_Init)
    i.Usart3_Init                            0x08002860   Section        0  usart3.o(i.Usart3_Init)
    i.Wait_CREG                              0x08002930   Section        0  sim800c.o(i.Wait_CREG)
    i.__0printf                              0x080029a0   Section        0  printfa.o(i.__0printf)
    i.__0sprintf                             0x080029c0   Section        0  printfa.o(i.__0sprintf)
    i.__scatterload_copy                     0x080029e8   Section       14  handlers.o(i.__scatterload_copy)
    i.__scatterload_null                     0x080029f6   Section        2  handlers.o(i.__scatterload_null)
    i.__scatterload_zeroinit                 0x080029f8   Section       14  handlers.o(i.__scatterload_zeroinit)
    i._fp_digits                             0x08002a08   Section        0  printfa.o(i._fp_digits)
    _fp_digits                               0x08002a09   Thumb Code   366  printfa.o(i._fp_digits)
    i._printf_core                           0x08002b8c   Section        0  printfa.o(i._printf_core)
    _printf_core                             0x08002b8d   Thumb Code  1704  printfa.o(i._printf_core)
    i._printf_post_padding                   0x08003240   Section        0  printfa.o(i._printf_post_padding)
    _printf_post_padding                     0x08003241   Thumb Code    36  printfa.o(i._printf_post_padding)
    i._printf_pre_padding                    0x08003264   Section        0  printfa.o(i._printf_pre_padding)
    _printf_pre_padding                      0x08003265   Thumb Code    46  printfa.o(i._printf_pre_padding)
    i._sputc                                 0x08003292   Section        0  printfa.o(i._sputc)
    _sputc                                   0x08003293   Thumb Code    10  printfa.o(i._sputc)
    i.delay_init                             0x0800329c   Section        0  delay.o(i.delay_init)
    i.delay_ms                               0x080032e0   Section        0  delay.o(i.delay_ms)
    i.fputc                                  0x0800332c   Section        0  usart1.o(i.fputc)
    i.main                                   0x08003350   Section        0  main.o(i.main)
    i.prvAddCurrentTaskToDelayedList         0x080033e0   Section        0  tasks.o(i.prvAddCurrentTaskToDelayedList)
    prvAddCurrentTaskToDelayedList           0x080033e1   Thumb Code   124  tasks.o(i.prvAddCurrentTaskToDelayedList)
    i.prvAddNewTaskToReadyList               0x08003478   Section        0  tasks.o(i.prvAddNewTaskToReadyList)
    prvAddNewTaskToReadyList                 0x08003479   Thumb Code   150  tasks.o(i.prvAddNewTaskToReadyList)
    i.prvCheckForValidListAndQueue           0x0800352c   Section        0  timers.o(i.prvCheckForValidListAndQueue)
    prvCheckForValidListAndQueue             0x0800352d   Thumb Code    72  timers.o(i.prvCheckForValidListAndQueue)
    i.prvCheckTasksWaitingTermination        0x08003590   Section        0  tasks.o(i.prvCheckTasksWaitingTermination)
    prvCheckTasksWaitingTermination          0x08003591   Thumb Code    86  tasks.o(i.prvCheckTasksWaitingTermination)
    i.prvCopyDataFromQueue                   0x080035f4   Section        0  queue.o(i.prvCopyDataFromQueue)
    prvCopyDataFromQueue                     0x080035f5   Thumb Code    42  queue.o(i.prvCopyDataFromQueue)
    i.prvCopyDataToQueue                     0x0800361e   Section        0  queue.o(i.prvCopyDataToQueue)
    prvCopyDataToQueue                       0x0800361f   Thumb Code   106  queue.o(i.prvCopyDataToQueue)
    i.prvDeleteTCB                           0x08003688   Section        0  tasks.o(i.prvDeleteTCB)
    prvDeleteTCB                             0x08003689   Thumb Code    18  tasks.o(i.prvDeleteTCB)
    i.prvGetNextExpireTime                   0x0800369c   Section        0  timers.o(i.prvGetNextExpireTime)
    prvGetNextExpireTime                     0x0800369d   Thumb Code    36  timers.o(i.prvGetNextExpireTime)
    i.prvHeapInit                            0x080036c4   Section        0  heap_4.o(i.prvHeapInit)
    prvHeapInit                              0x080036c5   Thumb Code    98  heap_4.o(i.prvHeapInit)
    i.prvIdleTask                            0x08003740   Section        0  tasks.o(i.prvIdleTask)
    prvIdleTask                              0x08003741   Thumb Code    32  tasks.o(i.prvIdleTask)
    i.prvInitialiseNewQueue                  0x08003768   Section        0  queue.o(i.prvInitialiseNewQueue)
    prvInitialiseNewQueue                    0x08003769   Thumb Code    38  queue.o(i.prvInitialiseNewQueue)
    i.prvInitialiseNewTask                   0x08003790   Section        0  tasks.o(i.prvInitialiseNewTask)
    prvInitialiseNewTask                     0x08003791   Thumb Code   154  tasks.o(i.prvInitialiseNewTask)
    i.prvInitialiseNewTimer                  0x08003850   Section        0  timers.o(i.prvInitialiseNewTimer)
    prvInitialiseNewTimer                    0x08003851   Thumb Code    68  timers.o(i.prvInitialiseNewTimer)
    i.prvInitialiseTaskLists                 0x080038bc   Section        0  tasks.o(i.prvInitialiseTaskLists)
    prvInitialiseTaskLists                   0x080038bd   Thumb Code    70  tasks.o(i.prvInitialiseTaskLists)
    i.prvInsertBlockIntoFreeList             0x08003924   Section        0  heap_4.o(i.prvInsertBlockIntoFreeList)
    prvInsertBlockIntoFreeList               0x08003925   Thumb Code    96  heap_4.o(i.prvInsertBlockIntoFreeList)
    i.prvInsertTimerInActiveList             0x0800398c   Section        0  timers.o(i.prvInsertTimerInActiveList)
    prvInsertTimerInActiveList               0x0800398d   Thumb Code    80  timers.o(i.prvInsertTimerInActiveList)
    i.prvIsQueueEmpty                        0x080039e4   Section        0  queue.o(i.prvIsQueueEmpty)
    prvIsQueueEmpty                          0x080039e5   Thumb Code    26  queue.o(i.prvIsQueueEmpty)
    i.prvIsQueueFull                         0x080039fe   Section        0  queue.o(i.prvIsQueueFull)
    prvIsQueueFull                           0x080039ff   Thumb Code    30  queue.o(i.prvIsQueueFull)
    i.prvProcessExpiredTimer                 0x08003a1c   Section        0  timers.o(i.prvProcessExpiredTimer)
    prvProcessExpiredTimer                   0x08003a1d   Thumb Code    84  timers.o(i.prvProcessExpiredTimer)
    i.prvProcessReceivedCommands             0x08003a9c   Section        0  timers.o(i.prvProcessReceivedCommands)
    prvProcessReceivedCommands               0x08003a9d   Thumb Code   222  timers.o(i.prvProcessReceivedCommands)
    i.prvProcessTimerOrBlockTask             0x08003ba8   Section        0  timers.o(i.prvProcessTimerOrBlockTask)
    prvProcessTimerOrBlockTask               0x08003ba9   Thumb Code   102  timers.o(i.prvProcessTimerOrBlockTask)
    i.prvResetNextTaskUnblockTime            0x08003c1c   Section        0  tasks.o(i.prvResetNextTaskUnblockTime)
    prvResetNextTaskUnblockTime              0x08003c1d   Thumb Code    42  tasks.o(i.prvResetNextTaskUnblockTime)
    i.prvSampleTimeNow                       0x08003c50   Section        0  timers.o(i.prvSampleTimeNow)
    prvSampleTimeNow                         0x08003c51   Thumb Code    40  timers.o(i.prvSampleTimeNow)
    i.prvSwitchTimerLists                    0x08003c7c   Section        0  timers.o(i.prvSwitchTimerLists)
    prvSwitchTimerLists                      0x08003c7d   Thumb Code   140  timers.o(i.prvSwitchTimerLists)
    i.prvTaskExitError                       0x08003d38   Section        0  port.o(i.prvTaskExitError)
    prvTaskExitError                         0x08003d39   Thumb Code    48  port.o(i.prvTaskExitError)
    i.prvTestWaitCondition                   0x08003da0   Section        0  event_groups.o(i.prvTestWaitCondition)
    prvTestWaitCondition                     0x08003da1   Thumb Code    30  event_groups.o(i.prvTestWaitCondition)
    i.prvTimerTask                           0x08003dbe   Section        0  timers.o(i.prvTimerTask)
    prvTimerTask                             0x08003dbf   Thumb Code    26  timers.o(i.prvTimerTask)
    i.prvUnlockQueue                         0x08003dd8   Section        0  queue.o(i.prvUnlockQueue)
    prvUnlockQueue                           0x08003dd9   Thumb Code   126  queue.o(i.prvUnlockQueue)
    i.pvPortMalloc                           0x08003e58   Section        0  heap_4.o(i.pvPortMalloc)
    i.pxPortInitialiseStack                  0x08003fa4   Section        0  port.o(i.pxPortInitialiseStack)
    i.usart2_SendString                      0x08003fc8   Section        0  usart2.o(i.usart2_SendString)
    i.uxListRemove                           0x08003ffc   Section        0  list.o(i.uxListRemove)
    i.uxTaskResetEventItemValue              0x08004024   Section        0  tasks.o(i.uxTaskResetEventItemValue)
    i.vListInitialise                        0x08004040   Section        0  list.o(i.vListInitialise)
    i.vListInitialiseItem                    0x0800405a   Section        0  list.o(i.vListInitialiseItem)
    i.vListInsert                            0x08004060   Section        0  list.o(i.vListInsert)
    i.vListInsertEnd                         0x08004094   Section        0  list.o(i.vListInsertEnd)
    i.vPortEnterCritical                     0x080040ac   Section        0  port.o(i.vPortEnterCritical)
    i.vPortExitCritical                      0x0800412c   Section        0  port.o(i.vPortExitCritical)
    i.vPortFree                              0x08004194   Section        0  heap_4.o(i.vPortFree)
    i.vPortSetupTimerInterrupt               0x08004244   Section        0  port.o(i.vPortSetupTimerInterrupt)
    i.vPortValidateInterruptPriority         0x08004264   Section        0  port.o(i.vPortValidateInterruptPriority)
    i.vQueueAddToRegistry                    0x080042fc   Section        0  queue.o(i.vQueueAddToRegistry)
    i.vQueueWaitForMessageRestricted         0x08004328   Section        0  queue.o(i.vQueueWaitForMessageRestricted)
    i.vTaskDelay                             0x08004374   Section        0  tasks.o(i.vTaskDelay)
    i.vTaskDelete                            0x080043e8   Section        0  tasks.o(i.vTaskDelete)
    i.vTaskMissedYield                       0x080044f4   Section        0  tasks.o(i.vTaskMissedYield)
    i.vTaskPlaceOnEventList                  0x08004500   Section        0  tasks.o(i.vTaskPlaceOnEventList)
    i.vTaskPlaceOnEventListRestricted        0x08004554   Section        0  tasks.o(i.vTaskPlaceOnEventListRestricted)
    i.vTaskPlaceOnUnorderedEventList         0x080045b0   Section        0  tasks.o(i.vTaskPlaceOnUnorderedEventList)
    i.vTaskSetTimeOutState                   0x0800462c   Section        0  tasks.o(i.vTaskSetTimeOutState)
    i.vTaskStartScheduler                    0x08004678   Section        0  tasks.o(i.vTaskStartScheduler)
    i.vTaskSuspendAll                        0x08004724   Section        0  tasks.o(i.vTaskSuspendAll)
    i.vTaskSwitchContext                     0x08004734   Section        0  tasks.o(i.vTaskSwitchContext)
    i.xEventGroupClearBits                   0x080047dc   Section        0  event_groups.o(i.xEventGroupClearBits)
    i.xEventGroupCreate                      0x08004850   Section        0  event_groups.o(i.xEventGroupCreate)
    i.xEventGroupSetBits                     0x0800486c   Section        0  event_groups.o(i.xEventGroupSetBits)
    i.xEventGroupWaitBits                    0x08004954   Section        0  event_groups.o(i.xEventGroupWaitBits)
    i.xPortStartScheduler                    0x08004aac   Section        0  port.o(i.xPortStartScheduler)
    i.xPortSysTickHandler                    0x08004b4c   Section        0  port.o(i.xPortSysTickHandler)
    i.xQueueGenericCreate                    0x08004b80   Section        0  queue.o(i.xQueueGenericCreate)
    i.xQueueGenericReceive                   0x08004bf4   Section        0  queue.o(i.xQueueGenericReceive)
    i.xQueueGenericReset                     0x08004da0   Section        0  queue.o(i.xQueueGenericReset)
    i.xQueueGenericSend                      0x08004e50   Section        0  queue.o(i.xQueueGenericSend)
    i.xQueueGenericSendFromISR               0x08004ff4   Section        0  queue.o(i.xQueueGenericSendFromISR)
    i.xTaskCheckForTimeOut                   0x080050f4   Section        0  tasks.o(i.xTaskCheckForTimeOut)
    i.xTaskCreate                            0x08005194   Section        0  tasks.o(i.xTaskCreate)
    i.xTaskGenericNotify                     0x080051f4   Section        0  tasks.o(i.xTaskGenericNotify)
    i.xTaskGetSchedulerState                 0x08005308   Section        0  tasks.o(i.xTaskGetSchedulerState)
    i.xTaskGetTickCount                      0x08005328   Section        0  tasks.o(i.xTaskGetTickCount)
    i.xTaskIncrementTick                     0x08005334   Section        0  tasks.o(i.xTaskIncrementTick)
    i.xTaskNotifyWait                        0x08005494   Section        0  tasks.o(i.xTaskNotifyWait)
    i.xTaskRemoveFromEventList               0x08005534   Section        0  tasks.o(i.xTaskRemoveFromEventList)
    i.xTaskRemoveFromUnorderedEventList      0x080055e8   Section        0  tasks.o(i.xTaskRemoveFromUnorderedEventList)
    i.xTaskResumeAll                         0x080056a8   Section        0  tasks.o(i.xTaskResumeAll)
    i.xTimerCreate                           0x080057c8   Section        0  timers.o(i.xTimerCreate)
    i.xTimerCreateTimerTask                  0x080057f8   Section        0  timers.o(i.xTimerCreateTimerTask)
    i.xTimerGenericCommand                   0x0800586c   Section        0  timers.o(i.xTimerGenericCommand)
    .constdata                               0x0800590c   Section       50  sim800c.o(.constdata)
    .conststring                             0x08005940   Section       98  main.o(.conststring)
    .data                                    0x20000000   Section       20  stm32f10x_rcc.o(.data)
    APBAHBPrescTable                         0x20000000   Data          16  stm32f10x_rcc.o(.data)
    ADCPrescTable                            0x20000010   Data           4  stm32f10x_rcc.o(.data)
    .data                                    0x20000014   Section       20  system_stm32f10x.o(.data)
    .data                                    0x20000028   Section      125  main.o(.data)
    Ark1_UseNum                              0x20000080   Data           1  main.o(.data)
    Ark2_UseNum                              0x20000081   Data           1  main.o(.data)
    Ark3_UseNum                              0x20000082   Data           1  main.o(.data)
    Ark4_UseNum                              0x20000083   Data           1  main.o(.data)
    Ark1_PickupCode                          0x20000084   Data           6  main.o(.data)
    Ark2_PickupCode                          0x2000008a   Data           6  main.o(.data)
    Ark3_PickupCode                          0x20000090   Data           6  main.o(.data)
    Ark4_PickupCode                          0x20000096   Data           6  main.o(.data)
    InputPickupCode                          0x2000009c   Data           6  main.o(.data)
    WaitHour                                 0x200000a2   Data           1  main.o(.data)
    TimeCnt                                  0x200000a3   Data           1  main.o(.data)
    Sec                                      0x200000a4   Data           1  main.o(.data)
    .data                                    0x200000a6   Section        4  delay.o(.data)
    fac_us                                   0x200000a6   Data           1  delay.o(.data)
    fac_ms                                   0x200000a8   Data           2  delay.o(.data)
    .data                                    0x200000aa   Section        2  usart3.o(.data)
    .data                                    0x200000ac   Section       10  as608.o(.data)
    .data                                    0x200000b6   Section        1  usart2.o(.data)
    .data                                    0x200000b7   Section       54  sim800c.o(.data)
    .data                                    0x200000f0   Section       60  tasks.o(.data)
    pxDelayedTaskList                        0x200000f4   Data           4  tasks.o(.data)
    pxOverflowDelayedTaskList                0x200000f8   Data           4  tasks.o(.data)
    uxDeletedTasksWaitingCleanUp             0x200000fc   Data           4  tasks.o(.data)
    uxCurrentNumberOfTasks                   0x20000100   Data           4  tasks.o(.data)
    xTickCount                               0x20000104   Data           4  tasks.o(.data)
    uxTopReadyPriority                       0x20000108   Data           4  tasks.o(.data)
    xSchedulerRunning                        0x2000010c   Data           4  tasks.o(.data)
    uxPendedTicks                            0x20000110   Data           4  tasks.o(.data)
    xYieldPending                            0x20000114   Data           4  tasks.o(.data)
    xNumOfOverflows                          0x20000118   Data           4  tasks.o(.data)
    uxTaskNumber                             0x2000011c   Data           4  tasks.o(.data)
    xNextTaskUnblockTime                     0x20000120   Data           4  tasks.o(.data)
    xIdleTaskHandle                          0x20000124   Data           4  tasks.o(.data)
    uxSchedulerSuspended                     0x20000128   Data           4  tasks.o(.data)
    .data                                    0x2000012c   Section       20  timers.o(.data)
    pxCurrentTimerList                       0x2000012c   Data           4  timers.o(.data)
    pxOverflowTimerList                      0x20000130   Data           4  timers.o(.data)
    xTimerQueue                              0x20000134   Data           4  timers.o(.data)
    xTimerTaskHandle                         0x20000138   Data           4  timers.o(.data)
    xLastTime                                0x2000013c   Data           4  timers.o(.data)
    .data                                    0x20000140   Section       24  heap_4.o(.data)
    xStart                                   0x20000140   Data           8  heap_4.o(.data)
    pxEnd                                    0x20000148   Data           4  heap_4.o(.data)
    xFreeBytesRemaining                      0x2000014c   Data           4  heap_4.o(.data)
    xMinimumEverFreeBytesRemaining           0x20000150   Data           4  heap_4.o(.data)
    xBlockAllocatedBit                       0x20000154   Data           4  heap_4.o(.data)
    .data                                    0x20000158   Section       12  port.o(.data)
    uxCriticalNesting                        0x20000158   Data           4  port.o(.data)
    ucMaxSysCallPriority                     0x2000015c   Data           1  port.o(.data)
    ulMaxPRIGROUPValue                       0x20000160   Data           4  port.o(.data)
    .data                                    0x20000164   Section        4  stdout.o(.data)
    .bss                                     0x20000168   Section       31  main.o(.bss)
    Ark_phone                                0x2000017c   Data          11  main.o(.bss)
    .bss                                     0x20000187   Section      800  usart3.o(.bss)
    .bss                                     0x200004a7   Section      100  usart1.o(.bss)
    .bss                                     0x2000050b   Section      100  usart2.o(.bss)
    .bss                                     0x20000570   Section       80  queue.o(.bss)
    .bss                                     0x200005c0   Section      420  tasks.o(.bss)
    pxReadyTasksLists                        0x200005c0   Data         320  tasks.o(.bss)
    xDelayedTaskList1                        0x20000700   Data          20  tasks.o(.bss)
    xDelayedTaskList2                        0x20000714   Data          20  tasks.o(.bss)
    xPendingReadyList                        0x20000728   Data          20  tasks.o(.bss)
    xTasksWaitingTermination                 0x2000073c   Data          20  tasks.o(.bss)
    xSuspendedTaskList                       0x20000750   Data          20  tasks.o(.bss)
    .bss                                     0x20000764   Section       40  timers.o(.bss)
    xActiveTimerList1                        0x20000764   Data          20  timers.o(.bss)
    xActiveTimerList2                        0x20000778   Data          20  timers.o(.bss)
    .bss                                     0x2000078c   Section    12288  heap_4.o(.bss)
    ucHeap                                   0x2000078c   Data       12288  heap_4.o(.bss)
    STACK                                    0x20003790   Section     1024  startup_stm32f10x_md.o(STACK)

    Global Symbols

    Symbol Name                              Value     Ov Type        Size  Object(Section)

    BuildAttributes$$THM_ISAv4$P$D$K$B$S$PE$A:L22UL41UL21$X:L11$S22US41US21$IEEE1$IW$USESV6$~STKCKD$USESV7$~SHL$OSPACE$ROPI$EBA8$MICROLIB$REQ8$PRES8$EABIv2 0x00000000   Number         0  anon$$obj.o ABSOLUTE
    __ARM_use_no_argv                        0x00000000   Number         0  main.o ABSOLUTE
    _printf_a                                0x00000000   Number         0  stubs.o ABSOLUTE
    _printf_c                                0x00000000   Number         0  stubs.o ABSOLUTE
    _printf_charcount                        0x00000000   Number         0  stubs.o ABSOLUTE
    _printf_d                                0x00000000   Number         0  stubs.o ABSOLUTE
    _printf_e                                0x00000000   Number         0  stubs.o ABSOLUTE
    _printf_f                                0x00000000   Number         0  stubs.o ABSOLUTE
    _printf_flags                            0x00000000   Number         0  stubs.o ABSOLUTE
    _printf_fp_dec                           0x00000000   Number         0  stubs.o ABSOLUTE
    _printf_fp_hex                           0x00000000   Number         0  stubs.o ABSOLUTE
    _printf_g                                0x00000000   Number         0  stubs.o ABSOLUTE
    _printf_i                                0x00000000   Number         0  stubs.o ABSOLUTE
    _printf_int_dec                          0x00000000   Number         0  stubs.o ABSOLUTE
    _printf_l                                0x00000000   Number         0  stubs.o ABSOLUTE
    _printf_lc                               0x00000000   Number         0  stubs.o ABSOLUTE
    _printf_ll                               0x00000000   Number         0  stubs.o ABSOLUTE
    _printf_lld                              0x00000000   Number         0  stubs.o ABSOLUTE
    _printf_lli                              0x00000000   Number         0  stubs.o ABSOLUTE
    _printf_llo                              0x00000000   Number         0  stubs.o ABSOLUTE
    _printf_llu                              0x00000000   Number         0  stubs.o ABSOLUTE
    _printf_llx                              0x00000000   Number         0  stubs.o ABSOLUTE
    _printf_longlong_dec                     0x00000000   Number         0  stubs.o ABSOLUTE
    _printf_longlong_hex                     0x00000000   Number         0  stubs.o ABSOLUTE
    _printf_longlong_oct                     0x00000000   Number         0  stubs.o ABSOLUTE
    _printf_ls                               0x00000000   Number         0  stubs.o ABSOLUTE
    _printf_mbtowc                           0x00000000   Number         0  stubs.o ABSOLUTE
    _printf_n                                0x00000000   Number         0  stubs.o ABSOLUTE
    _printf_o                                0x00000000   Number         0  stubs.o ABSOLUTE
    _printf_p                                0x00000000   Number         0  stubs.o ABSOLUTE
    _printf_percent                          0x00000000   Number         0  stubs.o ABSOLUTE
    _printf_pre_padding                      0x00000000   Number         0  stubs.o ABSOLUTE
    _printf_return_value                     0x00000000   Number         0  stubs.o ABSOLUTE
    _printf_s                                0x00000000   Number         0  stubs.o ABSOLUTE
    _printf_sizespec                         0x00000000   Number         0  stubs.o ABSOLUTE
    _printf_str                              0x00000000   Number         0  stubs.o ABSOLUTE
    _printf_truncate_signed                  0x00000000   Number         0  stubs.o ABSOLUTE
    _printf_truncate_unsigned                0x00000000   Number         0  stubs.o ABSOLUTE
    _printf_u                                0x00000000   Number         0  stubs.o ABSOLUTE
    _printf_wc                               0x00000000   Number         0  stubs.o ABSOLUTE
    _printf_wctomb                           0x00000000   Number         0  stubs.o ABSOLUTE
    _printf_widthprec                        0x00000000   Number         0  stubs.o ABSOLUTE
    _printf_x                                0x00000000   Number         0  stubs.o ABSOLUTE
    __arm_fini_                               - Undefined Weak Reference
    __cpp_initialize__aeabi_                  - Undefined Weak Reference
    __cxa_finalize                            - Undefined Weak Reference
    _clock_init                               - Undefined Weak Reference
    _microlib_exit                            - Undefined Weak Reference
    __Vectors_Size                           0x000000ec   Number         0  startup_stm32f10x_md.o ABSOLUTE
    __Vectors                                0x08000000   Data           4  startup_stm32f10x_md.o(RESET)
    __Vectors_End                            0x080000ec   Data           0  startup_stm32f10x_md.o(RESET)
    __main                                   0x080000ed   Thumb Code     0  entry.o(.ARM.Collect$$$$00000000)
    _main_stk                                0x080000ed   Thumb Code     0  entry2.o(.ARM.Collect$$$$00000001)
    _main_scatterload                        0x080000f1   Thumb Code     0  entry5.o(.ARM.Collect$$$$00000004)
    __main_after_scatterload                 0x080000f5   Thumb Code     0  entry5.o(.ARM.Collect$$$$00000004)
    _main_clock                              0x080000f5   Thumb Code     0  entry7b.o(.ARM.Collect$$$$00000008)
    _main_cpp_init                           0x080000f5   Thumb Code     0  entry8b.o(.ARM.Collect$$$$0000000A)
    _main_init                               0x080000f5   Thumb Code     0  entry9a.o(.ARM.Collect$$$$0000000B)
    __rt_lib_shutdown_fini                   0x080000fd   Thumb Code     0  entry12b.o(.ARM.Collect$$$$0000000E)
    __rt_final_cpp                           0x08000101   Thumb Code     0  entry10a.o(.ARM.Collect$$$$0000000F)
    __rt_final_exit                          0x08000101   Thumb Code     0  entry11a.o(.ARM.Collect$$$$00000011)
    SVC_Handler                              0x08000105   Thumb Code    32  port.o(.emb_text)
    __asm___6_port_c_39a90d8d__prvStartFirstTask 0x08000129   Thumb Code    28  port.o(.emb_text)
    PendSV_Handler                           0x08000149   Thumb Code    72  port.o(.emb_text)
    vPortGetIPSR                             0x08000195   Thumb Code     6  port.o(.emb_text)
    Reset_Handler                            0x0800019d   Thumb Code     8  startup_stm32f10x_md.o(.text)
    ADC1_2_IRQHandler                        0x080001b7   Thumb Code     0  startup_stm32f10x_md.o(.text)
    CAN1_RX1_IRQHandler                      0x080001b7   Thumb Code     0  startup_stm32f10x_md.o(.text)
    CAN1_SCE_IRQHandler                      0x080001b7   Thumb Code     0  startup_stm32f10x_md.o(.text)
    DMA1_Channel1_IRQHandler                 0x080001b7   Thumb Code     0  startup_stm32f10x_md.o(.text)
    DMA1_Channel2_IRQHandler                 0x080001b7   Thumb Code     0  startup_stm32f10x_md.o(.text)
    DMA1_Channel3_IRQHandler                 0x080001b7   Thumb Code     0  startup_stm32f10x_md.o(.text)
    DMA1_Channel4_IRQHandler                 0x080001b7   Thumb Code     0  startup_stm32f10x_md.o(.text)
    DMA1_Channel5_IRQHandler                 0x080001b7   Thumb Code     0  startup_stm32f10x_md.o(.text)
    DMA1_Channel6_IRQHandler                 0x080001b7   Thumb Code     0  startup_stm32f10x_md.o(.text)
    DMA1_Channel7_IRQHandler                 0x080001b7   Thumb Code     0  startup_stm32f10x_md.o(.text)
    EXTI0_IRQHandler                         0x080001b7   Thumb Code     0  startup_stm32f10x_md.o(.text)
    EXTI15_10_IRQHandler                     0x080001b7   Thumb Code     0  startup_stm32f10x_md.o(.text)
    EXTI1_IRQHandler                         0x080001b7   Thumb Code     0  startup_stm32f10x_md.o(.text)
    EXTI2_IRQHandler                         0x080001b7   Thumb Code     0  startup_stm32f10x_md.o(.text)
    EXTI3_IRQHandler                         0x080001b7   Thumb Code     0  startup_stm32f10x_md.o(.text)
    EXTI4_IRQHandler                         0x080001b7   Thumb Code     0  startup_stm32f10x_md.o(.text)
    EXTI9_5_IRQHandler                       0x080001b7   Thumb Code     0  startup_stm32f10x_md.o(.text)
    FLASH_IRQHandler                         0x080001b7   Thumb Code     0  startup_stm32f10x_md.o(.text)
    I2C1_ER_IRQHandler                       0x080001b7   Thumb Code     0  startup_stm32f10x_md.o(.text)
    I2C1_EV_IRQHandler                       0x080001b7   Thumb Code     0  startup_stm32f10x_md.o(.text)
    I2C2_ER_IRQHandler                       0x080001b7   Thumb Code     0  startup_stm32f10x_md.o(.text)
    I2C2_EV_IRQHandler                       0x080001b7   Thumb Code     0  startup_stm32f10x_md.o(.text)
    PVD_IRQHandler                           0x080001b7   Thumb Code     0  startup_stm32f10x_md.o(.text)
    RCC_IRQHandler                           0x080001b7   Thumb Code     0  startup_stm32f10x_md.o(.text)
    RTCAlarm_IRQHandler                      0x080001b7   Thumb Code     0  startup_stm32f10x_md.o(.text)
    RTC_IRQHandler                           0x080001b7   Thumb Code     0  startup_stm32f10x_md.o(.text)
    SPI1_IRQHandler                          0x080001b7   Thumb Code     0  startup_stm32f10x_md.o(.text)
    SPI2_IRQHandler                          0x080001b7   Thumb Code     0  startup_stm32f10x_md.o(.text)
    TAMPER_IRQHandler                        0x080001b7   Thumb Code     0  startup_stm32f10x_md.o(.text)
    TIM1_BRK_IRQHandler                      0x080001b7   Thumb Code     0  startup_stm32f10x_md.o(.text)
    TIM1_CC_IRQHandler                       0x080001b7   Thumb Code     0  startup_stm32f10x_md.o(.text)
    TIM1_TRG_COM_IRQHandler                  0x080001b7   Thumb Code     0  startup_stm32f10x_md.o(.text)
    TIM1_UP_IRQHandler                       0x080001b7   Thumb Code     0  startup_stm32f10x_md.o(.text)
    TIM2_IRQHandler                          0x080001b7   Thumb Code     0  startup_stm32f10x_md.o(.text)
    TIM4_IRQHandler                          0x080001b7   Thumb Code     0  startup_stm32f10x_md.o(.text)
    USBWakeUp_IRQHandler                     0x080001b7   Thumb Code     0  startup_stm32f10x_md.o(.text)
    USB_HP_CAN1_TX_IRQHandler                0x080001b7   Thumb Code     0  startup_stm32f10x_md.o(.text)
    USB_LP_CAN1_RX0_IRQHandler               0x080001b7   Thumb Code     0  startup_stm32f10x_md.o(.text)
    WWDG_IRQHandler                          0x080001b7   Thumb Code     0  startup_stm32f10x_md.o(.text)
    __aeabi_memcpy                           0x080001c1   Thumb Code    36  memcpya.o(.text)
    __aeabi_memcpy4                          0x080001c1   Thumb Code     0  memcpya.o(.text)
    __aeabi_memcpy8                          0x080001c1   Thumb Code     0  memcpya.o(.text)
    __aeabi_memset                           0x080001e5   Thumb Code    14  memseta.o(.text)
    __aeabi_memset4                          0x080001e5   Thumb Code     0  memseta.o(.text)
    __aeabi_memset8                          0x080001e5   Thumb Code     0  memseta.o(.text)
    __aeabi_memclr                           0x080001f3   Thumb Code     4  memseta.o(.text)
    __aeabi_memclr4                          0x080001f3   Thumb Code     0  memseta.o(.text)
    __aeabi_memclr8                          0x080001f3   Thumb Code     0  memseta.o(.text)
    _memset$wrapper                          0x080001f7   Thumb Code    18  memseta.o(.text)
    strcat                                   0x08000209   Thumb Code    24  strcat.o(.text)
    strstr                                   0x08000221   Thumb Code    36  strstr.o(.text)
    strncpy                                  0x08000245   Thumb Code    24  strncpy.o(.text)
    strcpy                                   0x0800025d   Thumb Code    18  strcpy.o(.text)
    __aeabi_uidiv                            0x0800026f   Thumb Code     0  uidiv.o(.text)
    __aeabi_uidivmod                         0x0800026f   Thumb Code    44  uidiv.o(.text)
    __aeabi_uldivmod                         0x0800029b   Thumb Code    98  uldiv.o(.text)
    __I$use$fp                               0x080002fd   Thumb Code     0  iusefp.o(.text)
    __aeabi_dadd                             0x080002fd   Thumb Code   322  dadd.o(.text)
    __aeabi_dsub                             0x0800043f   Thumb Code     6  dadd.o(.text)
    __aeabi_drsub                            0x08000445   Thumb Code     6  dadd.o(.text)
    __aeabi_dmul                             0x0800044b   Thumb Code   228  dmul.o(.text)
    __aeabi_ddiv                             0x0800052f   Thumb Code   222  ddiv.o(.text)
    __aeabi_d2ulz                            0x0800060d   Thumb Code    48  dfixul.o(.text)
    __aeabi_cdrcmple                         0x0800063d   Thumb Code    48  cdrcmple.o(.text)
    __scatterload                            0x0800066d   Thumb Code    28  init.o(.text)
    __scatterload_rt2                        0x0800066d   Thumb Code     0  init.o(.text)
    __aeabi_llsl                             0x08000691   Thumb Code    30  llshl.o(.text)
    _ll_shift_l                              0x08000691   Thumb Code     0  llshl.o(.text)
    __aeabi_llsr                             0x080006af   Thumb Code    32  llushr.o(.text)
    _ll_ushift_r                             0x080006af   Thumb Code     0  llushr.o(.text)
    __aeabi_lasr                             0x080006cf   Thumb Code    36  llsshr.o(.text)
    _ll_sshift_r                             0x080006cf   Thumb Code     0  llsshr.o(.text)
    _double_round                            0x080006f3   Thumb Code    30  depilogue.o(.text)
    _double_epilogue                         0x08000711   Thumb Code   156  depilogue.o(.text)
    __decompress                             0x080007ad   Thumb Code     0  __dczerorl2.o(.text)
    __decompress1                            0x080007ad   Thumb Code    86  __dczerorl2.o(.text)
    Add_Adminer_FR                           0x08000805   Thumb Code   164  as608.o(i.Add_Adminer_FR)
    Add_Courier_FR                           0x080008ed   Thumb Code   164  as608.o(i.Add_Courier_FR)
    BusFault_Handler                         0x08000b81   Thumb Code     4  stm32f10x_it.o(i.BusFault_Handler)
    CLR_Buf1                                 0x08000b85   Thumb Code    26  sim800c.o(i.CLR_Buf1)
    DebugMon_Handler                         0x08000ba9   Thumb Code     2  stm32f10x_it.o(i.DebugMon_Handler)
    Find                                     0x08000bad   Thumb Code    22  sim800c.o(i.Find)
    GPIO_Init                                0x08000bc9   Thumb Code   278  stm32f10x_gpio.o(i.GPIO_Init)
    GPIO_ResetBits                           0x08000cdf   Thumb Code     4  stm32f10x_gpio.o(i.GPIO_ResetBits)
    GPIO_SetBits                             0x08000ce3   Thumb Code     4  stm32f10x_gpio.o(i.GPIO_SetBits)
    HardFault_Handler                        0x08000ce7   Thumb Code     4  stm32f10x_it.o(i.HardFault_Handler)
    MemManage_Handler                        0x08000d91   Thumb Code     4  stm32f10x_it.o(i.MemManage_Handler)
    MyTimerCallbackFunction                  0x08000d95   Thumb Code    82  main.o(i.MyTimerCallbackFunction)
    NMI_Handler                              0x08000df9   Thumb Code     2  stm32f10x_it.o(i.NMI_Handler)
    NVIC_Config                              0x08000dfb   Thumb Code    12  nvic.o(i.NVIC_Config)
    NVIC_Init                                0x08000e09   Thumb Code   100  misc.o(i.NVIC_Init)
    NVIC_PriorityGroupConfig                 0x08000e79   Thumb Code    10  misc.o(i.NVIC_PriorityGroupConfig)
    PS_GenChar                               0x08000e8d   Thumb Code    70  as608.o(i.PS_GenChar)
    PS_GetImage                              0x08000ed3   Thumb Code    58  as608.o(i.PS_GetImage)
    PS_HighSpeedSearch                       0x08000f0d   Thumb Code   144  as608.o(i.PS_HighSpeedSearch)
    PS_Match                                 0x08000f9d   Thumb Code    58  as608.o(i.PS_Match)
    PS_RegModel                              0x08000fd7   Thumb Code    58  as608.o(i.PS_RegModel)
    PS_StoreChar                             0x08001011   Thumb Code    96  as608.o(i.PS_StoreChar)
    RCC_APB1PeriphClockCmd                   0x08001071   Thumb Code    26  stm32f10x_rcc.o(i.RCC_APB1PeriphClockCmd)
    RCC_APB1PeriphResetCmd                   0x08001091   Thumb Code    26  stm32f10x_rcc.o(i.RCC_APB1PeriphResetCmd)
    RCC_APB2PeriphClockCmd                   0x080010b1   Thumb Code    26  stm32f10x_rcc.o(i.RCC_APB2PeriphClockCmd)
    RCC_APB2PeriphResetCmd                   0x080010d1   Thumb Code    26  stm32f10x_rcc.o(i.RCC_APB2PeriphResetCmd)
    RCC_GetClocksFreq                        0x080010f1   Thumb Code   192  stm32f10x_rcc.o(i.RCC_GetClocksFreq)
    Second_AT_Command                        0x080011c5   Thumb Code   108  sim800c.o(i.Second_AT_Command)
    Send_Text_Sms                            0x080012b9   Thumb Code    90  sim800c.o(i.Send_Text_Sms)
    Set_Text_Mode                            0x08001419   Thumb Code    34  sim800c.o(i.Set_Text_Mode)
    SysTick_CLKSourceConfig                  0x0800146d   Thumb Code    40  misc.o(i.SysTick_CLKSourceConfig)
    SysTick_Handler                          0x08001495   Thumb Code    16  stm32f10x_it.o(i.SysTick_Handler)
    SystemInit                               0x080014a5   Thumb Code    78  system_stm32f10x.o(i.SystemInit)
    TIM3_IRQHandler                          0x08001505   Thumb Code    42  tim3.o(i.TIM3_IRQHandler)
    TIM3_Int_Init                            0x08001539   Thumb Code    90  tim3.o(i.TIM3_Int_Init)
    TIM_ClearITPendingBit                    0x08001599   Thumb Code     6  stm32f10x_tim.o(i.TIM_ClearITPendingBit)
    TIM_Cmd                                  0x0800159f   Thumb Code    24  stm32f10x_tim.o(i.TIM_Cmd)
    TIM_GetITStatus                          0x080015b7   Thumb Code    34  stm32f10x_tim.o(i.TIM_GetITStatus)
    TIM_ITConfig                             0x080015d9   Thumb Code    18  stm32f10x_tim.o(i.TIM_ITConfig)
    TIM_SetCounter                           0x080015eb   Thumb Code     4  stm32f10x_tim.o(i.TIM_SetCounter)
    TIM_TimeBaseInit                         0x080015f1   Thumb Code   122  stm32f10x_tim.o(i.TIM_TimeBaseInit)
    Task_Waiting_Network                     0x08002269   Thumb Code   108  main.o(i.Task_Waiting_Network)
    UART1_SendString                         0x080022fd   Thumb Code    38  usart1.o(i.UART1_SendString)
    USART1_IRQHandler                        0x08002329   Thumb Code    64  usart1.o(i.USART1_IRQHandler)
    USART2_IRQHandler                        0x08002375   Thumb Code    52  usart2.o(i.USART2_IRQHandler)
    USART3_IRQHandler                        0x080023b5   Thumb Code    94  usart3.o(i.USART3_IRQHandler)
    USART_ClearITPendingBit                  0x08002425   Thumb Code    30  stm32f10x_usart.o(i.USART_ClearITPendingBit)
    USART_Cmd                                0x08002443   Thumb Code    24  stm32f10x_usart.o(i.USART_Cmd)
    USART_DeInit                             0x0800245d   Thumb Code   134  stm32f10x_usart.o(i.USART_DeInit)
    USART_GetFlagStatus                      0x080024f9   Thumb Code    26  stm32f10x_usart.o(i.USART_GetFlagStatus)
    USART_GetITStatus                        0x08002513   Thumb Code    84  stm32f10x_usart.o(i.USART_GetITStatus)
    USART_ITConfig                           0x08002567   Thumb Code    74  stm32f10x_usart.o(i.USART_ITConfig)
    USART_Init                               0x080025b1   Thumb Code   210  stm32f10x_usart.o(i.USART_Init)
    USART_ReceiveData                        0x08002689   Thumb Code    10  stm32f10x_usart.o(i.USART_ReceiveData)
    USART_SendData                           0x08002693   Thumb Code     8  stm32f10x_usart.o(i.USART_SendData)
    Uart2SendTjcScreen                       0x0800269d   Thumb Code    78  usart2.o(i.Uart2SendTjcScreen)
    UsageFault_Handler                       0x080026f1   Thumb Code     4  stm32f10x_it.o(i.UsageFault_Handler)
    Usart1_Init                              0x080026f5   Thumb Code   160  usart1.o(i.Usart1_Init)
    Usart1_SendByte                          0x0800279d   Thumb Code    30  usart1.o(i.Usart1_SendByte)
    Usart2_Init                              0x080027bd   Thumb Code   156  usart2.o(i.Usart2_Init)
    Usart3_Init                              0x08002861   Thumb Code   190  usart3.o(i.Usart3_Init)
    Wait_CREG                                0x08002931   Thumb Code    92  sim800c.o(i.Wait_CREG)
    __0printf                                0x080029a1   Thumb Code    22  printfa.o(i.__0printf)
    __1printf                                0x080029a1   Thumb Code     0  printfa.o(i.__0printf)
    __2printf                                0x080029a1   Thumb Code     0  printfa.o(i.__0printf)
    __c89printf                              0x080029a1   Thumb Code     0  printfa.o(i.__0printf)
    printf                                   0x080029a1   Thumb Code     0  printfa.o(i.__0printf)
    __0sprintf                               0x080029c1   Thumb Code    34  printfa.o(i.__0sprintf)
    __1sprintf                               0x080029c1   Thumb Code     0  printfa.o(i.__0sprintf)
    __2sprintf                               0x080029c1   Thumb Code     0  printfa.o(i.__0sprintf)
    __c89sprintf                             0x080029c1   Thumb Code     0  printfa.o(i.__0sprintf)
    sprintf                                  0x080029c1   Thumb Code     0  printfa.o(i.__0sprintf)
    __scatterload_copy                       0x080029e9   Thumb Code    14  handlers.o(i.__scatterload_copy)
    __scatterload_null                       0x080029f7   Thumb Code     2  handlers.o(i.__scatterload_null)
    __scatterload_zeroinit                   0x080029f9   Thumb Code    14  handlers.o(i.__scatterload_zeroinit)
    delay_init                               0x0800329d   Thumb Code    50  delay.o(i.delay_init)
    delay_ms                                 0x080032e1   Thumb Code    72  delay.o(i.delay_ms)
    fputc                                    0x0800332d   Thumb Code    32  usart1.o(i.fputc)
    main                                     0x08003351   Thumb Code   102  main.o(i.main)
    pvPortMalloc                             0x08003e59   Thumb Code   262  heap_4.o(i.pvPortMalloc)
    pxPortInitialiseStack                    0x08003fa5   Thumb Code    30  port.o(i.pxPortInitialiseStack)
    usart2_SendString                        0x08003fc9   Thumb Code    46  usart2.o(i.usart2_SendString)
    uxListRemove                             0x08003ffd   Thumb Code    40  list.o(i.uxListRemove)
    uxTaskResetEventItemValue                0x08004025   Thumb Code    24  tasks.o(i.uxTaskResetEventItemValue)
    vListInitialise                          0x08004041   Thumb Code    26  list.o(i.vListInitialise)
    vListInitialiseItem                      0x0800405b   Thumb Code     6  list.o(i.vListInitialiseItem)
    vListInsert                              0x08004061   Thumb Code    52  list.o(i.vListInsert)
    vListInsertEnd                           0x08004095   Thumb Code    24  list.o(i.vListInsertEnd)
    vPortEnterCritical                       0x080040ad   Thumb Code    68  port.o(i.vPortEnterCritical)
    vPortExitCritical                        0x0800412d   Thumb Code    48  port.o(i.vPortExitCritical)
    vPortFree                                0x08004195   Thumb Code   120  heap_4.o(i.vPortFree)
    vPortSetupTimerInterrupt                 0x08004245   Thumb Code    26  port.o(i.vPortSetupTimerInterrupt)
    vPortValidateInterruptPriority           0x08004265   Thumb Code    86  port.o(i.vPortValidateInterruptPriority)
    vQueueAddToRegistry                      0x080042fd   Thumb Code    38  queue.o(i.vQueueAddToRegistry)
    vQueueWaitForMessageRestricted           0x08004329   Thumb Code    74  queue.o(i.vQueueWaitForMessageRestricted)
    vTaskDelay                               0x08004375   Thumb Code    72  tasks.o(i.vTaskDelay)
    vTaskDelete                              0x080043e9   Thumb Code   192  tasks.o(i.vTaskDelete)
    vTaskMissedYield                         0x080044f5   Thumb Code     8  tasks.o(i.vTaskMissedYield)
    vTaskPlaceOnEventList                    0x08004501   Thumb Code    42  tasks.o(i.vTaskPlaceOnEventList)
    vTaskPlaceOnEventListRestricted          0x08004555   Thumb Code    50  tasks.o(i.vTaskPlaceOnEventListRestricted)
    vTaskPlaceOnUnorderedEventList           0x080045b1   Thumb Code    80  tasks.o(i.vTaskPlaceOnUnorderedEventList)
    vTaskSetTimeOutState                     0x0800462d   Thumb Code    32  tasks.o(i.vTaskSetTimeOutState)
    vTaskStartScheduler                      0x08004679   Thumb Code   108  tasks.o(i.vTaskStartScheduler)
    vTaskSuspendAll                          0x08004725   Thumb Code    12  tasks.o(i.vTaskSuspendAll)
    vTaskSwitchContext                       0x08004735   Thumb Code   110  tasks.o(i.vTaskSwitchContext)
    xEventGroupClearBits                     0x080047dd   Thumb Code    72  event_groups.o(i.xEventGroupClearBits)
    xEventGroupCreate                        0x08004851   Thumb Code    26  event_groups.o(i.xEventGroupCreate)
    xEventGroupSetBits                       0x0800486d   Thumb Code   186  event_groups.o(i.xEventGroupSetBits)
    xEventGroupWaitBits                      0x08004955   Thumb Code   294  event_groups.o(i.xEventGroupWaitBits)
    xPortStartScheduler                      0x08004aad   Thumb Code   140  port.o(i.xPortStartScheduler)
    xPortSysTickHandler                      0x08004b4d   Thumb Code    46  port.o(i.xPortSysTickHandler)
    xQueueGenericCreate                      0x08004b81   Thumb Code    78  queue.o(i.xQueueGenericCreate)
    xQueueGenericReceive                     0x08004bf5   Thumb Code   386  queue.o(i.xQueueGenericReceive)
    xQueueGenericReset                       0x08004da1   Thumb Code   136  queue.o(i.xQueueGenericReset)
    xQueueGenericSend                        0x08004e51   Thumb Code   380  queue.o(i.xQueueGenericSend)
    xQueueGenericSendFromISR                 0x08004ff5   Thumb Code   218  queue.o(i.xQueueGenericSendFromISR)
    xTaskCheckForTimeOut                     0x080050f5   Thumb Code   116  tasks.o(i.xTaskCheckForTimeOut)
    xTaskCreate                              0x08005195   Thumb Code    96  tasks.o(i.xTaskCreate)
    xTaskGenericNotify                       0x080051f5   Thumb Code   222  tasks.o(i.xTaskGenericNotify)
    xTaskGetSchedulerState                   0x08005309   Thumb Code    24  tasks.o(i.xTaskGetSchedulerState)
    xTaskGetTickCount                        0x08005329   Thumb Code     6  tasks.o(i.xTaskGetTickCount)
    xTaskIncrementTick                       0x08005335   Thumb Code   272  tasks.o(i.xTaskIncrementTick)
    xTaskNotifyWait                          0x08005495   Thumb Code   150  tasks.o(i.xTaskNotifyWait)
    xTaskRemoveFromEventList                 0x08005535   Thumb Code   118  tasks.o(i.xTaskRemoveFromEventList)
    xTaskRemoveFromUnorderedEventList        0x080055e9   Thumb Code   134  tasks.o(i.xTaskRemoveFromUnorderedEventList)
    xTaskResumeAll                           0x080056a9   Thumb Code   214  tasks.o(i.xTaskResumeAll)
    xTimerCreate                             0x080057c9   Thumb Code    48  timers.o(i.xTimerCreate)
    xTimerCreateTimerTask                    0x080057f9   Thumb Code    56  timers.o(i.xTimerCreateTimerTask)
    xTimerGenericCommand                     0x0800586d   Thumb Code   116  timers.o(i.xTimerGenericCommand)
    Region$$Table$$Base                      0x080059a4   Number         0  anon$$obj.o(Region$$Table)
    Region$$Table$$Limit                     0x080059c4   Number         0  anon$$obj.o(Region$$Table)
    SystemCoreClock                          0x20000014   Data           4  system_stm32f10x.o(.data)
    AHBPrescTable                            0x20000018   Data          16  system_stm32f10x.o(.data)
    AppTaskCreate_Handle                     0x20000028   Data           4  main.o(.data)
    UsartScreen_Task_Handle                  0x2000002c   Data           4  main.o(.data)
    Fingerprint_Task_Handle                  0x20000030   Data           4  main.o(.data)
    Waiting_Network_Task_Handle              0x20000034   Data           4  main.o(.data)
    Message_Task_Handle                      0x20000038   Data           4  main.o(.data)
    xMyTimerHandle                           0x2000003c   Data           4  main.o(.data)
    BinarySem_InputFingerprint_Handle        0x20000040   Data           4  main.o(.data)
    Queue_Ark1UseNum                         0x20000044   Data           4  main.o(.data)
    Queue_Ark2UseNum                         0x20000048   Data           4  main.o(.data)
    Queue_Ark3UseNum                         0x2000004c   Data           4  main.o(.data)
    Queue_Ark4UseNum                         0x20000050   Data           4  main.o(.data)
    Queue_ArkPickupCode                      0x20000054   Data           4  main.o(.data)
    Queue_Phone                              0x20000058   Data           4  main.o(.data)
    Queue_ArkWaitTime                        0x2000005c   Data           4  main.o(.data)
    Event_ArkState_Handle                    0x20000060   Data           4  main.o(.data)
    Event_ArkSMS_Handle                      0x20000064   Data           4  main.o(.data)
    R_event_Ark1State                        0x20000068   Data           4  main.o(.data)
    R_event_Ark2State                        0x2000006c   Data           4  main.o(.data)
    R_event_Ark3State                        0x20000070   Data           4  main.o(.data)
    R_event_Ark4State                        0x20000074   Data           4  main.o(.data)
    PointToPickupCode                        0x20000078   Data           4  main.o(.data)
    PointToPhone                             0x2000007c   Data           4  main.o(.data)
    USART3_RX_STA                            0x200000aa   Data           2  usart3.o(.data)
    AS608Addr                                0x200000ac   Data           4  as608.o(.data)
    str2                                     0x200000b0   Data           6  as608.o(.data)
    UartRec2Len                              0x200000b6   Data           1  usart2.o(.data)
    content                                  0x200000b7   Data          50  sim800c.o(.data)
    First_Int                                0x200000e9   Data           1  sim800c.o(.data)
    Timer0_start                             0x200000ea   Data           1  sim800c.o(.data)
    Times                                    0x200000eb   Data           1  sim800c.o(.data)
    shijian                                  0x200000ec   Data           1  sim800c.o(.data)
    pxCurrentTCB                             0x200000f0   Data           4  tasks.o(.data)
    __stdout                                 0x20000164   Data           4  stdout.o(.data)
    TempStr                                  0x20000168   Data          20  main.o(.bss)
    USART3_RX_BUF                            0x20000187   Data         400  usart3.o(.bss)
    USART3_TX_BUF                            0x20000317   Data         400  usart3.o(.bss)
    USART1_RX_BUF                            0x200004a7   Data         100  usart1.o(.bss)
    USART2_RX_BUF                            0x2000050b   Data         100  usart2.o(.bss)
    xQueueRegistry                           0x20000570   Data          80  queue.o(.bss)
    __initial_sp                             0x20003b90   Data           0  startup_stm32f10x_md.o(STACK)



==============================================================================

Memory Map of the image

  Image Entry point : 0x080000ed

  Load Region LR_IROM1 (Base: 0x08000000, Size: 0x00005b2c, Max: 0x00010000, ABSOLUTE, COMPRESSED[0x000059f0])

    Execution Region ER_IROM1 (Exec base: 0x08000000, Load base: 0x08000000, Size: 0x000059c4, Max: 0x00010000, ABSOLUTE)

    Exec Addr    Load Addr    Size         Type   Attr      Idx    E Section Name        Object

    0x08000000   0x08000000   0x000000ec   Data   RO            3    RESET               startup_stm32f10x_md.o
    0x080000ec   0x080000ec   0x00000000   Code   RO         3736  * .ARM.Collect$$$$00000000  mc_w.l(entry.o)
    0x080000ec   0x080000ec   0x00000004   Code   RO         4016    .ARM.Collect$$$$00000001  mc_w.l(entry2.o)
    0x080000f0   0x080000f0   0x00000004   Code   RO         4019    .ARM.Collect$$$$00000004  mc_w.l(entry5.o)
    0x080000f4   0x080000f4   0x00000000   Code   RO         4021    .ARM.Collect$$$$00000008  mc_w.l(entry7b.o)
    0x080000f4   0x080000f4   0x00000000   Code   RO         4023    .ARM.Collect$$$$0000000A  mc_w.l(entry8b.o)
    0x080000f4   0x080000f4   0x00000008   Code   RO         4024    .ARM.Collect$$$$0000000B  mc_w.l(entry9a.o)
    0x080000fc   0x080000fc   0x00000004   Code   RO         4031    .ARM.Collect$$$$0000000E  mc_w.l(entry12b.o)
    0x08000100   0x08000100   0x00000000   Code   RO         4026    .ARM.Collect$$$$0000000F  mc_w.l(entry10a.o)
    0x08000100   0x08000100   0x00000000   Code   RO         4028    .ARM.Collect$$$$00000011  mc_w.l(entry11a.o)
    0x08000100   0x08000100   0x00000004   Code   RO         4017    .ARM.Collect$$$$00002712  mc_w.l(entry2.o)
    0x08000104   0x08000104   0x00000096   Code   RO         3650    .emb_text           port.o
    0x0800019a   0x0800019a   0x00000002   PAD
    0x0800019c   0x0800019c   0x00000024   Code   RO            4    .text               startup_stm32f10x_md.o
    0x080001c0   0x080001c0   0x00000024   Code   RO         3739    .text               mc_w.l(memcpya.o)
    0x080001e4   0x080001e4   0x00000024   Code   RO         3741    .text               mc_w.l(memseta.o)
    0x08000208   0x08000208   0x00000018   Code   RO         3743    .text               mc_w.l(strcat.o)
    0x08000220   0x08000220   0x00000024   Code   RO         3745    .text               mc_w.l(strstr.o)
    0x08000244   0x08000244   0x00000018   Code   RO         3747    .text               mc_w.l(strncpy.o)
    0x0800025c   0x0800025c   0x00000012   Code   RO         3751    .text               mc_w.l(strcpy.o)
    0x0800026e   0x0800026e   0x0000002c   Code   RO         4033    .text               mc_w.l(uidiv.o)
    0x0800029a   0x0800029a   0x00000062   Code   RO         4035    .text               mc_w.l(uldiv.o)
    0x080002fc   0x080002fc   0x00000000   Code   RO         4037    .text               mc_w.l(iusefp.o)
    0x080002fc   0x080002fc   0x0000014e   Code   RO         4038    .text               mf_w.l(dadd.o)
    0x0800044a   0x0800044a   0x000000e4   Code   RO         4040    .text               mf_w.l(dmul.o)
    0x0800052e   0x0800052e   0x000000de   Code   RO         4042    .text               mf_w.l(ddiv.o)
    0x0800060c   0x0800060c   0x00000030   Code   RO         4044    .text               mf_w.l(dfixul.o)
    0x0800063c   0x0800063c   0x00000030   Code   RO         4046    .text               mf_w.l(cdrcmple.o)
    0x0800066c   0x0800066c   0x00000024   Code   RO         4048    .text               mc_w.l(init.o)
    0x08000690   0x08000690   0x0000001e   Code   RO         4050    .text               mc_w.l(llshl.o)
    0x080006ae   0x080006ae   0x00000020   Code   RO         4052    .text               mc_w.l(llushr.o)
    0x080006ce   0x080006ce   0x00000024   Code   RO         4054    .text               mc_w.l(llsshr.o)
    0x080006f2   0x080006f2   0x000000ba   Code   RO         4056    .text               mf_w.l(depilogue.o)
    0x080007ac   0x080007ac   0x00000056   Code   RO         4066    .text               mc_w.l(__dczerorl2.o)
    0x08000802   0x08000802   0x00000002   PAD
    0x08000804   0x08000804   0x000000e8   Code   RO         2533    i.Add_Adminer_FR    as608.o
    0x080008ec   0x080008ec   0x000000e8   Code   RO         2534    i.Add_Courier_FR    as608.o
    0x080009d4   0x080009d4   0x00000188   Code   RO         2191    i.AppTaskCreate     main.o
    0x08000b5c   0x08000b5c   0x00000024   Code   RO         2192    i.BSP_Init          main.o
    0x08000b80   0x08000b80   0x00000004   Code   RO         2335    i.BusFault_Handler  stm32f10x_it.o
    0x08000b84   0x08000b84   0x00000024   Code   RO         2808    i.CLR_Buf1          sim800c.o
    0x08000ba8   0x08000ba8   0x00000002   Code   RO         2336    i.DebugMon_Handler  stm32f10x_it.o
    0x08000baa   0x08000baa   0x00000002   PAD
    0x08000bac   0x08000bac   0x0000001c   Code   RO         2809    i.Find              sim800c.o
    0x08000bc8   0x08000bc8   0x00000116   Code   RO          487    i.GPIO_Init         stm32f10x_gpio.o
    0x08000cde   0x08000cde   0x00000004   Code   RO          494    i.GPIO_ResetBits    stm32f10x_gpio.o
    0x08000ce2   0x08000ce2   0x00000004   Code   RO          495    i.GPIO_SetBits      stm32f10x_gpio.o
    0x08000ce6   0x08000ce6   0x00000004   Code   RO         2337    i.HardFault_Handler  stm32f10x_it.o
    0x08000cea   0x08000cea   0x00000002   PAD
    0x08000cec   0x08000cec   0x00000088   Code   RO         2535    i.JudgeStr          as608.o
    0x08000d74   0x08000d74   0x0000001c   Code   RO         2536    i.MYUSART_SendData  as608.o
    0x08000d90   0x08000d90   0x00000004   Code   RO         2338    i.MemManage_Handler  stm32f10x_it.o
    0x08000d94   0x08000d94   0x00000064   Code   RO         2193    i.MyTimerCallbackFunction  main.o
    0x08000df8   0x08000df8   0x00000002   Code   RO         2339    i.NMI_Handler       stm32f10x_it.o
    0x08000dfa   0x08000dfa   0x0000000c   Code   RO         2862    i.NVIC_Config       nvic.o
    0x08000e06   0x08000e06   0x00000002   PAD
    0x08000e08   0x08000e08   0x00000070   Code   RO           10    i.NVIC_Init         misc.o
    0x08000e78   0x08000e78   0x00000014   Code   RO           11    i.NVIC_PriorityGroupConfig  misc.o
    0x08000e8c   0x08000e8c   0x00000046   Code   RO         2539    i.PS_GenChar        as608.o
    0x08000ed2   0x08000ed2   0x0000003a   Code   RO         2540    i.PS_GetImage       as608.o
    0x08000f0c   0x08000f0c   0x00000090   Code   RO         2542    i.PS_HighSpeedSearch  as608.o
    0x08000f9c   0x08000f9c   0x0000003a   Code   RO         2543    i.PS_Match          as608.o
    0x08000fd6   0x08000fd6   0x0000003a   Code   RO         2546    i.PS_RegModel       as608.o
    0x08001010   0x08001010   0x00000060   Code   RO         2549    i.PS_StoreChar      as608.o
    0x08001070   0x08001070   0x00000020   Code   RO          801    i.RCC_APB1PeriphClockCmd  stm32f10x_rcc.o
    0x08001090   0x08001090   0x00000020   Code   RO          802    i.RCC_APB1PeriphResetCmd  stm32f10x_rcc.o
    0x080010b0   0x080010b0   0x00000020   Code   RO          803    i.RCC_APB2PeriphClockCmd  stm32f10x_rcc.o
    0x080010d0   0x080010d0   0x00000020   Code   RO          804    i.RCC_APB2PeriphResetCmd  stm32f10x_rcc.o
    0x080010f0   0x080010f0   0x000000d4   Code   RO          811    i.RCC_GetClocksFreq  stm32f10x_rcc.o
    0x080011c4   0x080011c4   0x0000007c   Code   RO         2810    i.Second_AT_Command  sim800c.o
    0x08001240   0x08001240   0x00000034   Code   RO         2553    i.SendAddr          as608.o
    0x08001274   0x08001274   0x00000012   Code   RO         2554    i.SendCheck         as608.o
    0x08001286   0x08001286   0x0000000c   Code   RO         2555    i.SendFlag          as608.o
    0x08001292   0x08001292   0x00000010   Code   RO         2556    i.SendHead          as608.o
    0x080012a2   0x080012a2   0x00000014   Code   RO         2557    i.SendLength        as608.o
    0x080012b6   0x080012b6   0x00000002   PAD
    0x080012b8   0x080012b8   0x0000006c   Code   RO         2811    i.Send_Text_Sms     sim800c.o
    0x08001324   0x08001324   0x0000000c   Code   RO         2558    i.Sendcmd           as608.o
    0x08001330   0x08001330   0x00000008   Code   RO         2157    i.SetSysClock       system_stm32f10x.o
    0x08001338   0x08001338   0x000000e0   Code   RO         2158    i.SetSysClockTo72   system_stm32f10x.o
    0x08001418   0x08001418   0x00000054   Code   RO         2812    i.Set_Text_Mode     sim800c.o
    0x0800146c   0x0800146c   0x00000028   Code   RO           14    i.SysTick_CLKSourceConfig  misc.o
    0x08001494   0x08001494   0x00000010   Code   RO         2340    i.SysTick_Handler   stm32f10x_it.o
    0x080014a4   0x080014a4   0x00000060   Code   RO         2160    i.SystemInit        system_stm32f10x.o
    0x08001504   0x08001504   0x00000034   Code   RO         2511    i.TIM3_IRQHandler   tim3.o
    0x08001538   0x08001538   0x00000060   Code   RO         2512    i.TIM3_Int_Init     tim3.o
    0x08001598   0x08001598   0x00000006   Code   RO         1430    i.TIM_ClearITPendingBit  stm32f10x_tim.o
    0x0800159e   0x0800159e   0x00000018   Code   RO         1435    i.TIM_Cmd           stm32f10x_tim.o
    0x080015b6   0x080015b6   0x00000022   Code   RO         1456    i.TIM_GetITStatus   stm32f10x_tim.o
    0x080015d8   0x080015d8   0x00000012   Code   RO         1460    i.TIM_ITConfig      stm32f10x_tim.o
    0x080015ea   0x080015ea   0x00000004   Code   RO         1500    i.TIM_SetCounter    stm32f10x_tim.o
    0x080015ee   0x080015ee   0x00000002   PAD
    0x080015f0   0x080015f0   0x000000a4   Code   RO         1506    i.TIM_TimeBaseInit  stm32f10x_tim.o
    0x08001694   0x08001694   0x000002e4   Code   RO         2194    i.Task_Fingerprint  main.o
    0x08001978   0x08001978   0x000002d8   Code   RO         2195    i.Task_Message      main.o
    0x08001c50   0x08001c50   0x00000618   Code   RO         2196    i.Task_UsartScreen  main.o
    0x08002268   0x08002268   0x00000094   Code   RO         2197    i.Task_Waiting_Network  main.o
    0x080022fc   0x080022fc   0x0000002c   Code   RO         2706    i.UART1_SendString  usart1.o
    0x08002328   0x08002328   0x0000004c   Code   RO         2707    i.USART1_IRQHandler  usart1.o
    0x08002374   0x08002374   0x00000040   Code   RO         2756    i.USART2_IRQHandler  usart2.o
    0x080023b4   0x080023b4   0x00000070   Code   RO         2464    i.USART3_IRQHandler  usart3.o
    0x08002424   0x08002424   0x0000001e   Code   RO         1968    i.USART_ClearITPendingBit  stm32f10x_usart.o
    0x08002442   0x08002442   0x00000018   Code   RO         1971    i.USART_Cmd         stm32f10x_usart.o
    0x0800245a   0x0800245a   0x00000002   PAD
    0x0800245c   0x0800245c   0x0000009c   Code   RO         1973    i.USART_DeInit      stm32f10x_usart.o
    0x080024f8   0x080024f8   0x0000001a   Code   RO         1974    i.USART_GetFlagStatus  stm32f10x_usart.o
    0x08002512   0x08002512   0x00000054   Code   RO         1975    i.USART_GetITStatus  stm32f10x_usart.o
    0x08002566   0x08002566   0x0000004a   Code   RO         1977    i.USART_ITConfig    stm32f10x_usart.o
    0x080025b0   0x080025b0   0x000000d8   Code   RO         1978    i.USART_Init        stm32f10x_usart.o
    0x08002688   0x08002688   0x0000000a   Code   RO         1985    i.USART_ReceiveData  stm32f10x_usart.o
    0x08002692   0x08002692   0x00000008   Code   RO         1988    i.USART_SendData    stm32f10x_usart.o
    0x0800269a   0x0800269a   0x00000002   PAD
    0x0800269c   0x0800269c   0x00000054   Code   RO         2757    i.Uart2SendTjcScreen  usart2.o
    0x080026f0   0x080026f0   0x00000004   Code   RO         2341    i.UsageFault_Handler  stm32f10x_it.o
    0x080026f4   0x080026f4   0x000000a8   Code   RO         2708    i.Usart1_Init       usart1.o
    0x0800279c   0x0800279c   0x0000001e   Code   RO         2709    i.Usart1_SendByte   usart1.o
    0x080027ba   0x080027ba   0x00000002   PAD
    0x080027bc   0x080027bc   0x000000a4   Code   RO         2758    i.Usart2_Init       usart2.o
    0x08002860   0x08002860   0x000000d0   Code   RO         2465    i.Usart3_Init       usart3.o
    0x08002930   0x08002930   0x00000070   Code   RO         2813    i.Wait_CREG         sim800c.o
    0x080029a0   0x080029a0   0x00000020   Code   RO         3988    i.__0printf         mc_w.l(printfa.o)
    0x080029c0   0x080029c0   0x00000028   Code   RO         3990    i.__0sprintf        mc_w.l(printfa.o)
    0x080029e8   0x080029e8   0x0000000e   Code   RO         4060    i.__scatterload_copy  mc_w.l(handlers.o)
    0x080029f6   0x080029f6   0x00000002   Code   RO         4061    i.__scatterload_null  mc_w.l(handlers.o)
    0x080029f8   0x080029f8   0x0000000e   Code   RO         4062    i.__scatterload_zeroinit  mc_w.l(handlers.o)
    0x08002a06   0x08002a06   0x00000002   PAD
    0x08002a08   0x08002a08   0x00000184   Code   RO         3995    i._fp_digits        mc_w.l(printfa.o)
    0x08002b8c   0x08002b8c   0x000006b4   Code   RO         3996    i._printf_core      mc_w.l(printfa.o)
    0x08003240   0x08003240   0x00000024   Code   RO         3997    i._printf_post_padding  mc_w.l(printfa.o)
    0x08003264   0x08003264   0x0000002e   Code   RO         3998    i._printf_pre_padding  mc_w.l(printfa.o)
    0x08003292   0x08003292   0x0000000a   Code   RO         4000    i._sputc            mc_w.l(printfa.o)
    0x0800329c   0x0800329c   0x00000044   Code   RO         2423    i.delay_init        delay.o
    0x080032e0   0x080032e0   0x0000004c   Code   RO         2424    i.delay_ms          delay.o
    0x0800332c   0x0800332c   0x00000024   Code   RO         2710    i.fputc             usart1.o
    0x08003350   0x08003350   0x00000090   Code   RO         2198    i.main              main.o
    0x080033e0   0x080033e0   0x00000098   Code   RO         3180    i.prvAddCurrentTaskToDelayedList  tasks.o
    0x08003478   0x08003478   0x000000b4   Code   RO         3181    i.prvAddNewTaskToReadyList  tasks.o
    0x0800352c   0x0800352c   0x00000064   Code   RO         3475    i.prvCheckForValidListAndQueue  timers.o
    0x08003590   0x08003590   0x00000064   Code   RO         3182    i.prvCheckTasksWaitingTermination  tasks.o
    0x080035f4   0x080035f4   0x0000002a   Code   RO         3028    i.prvCopyDataFromQueue  queue.o
    0x0800361e   0x0800361e   0x0000006a   Code   RO         3029    i.prvCopyDataToQueue  queue.o
    0x08003688   0x08003688   0x00000012   Code   RO         3183    i.prvDeleteTCB      tasks.o
    0x0800369a   0x0800369a   0x00000002   PAD
    0x0800369c   0x0800369c   0x00000028   Code   RO         3476    i.prvGetNextExpireTime  timers.o
    0x080036c4   0x080036c4   0x0000007c   Code   RO         3597    i.prvHeapInit       heap_4.o
    0x08003740   0x08003740   0x00000028   Code   RO         3184    i.prvIdleTask       tasks.o
    0x08003768   0x08003768   0x00000026   Code   RO         3030    i.prvInitialiseNewQueue  queue.o
    0x0800378e   0x0800378e   0x00000002   PAD
    0x08003790   0x08003790   0x000000c0   Code   RO         3185    i.prvInitialiseNewTask  tasks.o
    0x08003850   0x08003850   0x0000006c   Code   RO         3477    i.prvInitialiseNewTimer  timers.o
    0x080038bc   0x080038bc   0x00000068   Code   RO         3186    i.prvInitialiseTaskLists  tasks.o
    0x08003924   0x08003924   0x00000068   Code   RO         3598    i.prvInsertBlockIntoFreeList  heap_4.o
    0x0800398c   0x0800398c   0x00000058   Code   RO         3478    i.prvInsertTimerInActiveList  timers.o
    0x080039e4   0x080039e4   0x0000001a   Code   RO         3031    i.prvIsQueueEmpty   queue.o
    0x080039fe   0x080039fe   0x0000001e   Code   RO         3032    i.prvIsQueueFull    queue.o
    0x08003a1c   0x08003a1c   0x00000080   Code   RO         3479    i.prvProcessExpiredTimer  timers.o
    0x08003a9c   0x08003a9c   0x0000010c   Code   RO         3480    i.prvProcessReceivedCommands  timers.o
    0x08003ba8   0x08003ba8   0x00000074   Code   RO         3481    i.prvProcessTimerOrBlockTask  timers.o
    0x08003c1c   0x08003c1c   0x00000034   Code   RO         3187    i.prvResetNextTaskUnblockTime  tasks.o
    0x08003c50   0x08003c50   0x0000002c   Code   RO         3482    i.prvSampleTimeNow  timers.o
    0x08003c7c   0x08003c7c   0x000000bc   Code   RO         3483    i.prvSwitchTimerLists  timers.o
    0x08003d38   0x08003d38   0x00000068   Code   RO         3651    i.prvTaskExitError  port.o
    0x08003da0   0x08003da0   0x0000001e   Code   RO         2891    i.prvTestWaitCondition  event_groups.o
    0x08003dbe   0x08003dbe   0x0000001a   Code   RO         3484    i.prvTimerTask      timers.o
    0x08003dd8   0x08003dd8   0x0000007e   Code   RO         3033    i.prvUnlockQueue    queue.o
    0x08003e56   0x08003e56   0x00000002   PAD
    0x08003e58   0x08003e58   0x0000014c   Code   RO         3599    i.pvPortMalloc      heap_4.o
    0x08003fa4   0x08003fa4   0x00000024   Code   RO         3652    i.pxPortInitialiseStack  port.o
    0x08003fc8   0x08003fc8   0x00000034   Code   RO         2759    i.usart2_SendString  usart2.o
    0x08003ffc   0x08003ffc   0x00000028   Code   RO         2987    i.uxListRemove      list.o
    0x08004024   0x08004024   0x0000001c   Code   RO         3193    i.uxTaskResetEventItemValue  tasks.o
    0x08004040   0x08004040   0x0000001a   Code   RO         2988    i.vListInitialise   list.o
    0x0800405a   0x0800405a   0x00000006   Code   RO         2989    i.vListInitialiseItem  list.o
    0x08004060   0x08004060   0x00000034   Code   RO         2990    i.vListInsert       list.o
    0x08004094   0x08004094   0x00000018   Code   RO         2991    i.vListInsertEnd    list.o
    0x080040ac   0x080040ac   0x00000080   Code   RO         3654    i.vPortEnterCritical  port.o
    0x0800412c   0x0800412c   0x00000068   Code   RO         3655    i.vPortExitCritical  port.o
    0x08004194   0x08004194   0x000000b0   Code   RO         3600    i.vPortFree         heap_4.o
    0x08004244   0x08004244   0x00000020   Code   RO         3656    i.vPortSetupTimerInterrupt  port.o
    0x08004264   0x08004264   0x00000098   Code   RO         3657    i.vPortValidateInterruptPriority  port.o
    0x080042fc   0x080042fc   0x0000002c   Code   RO         3037    i.vQueueAddToRegistry  queue.o
    0x08004328   0x08004328   0x0000004a   Code   RO         3040    i.vQueueWaitForMessageRestricted  queue.o
    0x08004372   0x08004372   0x00000002   PAD
    0x08004374   0x08004374   0x00000074   Code   RO         3194    i.vTaskDelay        tasks.o
    0x080043e8   0x080043e8   0x0000010c   Code   RO         3196    i.vTaskDelete       tasks.o
    0x080044f4   0x080044f4   0x0000000c   Code   RO         3198    i.vTaskMissedYield  tasks.o
    0x08004500   0x08004500   0x00000054   Code   RO         3200    i.vTaskPlaceOnEventList  tasks.o
    0x08004554   0x08004554   0x0000005c   Code   RO         3201    i.vTaskPlaceOnEventListRestricted  tasks.o
    0x080045b0   0x080045b0   0x0000007c   Code   RO         3202    i.vTaskPlaceOnUnorderedEventList  tasks.o
    0x0800462c   0x0800462c   0x0000004c   Code   RO         3205    i.vTaskSetTimeOutState  tasks.o
    0x08004678   0x08004678   0x000000ac   Code   RO         3206    i.vTaskStartScheduler  tasks.o
    0x08004724   0x08004724   0x00000010   Code   RO         3208    i.vTaskSuspendAll   tasks.o
    0x08004734   0x08004734   0x000000a8   Code   RO         3209    i.vTaskSwitchContext  tasks.o
    0x080047dc   0x080047dc   0x00000074   Code   RO         2895    i.xEventGroupClearBits  event_groups.o
    0x08004850   0x08004850   0x0000001a   Code   RO         2896    i.xEventGroupCreate  event_groups.o
    0x0800486a   0x0800486a   0x00000002   PAD
    0x0800486c   0x0800486c   0x000000e8   Code   RO         2898    i.xEventGroupSetBits  event_groups.o
    0x08004954   0x08004954   0x00000158   Code   RO         2900    i.xEventGroupWaitBits  event_groups.o
    0x08004aac   0x08004aac   0x000000a0   Code   RO         3658    i.xPortStartScheduler  port.o
    0x08004b4c   0x08004b4c   0x00000034   Code   RO         3659    i.xPortSysTickHandler  port.o
    0x08004b80   0x08004b80   0x00000074   Code   RO         3041    i.xQueueGenericCreate  queue.o
    0x08004bf4   0x08004bf4   0x000001ac   Code   RO         3042    i.xQueueGenericReceive  queue.o
    0x08004da0   0x08004da0   0x000000b0   Code   RO         3043    i.xQueueGenericReset  queue.o
    0x08004e50   0x08004e50   0x000001a4   Code   RO         3044    i.xQueueGenericSend  queue.o
    0x08004ff4   0x08004ff4   0x00000100   Code   RO         3045    i.xQueueGenericSendFromISR  queue.o
    0x080050f4   0x080050f4   0x000000a0   Code   RO         3210    i.xTaskCheckForTimeOut  tasks.o
    0x08005194   0x08005194   0x00000060   Code   RO         3211    i.xTaskCreate       tasks.o
    0x080051f4   0x080051f4   0x00000114   Code   RO         3212    i.xTaskGenericNotify  tasks.o
    0x08005308   0x08005308   0x00000020   Code   RO         3214    i.xTaskGetSchedulerState  tasks.o
    0x08005328   0x08005328   0x0000000c   Code   RO         3215    i.xTaskGetTickCount  tasks.o
    0x08005334   0x08005334   0x00000160   Code   RO         3217    i.xTaskIncrementTick  tasks.o
    0x08005494   0x08005494   0x000000a0   Code   RO         3219    i.xTaskNotifyWait   tasks.o
    0x08005534   0x08005534   0x000000b4   Code   RO         3220    i.xTaskRemoveFromEventList  tasks.o
    0x080055e8   0x080055e8   0x000000c0   Code   RO         3221    i.xTaskRemoveFromUnorderedEventList  tasks.o
    0x080056a8   0x080056a8   0x00000120   Code   RO         3222    i.xTaskResumeAll    tasks.o
    0x080057c8   0x080057c8   0x00000030   Code   RO         3487    i.xTimerCreate      timers.o
    0x080057f8   0x080057f8   0x00000074   Code   RO         3488    i.xTimerCreateTimerTask  timers.o
    0x0800586c   0x0800586c   0x000000a0   Code   RO         3489    i.xTimerGenericCommand  timers.o
    0x0800590c   0x0800590c   0x00000032   Data   RO         2814    .constdata          sim800c.o
    0x0800593e   0x0800593e   0x00000002   PAD
    0x08005940   0x08005940   0x00000062   Data   RO         2200    .conststring        main.o
    0x080059a2   0x080059a2   0x00000002   PAD
    0x080059a4   0x080059a4   0x00000020   Data   RO         4058    Region$$Table       anon$$obj.o


    Execution Region RW_IRAM1 (Exec base: 0x20000000, Load base: 0x080059c4, Size: 0x00003b90, Max: 0x00005000, ABSOLUTE, COMPRESSED[0x0000002c])

    Exec Addr    Load Addr    Size         Type   Attr      Idx    E Section Name        Object

    0x20000000   COMPRESSED   0x00000014   Data   RW          831    .data               stm32f10x_rcc.o
    0x20000014   COMPRESSED   0x00000014   Data   RW         2161    .data               system_stm32f10x.o
    0x20000028   COMPRESSED   0x0000007d   Data   RW         2201    .data               main.o
    0x200000a5   COMPRESSED   0x00000001   PAD
    0x200000a6   COMPRESSED   0x00000004   Data   RW         2425    .data               delay.o
    0x200000aa   COMPRESSED   0x00000002   Data   RW         2468    .data               usart3.o
    0x200000ac   COMPRESSED   0x0000000a   Data   RW         2559    .data               as608.o
    0x200000b6   COMPRESSED   0x00000001   Data   RW         2762    .data               usart2.o
    0x200000b7   COMPRESSED   0x00000036   Data   RW         2815    .data               sim800c.o
    0x200000ed   COMPRESSED   0x00000003   PAD
    0x200000f0   COMPRESSED   0x0000003c   Data   RW         3225    .data               tasks.o
    0x2000012c   COMPRESSED   0x00000014   Data   RW         3495    .data               timers.o
    0x20000140   COMPRESSED   0x00000018   Data   RW         3605    .data               heap_4.o
    0x20000158   COMPRESSED   0x0000000c   Data   RW         3660    .data               port.o
    0x20000164   COMPRESSED   0x00000004   Data   RW         4032    .data               mc_w.l(stdout.o)
    0x20000168        -       0x0000001f   Zero   RW         2199    .bss                main.o
    0x20000187        -       0x00000320   Zero   RW         2467    .bss                usart3.o
    0x200004a7        -       0x00000064   Zero   RW         2711    .bss                usart1.o
    0x2000050b        -       0x00000064   Zero   RW         2761    .bss                usart2.o
    0x2000056f   COMPRESSED   0x00000001   PAD
    0x20000570        -       0x00000050   Zero   RW         3051    .bss                queue.o
    0x200005c0        -       0x000001a4   Zero   RW         3224    .bss                tasks.o
    0x20000764        -       0x00000028   Zero   RW         3494    .bss                timers.o
    0x2000078c        -       0x00003000   Zero   RW         3604    .bss                heap_4.o
    0x2000378c   COMPRESSED   0x00000004   PAD
    0x20003790        -       0x00000400   Zero   RW            1    STACK               startup_stm32f10x_md.o


==============================================================================

Image component sizes


      Code (inc. data)   RO Data    RW Data    ZI Data      Debug   Object Name

      1242        174          0         10          0      10871   as608.o
       144         22          0          4          0       1296   delay.o
       748        140          0          0          0      15502   event_groups.o
       736        160          0         24      12288       4059   heap_4.o
       148          0          0          0          0       3354   list.o
      3848       1114         98        125         31      26723   main.o
       172         22          0          0          0     254413   misc.o
        12          0          0          0          0        478   nvic.o
       918        288          0         12          0      10441   port.o
      1882        204          0          0         80      12541   queue.o
       492        120         50         54          0       4677   sim800c.o
        36          8        236          0       1024        888   startup_stm32f10x_md.o
       286          0          0          0          0       3464   stm32f10x_gpio.o
        36          0          0          0          0       3283   stm32f10x_it.o
       340         44          0         20          0       6196   stm32f10x_rcc.o
       250         42          0          0          0       4743   stm32f10x_tim.o
       628         28          0          0          0       8302   stm32f10x_usart.o
       328         28          0         20          0       2557   system_stm32f10x.o
      3742        990          0         60        420      31390   tasks.o
       148         16          0          0          0       1190   tim3.o
      1430        350          0         20         40      10498   timers.o
       354         30          0          0        100       5295   usart1.o
       364         32          0          1        100       3411   usart2.o
       320         36          0          2        800       3026   usart3.o

    ----------------------------------------------------------------------
     18632       3848        420        356      14888     428598   Object Totals
         0          0         32          0          0          0   (incl. Generated)
        28          0          4          4          5          0   (incl. Padding)

    ----------------------------------------------------------------------

      Code (inc. data)   RO Data    RW Data    ZI Data      Debug   Library Member Name

        86          0          0          0          0          0   __dczerorl2.o
         0          0          0          0          0          0   entry.o
         0          0          0          0          0          0   entry10a.o
         0          0          0          0          0          0   entry11a.o
         4          0          0          0          0          0   entry12b.o
         8          4          0          0          0          0   entry2.o
         4          0          0          0          0          0   entry5.o
         0          0          0          0          0          0   entry7b.o
         0          0          0          0          0          0   entry8b.o
         8          4          0          0          0          0   entry9a.o
        30          0          0          0          0          0   handlers.o
        36          8          0          0          0         68   init.o
         0          0          0          0          0          0   iusefp.o
        30          0          0          0          0         68   llshl.o
        36          0          0          0          0         68   llsshr.o
        32          0          0          0          0         68   llushr.o
        36          0          0          0          0         68   memcpya.o
        36          0          0          0          0        108   memseta.o
      2268         96          0          0          0        616   printfa.o
         0          0          0          4          0          0   stdout.o
        24          0          0          0          0         68   strcat.o
        18          0          0          0          0         68   strcpy.o
        24          0          0          0          0         76   strncpy.o
        36          0          0          0          0         80   strstr.o
        44          0          0          0          0         80   uidiv.o
        98          0          0          0          0         92   uldiv.o
        48          0          0          0          0         68   cdrcmple.o
       334          0          0          0          0        148   dadd.o
       222          0          0          0          0        100   ddiv.o
       186          0          0          0          0        176   depilogue.o
        48          0          0          0          0         68   dfixul.o
       228          0          0          0          0         96   dmul.o

    ----------------------------------------------------------------------
      3928        112          0          4          0       2184   Library Totals
         4          0          0          0          0          0   (incl. Padding)

    ----------------------------------------------------------------------

      Code (inc. data)   RO Data    RW Data    ZI Data      Debug   Library Name

      2858        112          0          4          0       1528   mc_w.l
      1066          0          0          0          0        656   mf_w.l

    ----------------------------------------------------------------------
      3928        112          0          4          0       2184   Library Totals

    ----------------------------------------------------------------------

==============================================================================


      Code (inc. data)   RO Data    RW Data    ZI Data      Debug   

     22560       3960        420        360      14888     421654   Grand Totals
     22560       3960        420         44      14888     421654   ELF Image Totals (compressed)
     22560       3960        420         44          0          0   ROM Totals

==============================================================================

    Total RO  Size (Code + RO Data)                22980 (  22.44kB)
    Total RW  Size (RW Data + ZI Data)             15248 (  14.89kB)
    Total ROM Size (Code + RO Data + RW Data)      23024 (  22.48kB)

==============================================================================

