Component: ARM Compiler 5.06 update 7 (build 960) Tool: armlink [4d3601]

==============================================================================

Section Cross References

    startup_stm32f10x_md.o(RESET) refers to startup_stm32f10x_md.o(STACK) for __initial_sp
    startup_stm32f10x_md.o(RESET) refers to startup_stm32f10x_md.o(.text) for Reset_Handler
    startup_stm32f10x_md.o(RESET) refers to stm32f10x_it.o(i.NMI_Handler) for NMI_Handler
    startup_stm32f10x_md.o(RESET) refers to stm32f10x_it.o(i.HardFault_Handler) for HardFault_Handler
    startup_stm32f10x_md.o(RESET) refers to stm32f10x_it.o(i.MemManage_Handler) for MemManage_Handler
    startup_stm32f10x_md.o(RESET) refers to stm32f10x_it.o(i.BusFault_Handler) for BusFault_Handler
    startup_stm32f10x_md.o(RESET) refers to stm32f10x_it.o(i.UsageFault_Handler) for UsageFault_Handler
    startup_stm32f10x_md.o(RESET) refers to stm32f10x_it.o(i.DebugMon_Handler) for DebugMon_Handler
    startup_stm32f10x_md.o(RESET) refers to tim3.o(i.TIM3_IRQHandler) for TIM3_IRQHandler
    startup_stm32f10x_md.o(RESET) refers to myconfig.o(i.TIM4_IRQHandler) for TIM4_IRQHandler
    startup_stm32f10x_md.o(RESET) refers to usart1.o(i.USART1_IRQHandler) for USART1_IRQHandler
    startup_stm32f10x_md.o(RESET) refers to usart2.o(i.USART2_IRQHandler) for USART2_IRQHandler
    startup_stm32f10x_md.o(RESET) refers to usart3.o(i.USART3_IRQHandler) for USART3_IRQHandler
    startup_stm32f10x_md.o(.text) refers to system_stm32f10x.o(i.SystemInit) for SystemInit
    startup_stm32f10x_md.o(.text) refers to entry.o(.ARM.Collect$$$$00000000) for __main
    stm32f10x_adc.o(i.ADC_DeInit) refers to stm32f10x_rcc.o(i.RCC_APB2PeriphResetCmd) for RCC_APB2PeriphResetCmd
    stm32f10x_bkp.o(i.BKP_DeInit) refers to stm32f10x_rcc.o(i.RCC_BackupResetCmd) for RCC_BackupResetCmd
    stm32f10x_can.o(i.CAN_DeInit) refers to stm32f10x_rcc.o(i.RCC_APB1PeriphResetCmd) for RCC_APB1PeriphResetCmd
    stm32f10x_can.o(i.CAN_GetITStatus) refers to stm32f10x_can.o(i.CheckITStatus) for CheckITStatus
    stm32f10x_cec.o(i.CEC_DeInit) refers to stm32f10x_rcc.o(i.RCC_APB1PeriphResetCmd) for RCC_APB1PeriphResetCmd
    stm32f10x_dac.o(i.DAC_DeInit) refers to stm32f10x_rcc.o(i.RCC_APB1PeriphResetCmd) for RCC_APB1PeriphResetCmd
    stm32f10x_flash.o(i.FLASH_EnableWriteProtection) refers to stm32f10x_flash.o(i.FLASH_WaitForLastOperation) for FLASH_WaitForLastOperation
    stm32f10x_flash.o(i.FLASH_EraseAllBank1Pages) refers to stm32f10x_flash.o(i.FLASH_WaitForLastBank1Operation) for FLASH_WaitForLastBank1Operation
    stm32f10x_flash.o(i.FLASH_EraseAllPages) refers to stm32f10x_flash.o(i.FLASH_WaitForLastOperation) for FLASH_WaitForLastOperation
    stm32f10x_flash.o(i.FLASH_EraseOptionBytes) refers to stm32f10x_flash.o(i.FLASH_GetReadOutProtectionStatus) for FLASH_GetReadOutProtectionStatus
    stm32f10x_flash.o(i.FLASH_EraseOptionBytes) refers to stm32f10x_flash.o(i.FLASH_WaitForLastOperation) for FLASH_WaitForLastOperation
    stm32f10x_flash.o(i.FLASH_ErasePage) refers to stm32f10x_flash.o(i.FLASH_WaitForLastOperation) for FLASH_WaitForLastOperation
    stm32f10x_flash.o(i.FLASH_ProgramHalfWord) refers to stm32f10x_flash.o(i.FLASH_WaitForLastOperation) for FLASH_WaitForLastOperation
    stm32f10x_flash.o(i.FLASH_ProgramOptionByteData) refers to stm32f10x_flash.o(i.FLASH_WaitForLastOperation) for FLASH_WaitForLastOperation
    stm32f10x_flash.o(i.FLASH_ProgramWord) refers to stm32f10x_flash.o(i.FLASH_WaitForLastOperation) for FLASH_WaitForLastOperation
    stm32f10x_flash.o(i.FLASH_ReadOutProtection) refers to stm32f10x_flash.o(i.FLASH_WaitForLastOperation) for FLASH_WaitForLastOperation
    stm32f10x_flash.o(i.FLASH_UserOptionByteConfig) refers to stm32f10x_flash.o(i.FLASH_WaitForLastOperation) for FLASH_WaitForLastOperation
    stm32f10x_flash.o(i.FLASH_WaitForLastBank1Operation) refers to stm32f10x_flash.o(i.FLASH_GetBank1Status) for FLASH_GetBank1Status
    stm32f10x_flash.o(i.FLASH_WaitForLastOperation) refers to stm32f10x_flash.o(i.FLASH_GetBank1Status) for FLASH_GetBank1Status
    stm32f10x_gpio.o(i.GPIO_AFIODeInit) refers to stm32f10x_rcc.o(i.RCC_APB2PeriphResetCmd) for RCC_APB2PeriphResetCmd
    stm32f10x_gpio.o(i.GPIO_DeInit) refers to stm32f10x_rcc.o(i.RCC_APB2PeriphResetCmd) for RCC_APB2PeriphResetCmd
    stm32f10x_i2c.o(i.I2C_DeInit) refers to stm32f10x_rcc.o(i.RCC_APB1PeriphResetCmd) for RCC_APB1PeriphResetCmd
    stm32f10x_i2c.o(i.I2C_Init) refers to stm32f10x_rcc.o(i.RCC_GetClocksFreq) for RCC_GetClocksFreq
    stm32f10x_pwr.o(i.PWR_DeInit) refers to stm32f10x_rcc.o(i.RCC_APB1PeriphResetCmd) for RCC_APB1PeriphResetCmd
    stm32f10x_rcc.o(i.RCC_GetClocksFreq) refers to stm32f10x_rcc.o(.data) for APBAHBPrescTable
    stm32f10x_rcc.o(i.RCC_WaitForHSEStartUp) refers to stm32f10x_rcc.o(i.RCC_GetFlagStatus) for RCC_GetFlagStatus
    stm32f10x_rtc.o(i.RTC_SetAlarm) refers to stm32f10x_rtc.o(i.RTC_EnterConfigMode) for RTC_EnterConfigMode
[...]
    Removing stm32f10x_i2c.o(i.I2C_GeneralCallCmd), (24 bytes).
    Removing stm32f10x_i2c.o(i.I2C_GenerateSTART), (24 bytes).
    Removing stm32f10x_i2c.o(i.I2C_GenerateSTOP), (24 bytes).
    Removing stm32f10x_i2c.o(i.I2C_GetFlagStatus), (58 bytes).
    Removing stm32f10x_i2c.o(i.I2C_GetITStatus), (38 bytes).
    Removing stm32f10x_i2c.o(i.I2C_GetLastEvent), (26 bytes).
    Removing stm32f10x_i2c.o(i.I2C_GetPEC), (8 bytes).
    Removing stm32f10x_i2c.o(i.I2C_ITConfig), (18 bytes).
    Removing stm32f10x_i2c.o(i.I2C_Init), (236 bytes).
    Removing stm32f10x_i2c.o(i.I2C_NACKPositionConfig), (28 bytes).
    Removing stm32f10x_i2c.o(i.I2C_OwnAddress2Config), (22 bytes).
    Removing stm32f10x_i2c.o(i.I2C_PECPositionConfig), (28 bytes).
    Removing stm32f10x_i2c.o(i.I2C_ReadRegister), (22 bytes).
    Removing stm32f10x_i2c.o(i.I2C_ReceiveData), (8 bytes).
    Removing stm32f10x_i2c.o(i.I2C_SMBusAlertConfig), (28 bytes).
    Removing stm32f10x_i2c.o(i.I2C_Send7bitAddress), (18 bytes).
    Removing stm32f10x_i2c.o(i.I2C_SendData), (4 bytes).
    Removing stm32f10x_i2c.o(i.I2C_SoftwareResetCmd), (22 bytes).
    Removing stm32f10x_i2c.o(i.I2C_StretchClockCmd), (24 bytes).
    Removing stm32f10x_i2c.o(i.I2C_StructInit), (30 bytes).
    Removing stm32f10x_i2c.o(i.I2C_TransmitPEC), (24 bytes).
    Removing stm32f10x_iwdg.o(i.IWDG_Enable), (16 bytes).
    Removing stm32f10x_iwdg.o(i.IWDG_GetFlagStatus), (24 bytes).
    Removing stm32f10x_iwdg.o(i.IWDG_ReloadCounter), (16 bytes).
    Removing stm32f10x_iwdg.o(i.IWDG_SetPrescaler), (12 bytes).
    Removing stm32f10x_iwdg.o(i.IWDG_SetReload), (12 bytes).
    Removing stm32f10x_iwdg.o(i.IWDG_WriteAccessCmd), (12 bytes).
    Removing stm32f10x_pwr.o(i.PWR_BackupAccessCmd), (12 bytes).
    Removing stm32f10x_pwr.o(i.PWR_ClearFlag), (20 bytes).
    Removing stm32f10x_pwr.o(i.PWR_DeInit), (22 bytes).
    Removing stm32f10x_pwr.o(i.PWR_EnterSTANDBYMode), (52 bytes).
    Removing stm32f10x_pwr.o(i.PWR_EnterSTOPMode), (64 bytes).
    Removing stm32f10x_pwr.o(i.PWR_GetFlagStatus), (24 bytes).
    Removing stm32f10x_pwr.o(i.PWR_PVDCmd), (12 bytes).
    Removing stm32f10x_pwr.o(i.PWR_PVDLevelConfig), (24 bytes).
    Removing stm32f10x_pwr.o(i.PWR_WakeUpPinCmd), (12 bytes).
    Removing stm32f10x_rcc.o(i.RCC_ADCCLKConfig), (24 bytes).
    Removing stm32f10x_rcc.o(i.RCC_AHBPeriphClockCmd), (32 bytes).
    Removing stm32f10x_rcc.o(i.RCC_AdjustHSICalibrationValue), (24 bytes).
    Removing stm32f10x_rcc.o(i.RCC_BackupResetCmd), (12 bytes).
    Removing stm32f10x_rcc.o(i.RCC_ClearFlag), (20 bytes).
    Removing stm32f10x_rcc.o(i.RCC_ClearITPendingBit), (12 bytes).
    Removing stm32f10x_rcc.o(i.RCC_ClockSecuritySystemCmd), (12 bytes).
    Removing stm32f10x_rcc.o(i.RCC_DeInit), (76 bytes).
    Removing stm32f10x_rcc.o(i.RCC_GetFlagStatus), (60 bytes).
    Removing stm32f10x_rcc.o(i.RCC_GetITStatus), (24 bytes).
    Removing stm32f10x_rcc.o(i.RCC_GetSYSCLKSource), (16 bytes).
    Removing stm32f10x_rcc.o(i.RCC_HCLKConfig), (24 bytes).
    Removing stm32f10x_rcc.o(i.RCC_HSEConfig), (76 bytes).
    Removing stm32f10x_rcc.o(i.RCC_HSICmd), (12 bytes).
    Removing stm32f10x_rcc.o(i.RCC_ITConfig), (32 bytes).
    Removing stm32f10x_rcc.o(i.RCC_LSEConfig), (52 bytes).
    Removing stm32f10x_rcc.o(i.RCC_LSICmd), (12 bytes).
    Removing stm32f10x_rcc.o(i.RCC_MCOConfig), (12 bytes).
    Removing stm32f10x_rcc.o(i.RCC_PCLK1Config), (24 bytes).
    Removing stm32f10x_rcc.o(i.RCC_PCLK2Config), (24 bytes).
    Removing stm32f10x_rcc.o(i.RCC_PLLCmd), (12 bytes).
    Removing stm32f10x_rcc.o(i.RCC_PLLConfig), (28 bytes).
    Removing stm32f10x_rcc.o(i.RCC_RTCCLKCmd), (12 bytes).
    Removing stm32f10x_rcc.o(i.RCC_RTCCLKConfig), (16 bytes).
    Removing stm32f10x_rcc.o(i.RCC_SYSCLKConfig), (24 bytes).
    Removing stm32f10x_rcc.o(i.RCC_USBCLKConfig), (12 bytes).
    Removing stm32f10x_rcc.o(i.RCC_WaitForHSEStartUp), (56 bytes).
    Removing stm32f10x_rtc.o(i.RTC_ClearFlag), (16 bytes).
    Removing stm32f10x_rtc.o(i.RTC_ClearITPendingBit), (16 bytes).
    Removing stm32f10x_rtc.o(i.RTC_EnterConfigMode), (20 bytes).
    Removing stm32f10x_rtc.o(i.RTC_ExitConfigMode), (20 bytes).
    Removing stm32f10x_rtc.o(i.RTC_GetCounter), (20 bytes).
    Removing stm32f10x_rtc.o(i.RTC_GetDivider), (24 bytes).
    Removing stm32f10x_rtc.o(i.RTC_GetFlagStatus), (24 bytes).
    Removing stm32f10x_rtc.o(i.RTC_GetITStatus), (36 bytes).
    Removing stm32f10x_rtc.o(i.RTC_ITConfig), (32 bytes).
    Removing stm32f10x_rtc.o(i.RTC_SetAlarm), (28 bytes).
    Removing stm32f10x_rtc.o(i.RTC_SetCounter), (28 bytes).
    Removing stm32f10x_rtc.o(i.RTC_SetPrescaler), (32 bytes).
    Removing stm32f10x_rtc.o(i.RTC_WaitForLastTask), (20 bytes).
    Removing stm32f10x_rtc.o(i.RTC_WaitForSynchro), (36 bytes).
    Removing stm32f10x_sdio.o(i.SDIO_CEATAITCmd), (16 bytes).
    Removing stm32f10x_sdio.o(i.SDIO_ClearFlag), (12 bytes).
    Removing stm32f10x_sdio.o(i.SDIO_ClearITPendingBit), (12 bytes).
    Removing stm32f10x_sdio.o(i.SDIO_ClockCmd), (12 bytes).
    Removing stm32f10x_sdio.o(i.SDIO_CmdStructInit), (14 bytes).
    Removing stm32f10x_sdio.o(i.SDIO_CommandCompletionCmd), (12 bytes).
    Removing stm32f10x_sdio.o(i.SDIO_DMACmd), (12 bytes).
    Removing stm32f10x_sdio.o(i.SDIO_DataConfig), (48 bytes).
    Removing stm32f10x_sdio.o(i.SDIO_DataStructInit), (20 bytes).
    Removing stm32f10x_sdio.o(i.SDIO_DeInit), (36 bytes).
    Removing stm32f10x_sdio.o(i.SDIO_GetCommandResponse), (12 bytes).
    Removing stm32f10x_sdio.o(i.SDIO_GetDataCounter), (12 bytes).
    Removing stm32f10x_sdio.o(i.SDIO_GetFIFOCount), (12 bytes).
    Removing stm32f10x_sdio.o(i.SDIO_GetFlagStatus), (24 bytes).
    Removing stm32f10x_sdio.o(i.SDIO_GetITStatus), (24 bytes).
    Removing stm32f10x_sdio.o(i.SDIO_GetPowerState), (16 bytes).
    Removing stm32f10x_sdio.o(i.SDIO_GetResponse), (24 bytes).
    Removing stm32f10x_sdio.o(i.SDIO_ITConfig), (32 bytes).
    Removing stm32f10x_sdio.o(i.SDIO_Init), (48 bytes).
    Removing stm32f10x_sdio.o(i.SDIO_ReadData), (12 bytes).
    Removing stm32f10x_sdio.o(i.SDIO_SendCEATACmd), (12 bytes).
    Removing stm32f10x_sdio.o(i.SDIO_SendCommand), (44 bytes).
    Removing stm32f10x_sdio.o(i.SDIO_SendSDIOSuspendCmd), (12 bytes).
    Removing stm32f10x_sdio.o(i.SDIO_SetPowerState), (28 bytes).
    Removing stm32f10x_sdio.o(i.SDIO_SetSDIOOperation), (12 bytes).
    Removing stm32f10x_sdio.o(i.SDIO_SetSDIOReadWaitMode), (12 bytes).
    Removing stm32f10x_sdio.o(i.SDIO_StartSDIOReadWait), (12 bytes).
    Removing stm32f10x_sdio.o(i.SDIO_StopSDIOReadWait), (12 bytes).
    Removing stm32f10x_sdio.o(i.SDIO_StructInit), (16 bytes).
    Removing stm32f10x_sdio.o(i.SDIO_WriteData), (12 bytes).
    Removing stm32f10x_spi.o(i.I2S_Cmd), (24 bytes).
    Removing stm32f10x_spi.o(i.I2S_Init), (232 bytes).
    Removing stm32f10x_spi.o(i.I2S_StructInit), (20 bytes).
    Removing stm32f10x_spi.o(i.SPI_BiDirectionalLineConfig), (28 bytes).
    Removing stm32f10x_spi.o(i.SPI_CalculateCRC), (24 bytes).
    Removing stm32f10x_spi.o(i.SPI_Cmd), (24 bytes).
    Removing stm32f10x_spi.o(i.SPI_DataSizeConfig), (18 bytes).
    Removing stm32f10x_spi.o(i.SPI_GetCRC), (16 bytes).
    Removing stm32f10x_spi.o(i.SPI_GetCRCPolynomial), (6 bytes).
    Removing stm32f10x_spi.o(i.SPI_I2S_ClearFlag), (6 bytes).
    Removing stm32f10x_spi.o(i.SPI_I2S_ClearITPendingBit), (20 bytes).
    Removing stm32f10x_spi.o(i.SPI_I2S_DMACmd), (18 bytes).
    Removing stm32f10x_spi.o(i.SPI_I2S_DeInit), (88 bytes).
    Removing stm32f10x_spi.o(i.SPI_I2S_GetFlagStatus), (18 bytes).
    Removing stm32f10x_spi.o(i.SPI_I2S_GetITStatus), (52 bytes).
    Removing stm32f10x_spi.o(i.SPI_I2S_ITConfig), (32 bytes).
    Removing stm32f10x_spi.o(i.SPI_I2S_ReceiveData), (6 bytes).
    Removing stm32f10x_spi.o(i.SPI_I2S_SendData), (4 bytes).
    Removing stm32f10x_spi.o(i.SPI_Init), (60 bytes).
    Removing stm32f10x_spi.o(i.SPI_NSSInternalSoftwareConfig), (30 bytes).
    Removing stm32f10x_spi.o(i.SPI_SSOutputCmd), (24 bytes).
    Removing stm32f10x_spi.o(i.SPI_StructInit), (24 bytes).
    Removing stm32f10x_spi.o(i.SPI_TransmitCRC), (10 bytes).
    Removing stm32f10x_tim.o(i.TI1_Config), (128 bytes).
    Removing stm32f10x_tim.o(i.TI2_Config), (152 bytes).
    Removing stm32f10x_tim.o(i.TI3_Config), (144 bytes).
    Removing stm32f10x_tim.o(i.TI4_Config), (152 bytes).
    Removing stm32f10x_tim.o(i.TIM_ARRPreloadConfig), (24 bytes).
    Removing stm32f10x_tim.o(i.TIM_BDTRConfig), (32 bytes).
    Removing stm32f10x_tim.o(i.TIM_BDTRStructInit), (18 bytes).
    Removing stm32f10x_tim.o(i.TIM_CCPreloadControl), (24 bytes).
    Removing stm32f10x_tim.o(i.TIM_CCxCmd), (30 bytes).
    Removing stm32f10x_tim.o(i.TIM_CCxNCmd), (30 bytes).
    Removing stm32f10x_tim.o(i.TIM_ClearFlag), (6 bytes).
    Removing stm32f10x_tim.o(i.TIM_ClearOC1Ref), (18 bytes).
    Removing stm32f10x_tim.o(i.TIM_ClearOC2Ref), (24 bytes).
    Removing stm32f10x_tim.o(i.TIM_ClearOC3Ref), (18 bytes).
    Removing stm32f10x_tim.o(i.TIM_ClearOC4Ref), (24 bytes).
    Removing stm32f10x_tim.o(i.TIM_CounterModeConfig), (18 bytes).
    Removing stm32f10x_tim.o(i.TIM_CtrlPWMOutputs), (30 bytes).
    Removing stm32f10x_tim.o(i.TIM_DMACmd), (18 bytes).
    Removing stm32f10x_tim.o(i.TIM_DMAConfig), (10 bytes).
    Removing stm32f10x_tim.o(i.TIM_DeInit), (488 bytes).
    Removing stm32f10x_tim.o(i.TIM_ETRClockMode1Config), (54 bytes).
    Removing stm32f10x_tim.o(i.TIM_ETRClockMode2Config), (32 bytes).
    Removing stm32f10x_tim.o(i.TIM_ETRConfig), (28 bytes).
    Removing stm32f10x_tim.o(i.TIM_EncoderInterfaceConfig), (66 bytes).
    Removing stm32f10x_tim.o(i.TIM_ForcedOC1Config), (18 bytes).
    Removing stm32f10x_tim.o(i.TIM_ForcedOC2Config), (26 bytes).
    Removing stm32f10x_tim.o(i.TIM_ForcedOC3Config), (18 bytes).
    Removing stm32f10x_tim.o(i.TIM_ForcedOC4Config), (26 bytes).
    Removing stm32f10x_tim.o(i.TIM_GenerateEvent), (4 bytes).
    Removing stm32f10x_tim.o(i.TIM_GetCapture1), (6 bytes).
    Removing stm32f10x_tim.o(i.TIM_GetCapture2), (6 bytes).
    Removing stm32f10x_tim.o(i.TIM_GetCapture3), (6 bytes).
    Removing stm32f10x_tim.o(i.TIM_GetCapture4), (8 bytes).
    Removing stm32f10x_tim.o(i.TIM_GetCounter), (6 bytes).
    Removing stm32f10x_tim.o(i.TIM_GetFlagStatus), (18 bytes).
    Removing stm32f10x_tim.o(i.TIM_GetPrescaler), (6 bytes).
    Removing stm32f10x_tim.o(i.TIM_ICInit), (172 bytes).
    Removing stm32f10x_tim.o(i.TIM_ICStructInit), (18 bytes).
    Removing stm32f10x_tim.o(i.TIM_ITRxExternalClockConfig), (24 bytes).
    Removing stm32f10x_tim.o(i.TIM_InternalClockConfig), (12 bytes).
    Removing stm32f10x_tim.o(i.TIM_OC1FastConfig), (18 bytes).
    Removing stm32f10x_tim.o(i.TIM_OC1Init), (152 bytes).
    Removing stm32f10x_tim.o(i.TIM_OC1NPolarityConfig), (18 bytes).
    Removing stm32f10x_tim.o(i.TIM_OC1PolarityConfig), (18 bytes).
    Removing stm32f10x_tim.o(i.TIM_OC1PreloadConfig), (18 bytes).
    Removing stm32f10x_tim.o(i.TIM_OC2FastConfig), (26 bytes).
    Removing stm32f10x_tim.o(i.TIM_OC2Init), (164 bytes).
    Removing stm32f10x_tim.o(i.TIM_OC2NPolarityConfig), (26 bytes).
    Removing stm32f10x_tim.o(i.TIM_OC2PolarityConfig), (26 bytes).
    Removing stm32f10x_tim.o(i.TIM_OC2PreloadConfig), (26 bytes).
    Removing stm32f10x_tim.o(i.TIM_OC3FastConfig), (18 bytes).
    Removing stm32f10x_tim.o(i.TIM_OC3Init), (160 bytes).
    Removing stm32f10x_tim.o(i.TIM_OC3NPolarityConfig), (26 bytes).
    Removing stm32f10x_tim.o(i.TIM_OC3PolarityConfig), (26 bytes).
    Removing stm32f10x_tim.o(i.TIM_OC3PreloadConfig), (18 bytes).
    Removing stm32f10x_tim.o(i.TIM_OC4FastConfig), (26 bytes).
    Removing stm32f10x_tim.o(i.TIM_OC4Init), (124 bytes).
    Removing stm32f10x_tim.o(i.TIM_OC4PolarityConfig), (26 bytes).
    Removing stm32f10x_tim.o(i.TIM_OC4PreloadConfig), (26 bytes).
    Removing stm32f10x_tim.o(i.TIM_OCStructInit), (20 bytes).
    Removing stm32f10x_tim.o(i.TIM_PWMIConfig), (124 bytes).
    Removing stm32f10x_tim.o(i.TIM_SelectCCDMA), (24 bytes).
    Removing stm32f10x_tim.o(i.TIM_SelectCOM), (24 bytes).
    Removing stm32f10x_tim.o(i.TIM_SelectHallSensor), (24 bytes).
    Removing stm32f10x_tim.o(i.TIM_SelectInputTrigger), (18 bytes).
    Removing stm32f10x_tim.o(i.TIM_SelectMasterSlaveMode), (18 bytes).
    Removing stm32f10x_tim.o(i.TIM_SelectOCxM), (82 bytes).
    Removing stm32f10x_tim.o(i.TIM_SelectOnePulseMode), (18 bytes).
    Removing stm32f10x_tim.o(i.TIM_SelectOutputTrigger), (18 bytes).
    Removing stm32f10x_tim.o(i.TIM_SelectSlaveMode), (18 bytes).
    Removing stm32f10x_tim.o(i.TIM_SetAutoreload), (4 bytes).
    Removing stm32f10x_tim.o(i.TIM_SetClockDivision), (18 bytes).
    Removing stm32f10x_tim.o(i.TIM_SetCompare1), (4 bytes).
    Removing stm32f10x_tim.o(i.TIM_SetCompare2), (4 bytes).
    Removing stm32f10x_tim.o(i.TIM_SetCompare3), (4 bytes).
    Removing stm32f10x_tim.o(i.TIM_SetCompare4), (6 bytes).
    Removing stm32f10x_tim.o(i.TIM_SetIC1Prescaler), (18 bytes).
    Removing stm32f10x_tim.o(i.TIM_SetIC2Prescaler), (26 bytes).
    Removing stm32f10x_tim.o(i.TIM_SetIC3Prescaler), (18 bytes).
    Removing stm32f10x_tim.o(i.TIM_SetIC4Prescaler), (26 bytes).
    Removing stm32f10x_tim.o(i.TIM_TIxExternalClockConfig), (62 bytes).
    Removing stm32f10x_tim.o(i.TIM_TimeBaseStructInit), (18 bytes).
    Removing stm32f10x_tim.o(i.TIM_UpdateDisableConfig), (24 bytes).
    Removing stm32f10x_tim.o(i.TIM_UpdateRequestConfig), (24 bytes).
    Removing stm32f10x_usart.o(i.USART_ClearFlag), (18 bytes).
    Removing stm32f10x_usart.o(i.USART_ClockInit), (34 bytes).
    Removing stm32f10x_usart.o(i.USART_ClockStructInit), (12 bytes).
    Removing stm32f10x_usart.o(i.USART_DMACmd), (18 bytes).
    Removing stm32f10x_usart.o(i.USART_HalfDuplexCmd), (24 bytes).
    Removing stm32f10x_usart.o(i.USART_IrDACmd), (24 bytes).
    Removing stm32f10x_usart.o(i.USART_IrDAConfig), (18 bytes).
    Removing stm32f10x_usart.o(i.USART_LINBreakDetectLengthConfig), (18 bytes).
    Removing stm32f10x_usart.o(i.USART_LINCmd), (24 bytes).
    Removing stm32f10x_usart.o(i.USART_OneBitMethodCmd), (24 bytes).
    Removing stm32f10x_usart.o(i.USART_OverSampling8Cmd), (22 bytes).
    Removing stm32f10x_usart.o(i.USART_ReceiverWakeUpCmd), (24 bytes).
    Removing stm32f10x_usart.o(i.USART_SendBreak), (10 bytes).
    Removing stm32f10x_usart.o(i.USART_SetAddress), (18 bytes).
    Removing stm32f10x_usart.o(i.USART_SetGuardTime), (16 bytes).
    Removing stm32f10x_usart.o(i.USART_SetPrescaler), (16 bytes).
    Removing stm32f10x_usart.o(i.USART_SmartCardCmd), (24 bytes).
    Removing stm32f10x_usart.o(i.USART_SmartCardNACKCmd), (24 bytes).
    Removing stm32f10x_usart.o(i.USART_StructInit), (24 bytes).
    Removing stm32f10x_usart.o(i.USART_WakeUpConfig), (18 bytes).
    Removing stm32f10x_wwdg.o(i.WWDG_ClearFlag), (12 bytes).
    Removing stm32f10x_wwdg.o(i.WWDG_DeInit), (22 bytes).
    Removing stm32f10x_wwdg.o(i.WWDG_Enable), (16 bytes).
    Removing stm32f10x_wwdg.o(i.WWDG_EnableIT), (12 bytes).
    Removing stm32f10x_wwdg.o(i.WWDG_GetFlagStatus), (12 bytes).
    Removing stm32f10x_wwdg.o(i.WWDG_SetCounter), (16 bytes).
    Removing stm32f10x_wwdg.o(i.WWDG_SetPrescaler), (24 bytes).
    Removing stm32f10x_wwdg.o(i.WWDG_SetWindowValue), (40 bytes).
    Removing core_cm3.o(.emb_text), (32 bytes).
    Removing system_stm32f10x.o(i.SystemCoreClockUpdate), (164 bytes).
    Removing sys.o(.emb_text), (6 bytes).
    Removing sys.o(i.INTX_DISABLE), (4 bytes).
    Removing sys.o(i.INTX_ENABLE), (4 bytes).
    Removing sys.o(i.WFI_SET), (4 bytes).
    Removing delay.o(i.Delay_us), (76 bytes).
    Removing gpio.o(i.Relay_GPIO_Config), (56 bytes).
    Removing usart3.o(i.u2_printf), (80 bytes).
    Removing as608.o(i.PS_DeletChar), (108 bytes).
    Removing as608.o(i.PS_Empty), (58 bytes).
    Removing as608.o(i.PS_HandShake), (128 bytes).
    Removing as608.o(i.PS_ReadNotepad), (96 bytes).
    Removing as608.o(i.PS_ReadSysPara), (108 bytes).
    Removing as608.o(i.PS_Search), (144 bytes).
    Removing as608.o(i.PS_SetAddr), (124 bytes).
    Removing as608.o(i.PS_ValidTempleteNum), (74 bytes).
    Removing as608.o(i.PS_WriteNotepad), (106 bytes).
    Removing as608.o(i.PS_WriteReg), (82 bytes).
    Removing as608.o(.bss), (12 bytes).
    Removing usart2.o(i.USART2SendByte), (32 bytes).
    Removing usart2.o(i.usart2_SendStringByLen), (48 bytes).
    Removing stmflash.o(i.Test_Write), (16 bytes).

463 unused section(s) (total 19294 bytes) removed from the image.

==============================================================================

Image Symbol Table

    Local Symbols

    Symbol Name                              Value     Ov Type        Size  Object(Section)

    ../clib/microlib/division.c              0x00000000   Number         0  uldiv.o ABSOLUTE
    ../clib/microlib/division.c              0x00000000   Number         0  uidiv.o ABSOLUTE
    ../clib/microlib/init/entry.s            0x00000000   Number         0  entry10a.o ABSOLUTE
    ../clib/microlib/init/entry.s            0x00000000   Number         0  entry10b.o ABSOLUTE
    ../clib/microlib/init/entry.s            0x00000000   Number         0  entry12b.o ABSOLUTE
    ../clib/microlib/init/entry.s            0x00000000   Number         0  entry2.o ABSOLUTE
    ../clib/microlib/init/entry.s            0x00000000   Number         0  entry8a.o ABSOLUTE
    ../clib/microlib/init/entry.s            0x00000000   Number         0  entry.o ABSOLUTE
    ../clib/microlib/init/entry.s            0x00000000   Number         0  entry11a.o ABSOLUTE
    ../clib/microlib/init/entry.s            0x00000000   Number         0  entry9b.o ABSOLUTE
    ../clib/microlib/init/entry.s            0x00000000   Number         0  entry11b.o ABSOLUTE
    ../clib/microlib/init/entry.s            0x00000000   Number         0  entry12a.o ABSOLUTE
    ../clib/microlib/init/entry.s            0x00000000   Number         0  entry7b.o ABSOLUTE
    ../clib/microlib/init/entry.s            0x00000000   Number         0  entry7a.o ABSOLUTE
    ../clib/microlib/init/entry.s            0x00000000   Number         0  entry5.o ABSOLUTE
    ../clib/microlib/init/entry.s            0x00000000   Number         0  entry8b.o ABSOLUTE
    ../clib/microlib/init/entry.s            0x00000000   Number         0  entry9a.o ABSOLUTE
    ../clib/microlib/longlong.c              0x00000000   Number         0  llsshr.o ABSOLUTE
    ../clib/microlib/longlong.c              0x00000000   Number         0  llushr.o ABSOLUTE
    ../clib/microlib/longlong.c              0x00000000   Number         0  llshl.o ABSOLUTE
    ../clib/microlib/printf/printf.c         0x00000000   Number         0  printf2.o ABSOLUTE
    ../clib/microlib/printf/printf.c         0x00000000   Number         0  printf3.o ABSOLUTE
    ../clib/microlib/printf/printf.c         0x00000000   Number         0  printf1.o ABSOLUTE
    ../clib/microlib/printf/printf.c         0x00000000   Number         0  printf4.o ABSOLUTE
    ../clib/microlib/printf/printf.c         0x00000000   Number         0  printfa.o ABSOLUTE
    ../clib/microlib/printf/printf.c         0x00000000   Number         0  printf8.o ABSOLUTE
    ../clib/microlib/printf/printf.c         0x00000000   Number         0  printf5.o ABSOLUTE
    ../clib/microlib/printf/printf.c         0x00000000   Number         0  printf6.o ABSOLUTE
    ../clib/microlib/printf/printf.c         0x00000000   Number         0  printfb.o ABSOLUTE
    ../clib/microlib/printf/printf.c         0x00000000   Number         0  printf0.o ABSOLUTE
    ../clib/microlib/printf/printf.c         0x00000000   Number         0  printf7.o ABSOLUTE
    ../clib/microlib/printf/stubs.s          0x00000000   Number         0  stubs.o ABSOLUTE
    ../clib/microlib/stdio/streams.c         0x00000000   Number         0  stdout.o ABSOLUTE
    ../clib/microlib/string/memcpy.c         0x00000000   Number         0  memcpya.o ABSOLUTE
    ../clib/microlib/string/memcpy.c         0x00000000   Number         0  memcpyb.o ABSOLUTE
    ../clib/microlib/string/memset.c         0x00000000   Number         0  memseta.o ABSOLUTE
    ../clib/microlib/string/strcat.c         0x00000000   Number         0  strcat.o ABSOLUTE
    ../clib/microlib/string/strcpy.c         0x00000000   Number         0  strcpy.o ABSOLUTE
    ../clib/microlib/string/strlen.c         0x00000000   Number         0  strlen.o ABSOLUTE
    ../clib/microlib/string/strncpy.c        0x00000000   Number         0  strncpy.o ABSOLUTE
    ../clib/microlib/string/strstr.c         0x00000000   Number         0  strstr.o ABSOLUTE
    ../clib/microlib/stubs.s                 0x00000000   Number         0  iusefp.o ABSOLUTE
    ../fplib/microlib/fpadd.c                0x00000000   Number         0  dadd.o ABSOLUTE
    ../fplib/microlib/fpdiv.c                0x00000000   Number         0  ddiv.o ABSOLUTE
    ../fplib/microlib/fpepilogue.c           0x00000000   Number         0  depilogue.o ABSOLUTE
    ../fplib/microlib/fpfix.c                0x00000000   Number         0  dfixul.o ABSOLUTE
    ../fplib/microlib/fpmul.c                0x00000000   Number         0  dmul.o ABSOLUTE
    ..\..\2. π”√FreeRTOS\DOC\bsp_xx.c        0x00000000   Number         0  bsp_xx.o ABSOLUTE
    ..\Hardware\AS608\as608.c                0x00000000   Number         0  as608.o ABSOLUTE
    ..\Hardware\Flash\stmflash.c             0x00000000   Number         0  stmflash.o ABSOLUTE
    ..\Hardware\GPIO\gpio.c                  0x00000000   Number         0  gpio.o ABSOLUTE
    ..\Hardware\TIM4\tim4.c                  0x00000000   Number         0  tim4.o ABSOLUTE
    ..\Hardware\Tim3\tim3.c                  0x00000000   Number         0  tim3.o ABSOLUTE
    ..\Hardware\USART1\usart1.c              0x00000000   Number         0  usart1.o ABSOLUTE
    ..\Hardware\USART2\usart2.c              0x00000000   Number         0  usart2.o ABSOLUTE
    ..\Hardware\USART3\usart3.c              0x00000000   Number         0  usart3.o ABSOLUTE
    ..\Hardware\delay\delay.c                0x00000000   Number         0  delay.o ABSOLUTE
    ..\Hardware\gsm\sim800c.c                0x00000000   Number         0  sim800c.o ABSOLUTE
    ..\Hardware\nvic\nvic.c                  0x00000000   Number         0  nvic.o ABSOLUTE
    ..\Hardware\sys\sys.c                    0x00000000   Number         0  sys.o ABSOLUTE
    ..\Libraries\CMSIS\STARTUP\startup_stm32f10x_md.s 0x00000000   Number         0  startup_stm32f10x_md.o ABSOLUTE
    ..\Libraries\CMSIS\core_cm3.c            0x00000000   Number         0  core_cm3.o ABSOLUTE
    ..\Libraries\CMSIS\system_stm32f10x.c    0x00000000   Number         0  system_stm32f10x.o ABSOLUTE
    ..\Libraries\STM32F10x_StdPeriph_Driver\src\misc.c 0x00000000   Number         0  misc.o ABSOLUTE
    ..\Libraries\STM32F10x_StdPeriph_Driver\src\stm32f10x_adc.c 0x00000000   Number         0  stm32f10x_adc.o ABSOLUTE
    ..\Libraries\STM32F10x_StdPeriph_Driver\src\stm32f10x_bkp.c 0x00000000   Number         0  stm32f10x_bkp.o ABSOLUTE
    ..\Libraries\STM32F10x_StdPeriph_Driver\src\stm32f10x_can.c 0x00000000   Number         0  stm32f10x_can.o ABSOLUTE
    ..\Libraries\STM32F10x_StdPeriph_Driver\src\stm32f10x_cec.c 0x00000000   Number         0  stm32f10x_cec.o ABSOLUTE
    ..\Libraries\STM32F10x_StdPeriph_Driver\src\stm32f10x_crc.c 0x00000000   Number         0  stm32f10x_crc.o ABSOLUTE
    ..\Libraries\STM32F10x_StdPeriph_Driver\src\stm32f10x_dac.c 0x00000000   Number         0  stm32f10x_dac.o ABSOLUTE
    ..\Libraries\STM32F10x_StdPeriph_Driver\src\stm32f10x_dbgmcu.c 0x00000000   Number         0  stm32f10x_dbgmcu.o ABSOLUTE
    ..\Libraries\STM32F10x_StdPeriph_Driver\src\stm32f10x_dma.c 0x00000000   Number         0  stm32f10x_dma.o ABSOLUTE
    ..\Libraries\STM32F10x_StdPeriph_Driver\src\stm32f10x_exti.c 0x00000000   Number         0  stm32f10x_exti.o ABSOLUTE
    ..\Libraries\STM32F10x_StdPeriph_Driver\src\stm32f10x_flash.c 0x00000000   Number         0  stm32f10x_flash.o ABSOLUTE
    ..\Libraries\STM32F10x_StdPeriph_Driver\src\stm32f10x_fsmc.c 0x00000000   Number         0  stm32f10x_fsmc.o ABSOLUTE
    ..\Libraries\STM32F10x_StdPeriph_Driver\src\stm32f10x_gpio.c 0x00000000   Number         0  stm32f10x_gpio.o ABSOLUTE
    ..\Libraries\STM32F10x_StdPeriph_Driver\src\stm32f10x_i2c.c 0x00000000   Number         0  stm32f10x_i2c.o ABSOLUTE
    ..\Libraries\STM32F10x_StdPeriph_Driver\src\stm32f10x_iwdg.c 0x00000000   Number         0  stm32f10x_iwdg.o ABSOLUTE
    ..\Libraries\STM32F10x_StdPeriph_Driver\src\stm32f10x_pwr.c 0x00000000   Number         0  stm32f10x_pwr.o ABSOLUTE
    ..\Libraries\STM32F10x_StdPeriph_Driver\src\stm32f10x_rcc.c 0x00000000   Number         0  stm32f10x_rcc.o ABSOLUTE
    ..\Libraries\STM32F10x_StdPeriph_Driver\src\stm32f10x_rtc.c 0x00000000   Number         0  stm32f10x_rtc.o ABSOLUTE
    ..\Libraries\STM32F10x_StdPeriph_Driver\src\stm32f10x_sdio.c 0x00000000   Number         0  stm32f10x_sdio.o ABSOLUTE
    ..\Libraries\STM32F10x_StdPeriph_Driver\src\stm32f10x_spi.c 0x00000000   Number         0  stm32f10x_spi.o ABSOLUTE
    ..\Libraries\STM32F10x_StdPeriph_Driver\src\stm32f10x_tim.c 0x00000000   Number         0  stm32f10x_tim.o ABSOLUTE
    ..\Libraries\STM32F10x_StdPeriph_Driver\src\stm32f10x_usart.c 0x00000000   Number         0  stm32f10x_usart.o ABSOLUTE
    ..\Libraries\STM32F10x_StdPeriph_Driver\src\stm32f10x_wwdg.c 0x00000000   Number         0  stm32f10x_wwdg.o ABSOLUTE
    ..\Users\main.c                          0x00000000   Number         0  main.o ABSOLUTE
    ..\Users\myconfig.c                      0x00000000   Number         0  myconfig.o ABSOLUTE
    ..\Users\stm32f10x_it.c                  0x00000000   Number         0  stm32f10x_it.o ABSOLUTE
    ..\\Hardware\\sys\\sys.c                 0x00000000   Number         0  sys.o ABSOLUTE
    ..\\Libraries\\CMSIS\\core_cm3.c         0x00000000   Number         0  core_cm3.o ABSOLUTE
    cdrcmple.s                               0x00000000   Number         0  cdrcmple.o ABSOLUTE
    dc.s                                     0x00000000   Number         0  dc.o ABSOLUTE
    handlers.s                               0x00000000   Number         0  handlers.o ABSOLUTE
    init.s                                   0x00000000   Number         0  init.o ABSOLUTE
    RESET                                    0x08000000   Section      236  startup_stm32f10x_md.o(RESET)
    .ARM.Collect$$$$00000000                 0x080000ec   Section        0  entry.o(.ARM.Collect$$$$00000000)
    .ARM.Collect$$$$00000001                 0x080000ec   Section        4  entry2.o(.ARM.Collect$$$$00000001)
    .ARM.Collect$$$$00000004                 0x080000f0   Section        4  entry5.o(.ARM.Collect$$$$00000004)
    .ARM.Collect$$$$00000008                 0x080000f4   Section        0  entry7b.o(.ARM.Collect$$$$00000008)
    .ARM.Collect$$$$0000000A                 0x080000f4   Section        0  entry8b.o(.ARM.Collect$$$$0000000A)
    .ARM.Collect$$$$0000000B                 0x080000f4   Section        8  entry9a.o(.ARM.Collect$$$$0000000B)
    .ARM.Collect$$$$0000000E                 0x080000fc   Section        4  entry12b.o(.ARM.Collect$$$$0000000E)
    .ARM.Collect$$$$0000000F                 0x08000100   Section        0  entry10a.o(.ARM.Collect$$$$0000000F)
    .ARM.Collect$$$$00000011                 0x08000100   Section        0  entry11a.o(.ARM.Collect$$$$00000011)
    .ARM.Collect$$$$00002712                 0x08000100   Section        4  entry2.o(.ARM.Collect$$$$00002712)
    __lit__00000000                          0x08000100   Data           4  entry2.o(.ARM.Collect$$$$00002712)
    .text                                    0x08000104   Section       36  startup_stm32f10x_md.o(.text)
    .text                                    0x08000128   Section        0  memcpya.o(.text)
    .text                                    0x0800014c   Section        0  memseta.o(.text)
    .text                                    0x08000170   Section        0  strcat.o(.text)
    .text                                    0x08000188   Section        0  strstr.o(.text)
    .text                                    0x080001ac   Section        0  strncpy.o(.text)
    .text                                    0x080001c4   Section        0  strcpy.o(.text)
    .text                                    0x080001d6   Section        0  uidiv.o(.text)
    .text                                    0x08000202   Section        0  uldiv.o(.text)
    .text                                    0x08000264   Section        0  dadd.o(.text)
    .text                                    0x08000264   Section        0  iusefp.o(.text)
    .text                                    0x080003b2   Section        0  dmul.o(.text)
    .text                                    0x08000496   Section        0  ddiv.o(.text)
    .text                                    0x08000574   Section        0  dfixul.o(.text)
    .text                                    0x080005a4   Section       48  cdrcmple.o(.text)
    .text                                    0x080005d4   Section       36  init.o(.text)
    .text                                    0x080005f8   Section        0  llshl.o(.text)
    .text                                    0x08000616   Section        0  llushr.o(.text)
    .text                                    0x08000636   Section        0  llsshr.o(.text)
    .text                                    0x0800065a   Section        0  depilogue.o(.text)
    i.AboutCourierProc                       0x08000714   Section        0  myconfig.o(i.AboutCourierProc)
    i.AboutFingerprintProc                   0x080008e4   Section        0  myconfig.o(i.AboutFingerprintProc)
    i.AboutUsartScreenProc                   0x08000904   Section        0  myconfig.o(i.AboutUsartScreenProc)
    i.Add_FR                                 0x08000d9c   Section        0  as608.o(i.Add_FR)
    i.BSP_Init                               0x08000e94   Section        0  main.o(i.BSP_Init)
    BSP_Init                                 0x08000e95   Thumb Code    48  main.o(i.BSP_Init)
    i.BusFault_Handler                       0x08000ec4   Section        0  stm32f10x_it.o(i.BusFault_Handler)
    i.CLR_Buf1                               0x08000ec8   Section        0  sim800c.o(i.CLR_Buf1)
    i.DebugMon_Handler                       0x08000eec   Section        0  stm32f10x_it.o(i.DebugMon_Handler)
    i.FLASH_ErasePage                        0x08000ef0   Section        0  stm32f10x_flash.o(i.FLASH_ErasePage)
    i.FLASH_GetBank1Status                   0x08000f3c   Section        0  stm32f10x_flash.o(i.FLASH_GetBank1Status)
    i.FLASH_Lock                             0x08000f70   Section        0  stm32f10x_flash.o(i.FLASH_Lock)
    i.FLASH_ProgramHalfWord                  0x08000f84   Section        0  stm32f10x_flash.o(i.FLASH_ProgramHalfWord)
    i.FLASH_Unlock                           0x08000fc4   Section        0  stm32f10x_flash.o(i.FLASH_Unlock)
    i.FLASH_WaitForLastOperation             0x08000fdc   Section        0  stm32f10x_flash.o(i.FLASH_WaitForLastOperation)
    i.Find                                   0x08001004   Section        0  sim800c.o(i.Find)
    i.GPIO_Init                              0x08001020   Section        0  stm32f10x_gpio.o(i.GPIO_Init)
    i.GPIO_ResetBits                         0x08001136   Section        0  stm32f10x_gpio.o(i.GPIO_ResetBits)
    i.GPIO_SetBits                           0x0800113a   Section        0  stm32f10x_gpio.o(i.GPIO_SetBits)
    i.HardFault_Handler                      0x0800113e   Section        0  stm32f10x_it.o(i.HardFault_Handler)
    i.JudgeStr                               0x08001144   Section        0  as608.o(i.JudgeStr)
    JudgeStr                                 0x08001145   Thumb Code   122  as608.o(i.JudgeStr)
    i.MYUSART_SendData                       0x080011cc   Section        0  as608.o(i.MYUSART_SendData)
    MYUSART_SendData                         0x080011cd   Thumb Code    22  as608.o(i.MYUSART_SendData)
    i.MemManage_Handler                      0x080011e8   Section        0  stm32f10x_it.o(i.MemManage_Handler)
    i.NMI_Handler                            0x080011ec   Section        0  stm32f10x_it.o(i.NMI_Handler)
    i.NVIC_Config                            0x080011ee   Section        0  nvic.o(i.NVIC_Config)
    i.NVIC_Init                              0x080011fc   Section        0  misc.o(i.NVIC_Init)
    i.NVIC_PriorityGroupConfig               0x0800126c   Section        0  misc.o(i.NVIC_PriorityGroupConfig)
    i.PS_GenChar                             0x08001280   Section        0  as608.o(i.PS_GenChar)
    i.PS_GetImage                            0x080012c6   Section        0  as608.o(i.PS_GetImage)
    i.PS_HighSpeedSearch                     0x08001300   Section        0  as608.o(i.PS_HighSpeedSearch)
    i.PS_Match                               0x08001390   Section        0  as608.o(i.PS_Match)
    i.PS_RegModel                            0x080013ca   Section        0  as608.o(i.PS_RegModel)
    i.PS_StoreChar                           0x08001404   Section        0  as608.o(i.PS_StoreChar)
    i.RCC_APB1PeriphClockCmd                 0x08001464   Section        0  stm32f10x_rcc.o(i.RCC_APB1PeriphClockCmd)
    i.RCC_APB1PeriphResetCmd                 0x08001484   Section        0  stm32f10x_rcc.o(i.RCC_APB1PeriphResetCmd)
    i.RCC_APB2PeriphClockCmd                 0x080014a4   Section        0  stm32f10x_rcc.o(i.RCC_APB2PeriphClockCmd)
    i.RCC_APB2PeriphResetCmd                 0x080014c4   Section        0  stm32f10x_rcc.o(i.RCC_APB2PeriphResetCmd)
    i.RCC_GetClocksFreq                      0x080014e4   Section        0  stm32f10x_rcc.o(i.RCC_GetClocksFreq)
    i.Read_Flash                             0x080015b8   Section        0  myconfig.o(i.Read_Flash)
    i.STMFLASH_Read                          0x08001730   Section        0  stmflash.o(i.STMFLASH_Read)
    i.STMFLASH_ReadHalfWord                  0x08001752   Section        0  stmflash.o(i.STMFLASH_ReadHalfWord)
    i.STMFLASH_Write                         0x08001758   Section        0  stmflash.o(i.STMFLASH_Write)
    i.STMFLASH_Write_NoCheck                 0x08001840   Section        0  stmflash.o(i.STMFLASH_Write_NoCheck)
    i.Second_AT_Command                      0x08001868   Section        0  sim800c.o(i.Second_AT_Command)
    i.SendAddr                               0x080018e4   Section        0  as608.o(i.SendAddr)
    SendAddr                                 0x080018e5   Thumb Code    46  as608.o(i.SendAddr)
    i.SendCheck                              0x08001918   Section        0  as608.o(i.SendCheck)
    SendCheck                                0x08001919   Thumb Code    18  as608.o(i.SendCheck)
    i.SendFlag                               0x0800192a   Section        0  as608.o(i.SendFlag)
    SendFlag                                 0x0800192b   Thumb Code    12  as608.o(i.SendFlag)
    i.SendHead                               0x08001936   Section        0  as608.o(i.SendHead)
    SendHead                                 0x08001937   Thumb Code    16  as608.o(i.SendHead)
    i.SendLength                             0x08001946   Section        0  as608.o(i.SendLength)
    SendLength                               0x08001947   Thumb Code    20  as608.o(i.SendLength)
    i.Send_Text_Sms                          0x0800195c   Section        0  sim800c.o(i.Send_Text_Sms)
    i.Sendcmd                                0x080019c8   Section        0  as608.o(i.Sendcmd)
    Sendcmd                                  0x080019c9   Thumb Code    12  as608.o(i.Sendcmd)
    i.SetSysClock                            0x080019d4   Section        0  system_stm32f10x.o(i.SetSysClock)
    SetSysClock                              0x080019d5   Thumb Code     8  system_stm32f10x.o(i.SetSysClock)
    i.SetSysClockTo72                        0x080019dc   Section        0  system_stm32f10x.o(i.SetSysClockTo72)
    SetSysClockTo72                          0x080019dd   Thumb Code   214  system_stm32f10x.o(i.SetSysClockTo72)
    i.Set_Text_Mode                          0x08001abc   Section        0  sim800c.o(i.Set_Text_Mode)
    i.SysTick_CLKSourceConfig                0x08001b10   Section        0  misc.o(i.SysTick_CLKSourceConfig)
    i.SystemInit                             0x08001b38   Section        0  system_stm32f10x.o(i.SystemInit)
    i.TIM3_IRQHandler                        0x08001b98   Section        0  tim3.o(i.TIM3_IRQHandler)
    i.TIM3_Int_Init                          0x08001bcc   Section        0  tim3.o(i.TIM3_Int_Init)
    i.TIM4_IRQHandler                        0x08001c2c   Section        0  myconfig.o(i.TIM4_IRQHandler)
    i.TIM_ClearITPendingBit                  0x08001cd4   Section        0  stm32f10x_tim.o(i.TIM_ClearITPendingBit)
    i.TIM_Cmd                                0x08001cda   Section        0  stm32f10x_tim.o(i.TIM_Cmd)
    i.TIM_GetITStatus                        0x08001cf2   Section        0  stm32f10x_tim.o(i.TIM_GetITStatus)
    i.TIM_ITConfig                           0x08001d14   Section        0  stm32f10x_tim.o(i.TIM_ITConfig)
    i.TIM_PrescalerConfig                    0x08001d26   Section        0  stm32f10x_tim.o(i.TIM_PrescalerConfig)
    i.TIM_SetCounter                         0x08001d2c   Section        0  stm32f10x_tim.o(i.TIM_SetCounter)
    i.TIM_TimeBaseInit                       0x08001d30   Section        0  stm32f10x_tim.o(i.TIM_TimeBaseInit)
    i.Tim4_Init                              0x08001dd4   Section        0  tim4.o(i.Tim4_Init)
    i.UART1_SendString                       0x08001e38   Section        0  usart1.o(i.UART1_SendString)
    i.USART1_IRQHandler                      0x08001e64   Section        0  usart1.o(i.USART1_IRQHandler)
    i.USART2_IRQHandler                      0x08001eb0   Section        0  usart2.o(i.USART2_IRQHandler)
    i.USART3_IRQHandler                      0x08001ef0   Section        0  usart3.o(i.USART3_IRQHandler)
    i.USART_ClearITPendingBit                0x08001f60   Section        0  stm32f10x_usart.o(i.USART_ClearITPendingBit)
    i.USART_Cmd                              0x08001f7e   Section        0  stm32f10x_usart.o(i.USART_Cmd)
    i.USART_DeInit                           0x08001f98   Section        0  stm32f10x_usart.o(i.USART_DeInit)
    i.USART_GetFlagStatus                    0x08002034   Section        0  stm32f10x_usart.o(i.USART_GetFlagStatus)
    i.USART_GetITStatus                      0x0800204e   Section        0  stm32f10x_usart.o(i.USART_GetITStatus)
    i.USART_ITConfig                         0x080020a2   Section        0  stm32f10x_usart.o(i.USART_ITConfig)
    i.USART_Init                             0x080020ec   Section        0  stm32f10x_usart.o(i.USART_Init)
    i.USART_ReceiveData                      0x080021c4   Section        0  stm32f10x_usart.o(i.USART_ReceiveData)
    i.USART_SendData                         0x080021ce   Section        0  stm32f10x_usart.o(i.USART_SendData)
    i.Uart2SendTjcScreen                     0x080021d8   Section        0  usart2.o(i.Uart2SendTjcScreen)
    i.UsageFault_Handler                     0x0800222c   Section        0  stm32f10x_it.o(i.UsageFault_Handler)
    i.Usart1_Init                            0x08002230   Section        0  usart1.o(i.Usart1_Init)
    i.Usart1_SendByte                        0x080022d8   Section        0  usart1.o(i.Usart1_SendByte)
    i.Usart2_Init                            0x080022f8   Section        0  usart2.o(i.Usart2_Init)
    i.Usart3_Init                            0x0800239c   Section        0  usart3.o(i.Usart3_Init)
    i.Wait_CREG                              0x0800246c   Section        0  sim800c.o(i.Wait_CREG)
    i.Waiting_Network                        0x080024dc   Section        0  myconfig.o(i.Waiting_Network)
    i.Write_Flash                            0x08002570   Section        0  myconfig.o(i.Write_Flash)
    i.__0printf                              0x08002738   Section        0  printfa.o(i.__0printf)
    i.__0sprintf                             0x08002758   Section        0  printfa.o(i.__0sprintf)
    i.__scatterload_copy                     0x08002780   Section       14  handlers.o(i.__scatterload_copy)
    i.__scatterload_null                     0x0800278e   Section        2  handlers.o(i.__scatterload_null)
    i.__scatterload_zeroinit                 0x08002790   Section       14  handlers.o(i.__scatterload_zeroinit)
    i._fp_digits                             0x080027a0   Section        0  printfa.o(i._fp_digits)
    _fp_digits                               0x080027a1   Thumb Code   366  printfa.o(i._fp_digits)
    i._printf_core                           0x08002924   Section        0  printfa.o(i._printf_core)
    _printf_core                             0x08002925   Thumb Code  1704  printfa.o(i._printf_core)
    i._printf_post_padding                   0x08002fd8   Section        0  printfa.o(i._printf_post_padding)
    _printf_post_padding                     0x08002fd9   Thumb Code    36  printfa.o(i._printf_post_padding)
    i._printf_pre_padding                    0x08002ffc   Section        0  printfa.o(i._printf_pre_padding)
    _printf_pre_padding                      0x08002ffd   Thumb Code    46  printfa.o(i._printf_pre_padding)
    i._sputc                                 0x0800302a   Section        0  printfa.o(i._sputc)
    _sputc                                   0x0800302b   Thumb Code    10  printfa.o(i._sputc)
    i.delay_init                             0x08003034   Section        0  delay.o(i.delay_init)
    i.delay_ms                               0x08003078   Section        0  delay.o(i.delay_ms)
    i.fputc                                  0x080030c4   Section        0  usart1.o(i.fputc)
    i.main                                   0x080030e8   Section        0  main.o(i.main)
    i.press_FR                               0x08003120   Section        0  as608.o(i.press_FR)
    i.usart2_SendString                      0x08003310   Section        0  usart2.o(i.usart2_SendString)
    i.xDelay                                 0x08003344   Section        0  myconfig.o(i.xDelay)
    .constdata                               0x0800335c   Section       50  sim800c.o(.constdata)
    .conststring                             0x08003390   Section       98  myconfig.o(.conststring)
    .data                                    0x20000000   Section       20  stm32f10x_rcc.o(.data)
    APBAHBPrescTable                         0x20000000   Data          16  stm32f10x_rcc.o(.data)
    ADCPrescTable                            0x20000010   Data           4  stm32f10x_rcc.o(.data)
    .data                                    0x20000014   Section       20  system_stm32f10x.o(.data)
    .data                                    0x20000028   Section       58  myconfig.o(.data)
    Index                                    0x20000060   Data           1  myconfig.o(.data)
    TimeCnt                                  0x20000061   Data           1  myconfig.o(.data)
    .data                                    0x20000062   Section        4  delay.o(.data)
    fac_us                                   0x20000062   Data           1  delay.o(.data)
    fac_ms                                   0x20000064   Data           2  delay.o(.data)
    .data                                    0x20000066   Section        2  usart3.o(.data)
    .data                                    0x20000068   Section       10  as608.o(.data)
    .data                                    0x20000072   Section        1  usart2.o(.data)
    .data                                    0x20000073   Section      102  sim800c.o(.data)
    .data                                    0x200000dc   Section        4  stdout.o(.data)
    .bss                                     0x200000e0   Section       20  myconfig.o(.bss)
    .bss                                     0x200000f4   Section      800  usart3.o(.bss)
    .bss                                     0x20000414   Section      100  usart1.o(.bss)
    .bss                                     0x20000478   Section      100  usart2.o(.bss)
    .bss                                     0x200004dc   Section     1024  stmflash.o(.bss)
    STACK                                    0x200008e0   Section     1024  startup_stm32f10x_md.o(STACK)

    Global Symbols

    Symbol Name                              Value     Ov Type        Size  Object(Section)

    BuildAttributes$$THM_ISAv4$P$D$K$B$S$PE$A:L22UL41UL21$X:L11$S22US41US21$IEEE1$IW$USESV6$~STKCKD$USESV7$~SHL$OSPACE$ROPI$EBA8$MICROLIB$REQ8$PRES8$EABIv2 0x00000000   Number         0  anon$$obj.o ABSOLUTE
    __ARM_use_no_argv                        0x00000000   Number         0  main.o ABSOLUTE
    _printf_a                                0x00000000   Number         0  stubs.o ABSOLUTE
    _printf_c                                0x00000000   Number         0  stubs.o ABSOLUTE
    _printf_charcount                        0x00000000   Number         0  stubs.o ABSOLUTE
    _printf_d                                0x00000000   Number         0  stubs.o ABSOLUTE
    _printf_e                                0x00000000   Number         0  stubs.o ABSOLUTE
    _printf_f                                0x00000000   Number         0  stubs.o ABSOLUTE
    _printf_flags                            0x00000000   Number         0  stubs.o ABSOLUTE
    _printf_fp_dec                           0x00000000   Number         0  stubs.o ABSOLUTE
    _printf_fp_hex                           0x00000000   Number         0  stubs.o ABSOLUTE
    _printf_g                                0x00000000   Number         0  stubs.o ABSOLUTE
    _printf_i                                0x00000000   Number         0  stubs.o ABSOLUTE
    _printf_int_dec                          0x00000000   Number         0  stubs.o ABSOLUTE
    _printf_l                                0x00000000   Number         0  stubs.o ABSOLUTE
    _printf_lc                               0x00000000   Number         0  stubs.o ABSOLUTE
    _printf_ll                               0x00000000   Number         0  stubs.o ABSOLUTE
    _printf_lld                              0x00000000   Number         0  stubs.o ABSOLUTE
    _printf_lli                              0x00000000   Number         0  stubs.o ABSOLUTE
    _printf_llo                              0x00000000   Number         0  stubs.o ABSOLUTE
    _printf_llu                              0x00000000   Number         0  stubs.o ABSOLUTE
    _printf_llx                              0x00000000   Number         0  stubs.o ABSOLUTE
    _printf_longlong_dec                     0x00000000   Number         0  stubs.o ABSOLUTE
    _printf_longlong_hex                     0x00000000   Number         0  stubs.o ABSOLUTE
    _printf_longlong_oct                     0x00000000   Number         0  stubs.o ABSOLUTE
    _printf_ls                               0x00000000   Number         0  stubs.o ABSOLUTE
    _printf_mbtowc                           0x00000000   Number         0  stubs.o ABSOLUTE
    _printf_n                                0x00000000   Number         0  stubs.o ABSOLUTE
    _printf_o                                0x00000000   Number         0  stubs.o ABSOLUTE
    _printf_p                                0x00000000   Number         0  stubs.o ABSOLUTE
    _printf_percent                          0x00000000   Number         0  stubs.o ABSOLUTE
    _printf_pre_padding                      0x00000000   Number         0  stubs.o ABSOLUTE
    _printf_return_value                     0x00000000   Number         0  stubs.o ABSOLUTE
    _printf_s                                0x00000000   Number         0  stubs.o ABSOLUTE
    _printf_sizespec                         0x00000000   Number         0  stubs.o ABSOLUTE
    _printf_str                              0x00000000   Number         0  stubs.o ABSOLUTE
    _printf_truncate_signed                  0x00000000   Number         0  stubs.o ABSOLUTE
    _printf_truncate_unsigned                0x00000000   Number         0  stubs.o ABSOLUTE
    _printf_u                                0x00000000   Number         0  stubs.o ABSOLUTE
    _printf_wc                               0x00000000   Number         0  stubs.o ABSOLUTE
    _printf_wctomb                           0x00000000   Number         0  stubs.o ABSOLUTE
    _printf_widthprec                        0x00000000   Number         0  stubs.o ABSOLUTE
    _printf_x                                0x00000000   Number         0  stubs.o ABSOLUTE
    __arm_fini_                               - Undefined Weak Reference
    __cpp_initialize__aeabi_                  - Undefined Weak Reference
    __cxa_finalize                            - Undefined Weak Reference
    __decompress                              - Undefined Weak Reference
    _clock_init                               - Undefined Weak Reference
    _microlib_exit                            - Undefined Weak Reference
    __Vectors_Size                           0x000000ec   Number         0  startup_stm32f10x_md.o ABSOLUTE
    __Vectors                                0x08000000   Data           4  startup_stm32f10x_md.o(RESET)
    __Vectors_End                            0x080000ec   Data           0  startup_stm32f10x_md.o(RESET)
    __main                                   0x080000ed   Thumb Code     0  entry.o(.ARM.Collect$$$$00000000)
    _main_stk                                0x080000ed   Thumb Code     0  entry2.o(.ARM.Collect$$$$00000001)
    _main_scatterload                        0x080000f1   Thumb Code     0  entry5.o(.ARM.Collect$$$$00000004)
    __main_after_scatterload                 0x080000f5   Thumb Code     0  entry5.o(.ARM.Collect$$$$00000004)
    _main_clock                              0x080000f5   Thumb Code     0  entry7b.o(.ARM.Collect$$$$00000008)
    _main_cpp_init                           0x080000f5   Thumb Code     0  entry8b.o(.ARM.Collect$$$$0000000A)
    _main_init                               0x080000f5   Thumb Code     0  entry9a.o(.ARM.Collect$$$$0000000B)
    __rt_lib_shutdown_fini                   0x080000fd   Thumb Code     0  entry12b.o(.ARM.Collect$$$$0000000E)
    __rt_final_cpp                           0x08000101   Thumb Code     0  entry10a.o(.ARM.Collect$$$$0000000F)
    __rt_final_exit                          0x08000101   Thumb Code     0  entry11a.o(.ARM.Collect$$$$00000011)
    Reset_Handler                            0x08000105   Thumb Code     8  startup_stm32f10x_md.o(.text)
    SVC_Handler                              0x08000117   Thumb Code     2  startup_stm32f10x_md.o(.text)
    PendSV_Handler                           0x0800011b   Thumb Code     2  startup_stm32f10x_md.o(.text)
    SysTick_Handler                          0x0800011d   Thumb Code     2  startup_stm32f10x_md.o(.text)
    ADC1_2_IRQHandler                        0x0800011f   Thumb Code     0  startup_stm32f10x_md.o(.text)
    CAN1_RX1_IRQHandler                      0x0800011f   Thumb Code     0  startup_stm32f10x_md.o(.text)
    CAN1_SCE_IRQHandler                      0x0800011f   Thumb Code     0  startup_stm32f10x_md.o(.text)
    DMA1_Channel1_IRQHandler                 0x0800011f   Thumb Code     0  startup_stm32f10x_md.o(.text)
    DMA1_Channel2_IRQHandler                 0x0800011f   Thumb Code     0  startup_stm32f10x_md.o(.text)
    DMA1_Channel3_IRQHandler                 0x0800011f   Thumb Code     0  startup_stm32f10x_md.o(.text)
    DMA1_Channel4_IRQHandler                 0x0800011f   Thumb Code     0  startup_stm32f10x_md.o(.text)
    DMA1_Channel5_IRQHandler                 0x0800011f   Thumb Code     0  startup_stm32f10x_md.o(.text)
    DMA1_Channel6_IRQHandler                 0x0800011f   Thumb Code     0  startup_stm32f10x_md.o(.text)
    DMA1_Channel7_IRQHandler                 0x0800011f   Thumb Code     0  startup_stm32f10x_md.o(.text)
    EXTI0_IRQHandler                         0x0800011f   Thumb Code     0  startup_stm32f10x_md.o(.text)
    EXTI15_10_IRQHandler                     0x0800011f   Thumb Code     0  startup_stm32f10x_md.o(.text)
    EXTI1_IRQHandler                         0x0800011f   Thumb Code     0  startup_stm32f10x_md.o(.text)
    EXTI2_IRQHandler                         0x0800011f   Thumb Code     0  startup_stm32f10x_md.o(.text)
    EXTI3_IRQHandler                         0x0800011f   Thumb Code     0  startup_stm32f10x_md.o(.text)
    EXTI4_IRQHandler                         0x0800011f   Thumb Code     0  startup_stm32f10x_md.o(.text)
    EXTI9_5_IRQHandler                       0x0800011f   Thumb Code     0  startup_stm32f10x_md.o(.text)
    FLASH_IRQHandler                         0x0800011f   Thumb Code     0  startup_stm32f10x_md.o(.text)
    I2C1_ER_IRQHandler                       0x0800011f   Thumb Code     0  startup_stm32f10x_md.o(.text)
    I2C1_EV_IRQHandler                       0x0800011f   Thumb Code     0  startup_stm32f10x_md.o(.text)
    I2C2_ER_IRQHandler                       0x0800011f   Thumb Code     0  startup_stm32f10x_md.o(.text)
    I2C2_EV_IRQHandler                       0x0800011f   Thumb Code     0  startup_stm32f10x_md.o(.text)
    PVD_IRQHandler                           0x0800011f   Thumb Code     0  startup_stm32f10x_md.o(.text)
    RCC_IRQHandler                           0x0800011f   Thumb Code     0  startup_stm32f10x_md.o(.text)
    RTCAlarm_IRQHandler                      0x0800011f   Thumb Code     0  startup_stm32f10x_md.o(.text)
    RTC_IRQHandler                           0x0800011f   Thumb Code     0  startup_stm32f10x_md.o(.text)
    SPI1_IRQHandler                          0x0800011f   Thumb Code     0  startup_stm32f10x_md.o(.text)
    SPI2_IRQHandler                          0x0800011f   Thumb Code     0  startup_stm32f10x_md.o(.text)
    TAMPER_IRQHandler                        0x0800011f   Thumb Code     0  startup_stm32f10x_md.o(.text)
    TIM1_BRK_IRQHandler                      0x0800011f   Thumb Code     0  startup_stm32f10x_md.o(.text)
    TIM1_CC_IRQHandler                       0x0800011f   Thumb Code     0  startup_stm32f10x_md.o(.text)
    TIM1_TRG_COM_IRQHandler                  0x0800011f   Thumb Code     0  startup_stm32f10x_md.o(.text)
    TIM1_UP_IRQHandler                       0x0800011f   Thumb Code     0  startup_stm32f10x_md.o(.text)
    TIM2_IRQHandler                          0x0800011f   Thumb Code     0  startup_stm32f10x_md.o(.text)
    USBWakeUp_IRQHandler                     0x0800011f   Thumb Code     0  startup_stm32f10x_md.o(.text)
    USB_HP_CAN1_TX_IRQHandler                0x0800011f   Thumb Code     0  startup_stm32f10x_md.o(.text)
    USB_LP_CAN1_RX0_IRQHandler               0x0800011f   Thumb Code     0  startup_stm32f10x_md.o(.text)
    WWDG_IRQHandler                          0x0800011f   Thumb Code     0  startup_stm32f10x_md.o(.text)
    __aeabi_memcpy                           0x08000129   Thumb Code    36  memcpya.o(.text)
    __aeabi_memcpy4                          0x08000129   Thumb Code     0  memcpya.o(.text)
    __aeabi_memcpy8                          0x08000129   Thumb Code     0  memcpya.o(.text)
    __aeabi_memset                           0x0800014d   Thumb Code    14  memseta.o(.text)
    __aeabi_memset4                          0x0800014d   Thumb Code     0  memseta.o(.text)
    __aeabi_memset8                          0x0800014d   Thumb Code     0  memseta.o(.text)
    __aeabi_memclr                           0x0800015b   Thumb Code     4  memseta.o(.text)
    __aeabi_memclr4                          0x0800015b   Thumb Code     0  memseta.o(.text)
    __aeabi_memclr8                          0x0800015b   Thumb Code     0  memseta.o(.text)
    _memset$wrapper                          0x0800015f   Thumb Code    18  memseta.o(.text)
    strcat                                   0x08000171   Thumb Code    24  strcat.o(.text)
    strstr                                   0x08000189   Thumb Code    36  strstr.o(.text)
    strncpy                                  0x080001ad   Thumb Code    24  strncpy.o(.text)
    strcpy                                   0x080001c5   Thumb Code    18  strcpy.o(.text)
    __aeabi_uidiv                            0x080001d7   Thumb Code     0  uidiv.o(.text)
    __aeabi_uidivmod                         0x080001d7   Thumb Code    44  uidiv.o(.text)
    __aeabi_uldivmod                         0x08000203   Thumb Code    98  uldiv.o(.text)
    __I$use$fp                               0x08000265   Thumb Code     0  iusefp.o(.text)
    __aeabi_dadd                             0x08000265   Thumb Code   322  dadd.o(.text)
    __aeabi_dsub                             0x080003a7   Thumb Code     6  dadd.o(.text)
    __aeabi_drsub                            0x080003ad   Thumb Code     6  dadd.o(.text)
    __aeabi_dmul                             0x080003b3   Thumb Code   228  dmul.o(.text)
    __aeabi_ddiv                             0x08000497   Thumb Code   222  ddiv.o(.text)
    __aeabi_d2ulz                            0x08000575   Thumb Code    48  dfixul.o(.text)
    __aeabi_cdrcmple                         0x080005a5   Thumb Code    48  cdrcmple.o(.text)
    __scatterload                            0x080005d5   Thumb Code    28  init.o(.text)
    __scatterload_rt2                        0x080005d5   Thumb Code     0  init.o(.text)
    __aeabi_llsl                             0x080005f9   Thumb Code    30  llshl.o(.text)
    _ll_shift_l                              0x080005f9   Thumb Code     0  llshl.o(.text)
    __aeabi_llsr                             0x08000617   Thumb Code    32  llushr.o(.text)
    _ll_ushift_r                             0x08000617   Thumb Code     0  llushr.o(.text)
    __aeabi_lasr                             0x08000637   Thumb Code    36  llsshr.o(.text)
    _ll_sshift_r                             0x08000637   Thumb Code     0  llsshr.o(.text)
    _double_round                            0x0800065b   Thumb Code    30  depilogue.o(.text)
    _double_epilogue                         0x08000679   Thumb Code   156  depilogue.o(.text)
    AboutCourierProc                         0x08000715   Thumb Code   370  myconfig.o(i.AboutCourierProc)
    AboutFingerprintProc                     0x080008e5   Thumb Code    28  myconfig.o(i.AboutFingerprintProc)
    AboutUsartScreenProc                     0x08000905   Thumb Code   770  myconfig.o(i.AboutUsartScreenProc)
    Add_FR                                   0x08000d9d   Thumb Code   174  as608.o(i.Add_FR)
    BusFault_Handler                         0x08000ec5   Thumb Code     4  stm32f10x_it.o(i.BusFault_Handler)
    CLR_Buf1                                 0x08000ec9   Thumb Code    26  sim800c.o(i.CLR_Buf1)
    DebugMon_Handler                         0x08000eed   Thumb Code     2  stm32f10x_it.o(i.DebugMon_Handler)
    FLASH_ErasePage                          0x08000ef1   Thumb Code    72  stm32f10x_flash.o(i.FLASH_ErasePage)
    FLASH_GetBank1Status                     0x08000f3d   Thumb Code    48  stm32f10x_flash.o(i.FLASH_GetBank1Status)
    FLASH_Lock                               0x08000f71   Thumb Code    14  stm32f10x_flash.o(i.FLASH_Lock)
    FLASH_ProgramHalfWord                    0x08000f85   Thumb Code    60  stm32f10x_flash.o(i.FLASH_ProgramHalfWord)
    FLASH_Unlock                             0x08000fc5   Thumb Code    12  stm32f10x_flash.o(i.FLASH_Unlock)
    FLASH_WaitForLastOperation               0x08000fdd   Thumb Code    38  stm32f10x_flash.o(i.FLASH_WaitForLastOperation)
    Find                                     0x08001005   Thumb Code    22  sim800c.o(i.Find)
    GPIO_Init                                0x08001021   Thumb Code   278  stm32f10x_gpio.o(i.GPIO_Init)
    GPIO_ResetBits                           0x08001137   Thumb Code     4  stm32f10x_gpio.o(i.GPIO_ResetBits)
    GPIO_SetBits                             0x0800113b   Thumb Code     4  stm32f10x_gpio.o(i.GPIO_SetBits)
    HardFault_Handler                        0x0800113f   Thumb Code     4  stm32f10x_it.o(i.HardFault_Handler)
    MemManage_Handler                        0x080011e9   Thumb Code     4  stm32f10x_it.o(i.MemManage_Handler)
    NMI_Handler                              0x080011ed   Thumb Code     2  stm32f10x_it.o(i.NMI_Handler)
    NVIC_Config                              0x080011ef   Thumb Code    12  nvic.o(i.NVIC_Config)
    NVIC_Init                                0x080011fd   Thumb Code   100  misc.o(i.NVIC_Init)
    NVIC_PriorityGroupConfig                 0x0800126d   Thumb Code    10  misc.o(i.NVIC_PriorityGroupConfig)
    PS_GenChar                               0x08001281   Thumb Code    70  as608.o(i.PS_GenChar)
    PS_GetImage                              0x080012c7   Thumb Code    58  as608.o(i.PS_GetImage)
    PS_HighSpeedSearch                       0x08001301   Thumb Code   144  as608.o(i.PS_HighSpeedSearch)
    PS_Match                                 0x08001391   Thumb Code    58  as608.o(i.PS_Match)
    PS_RegModel                              0x080013cb   Thumb Code    58  as608.o(i.PS_RegModel)
    PS_StoreChar                             0x08001405   Thumb Code    96  as608.o(i.PS_StoreChar)
    RCC_APB1PeriphClockCmd                   0x08001465   Thumb Code    26  stm32f10x_rcc.o(i.RCC_APB1PeriphClockCmd)
    RCC_APB1PeriphResetCmd                   0x08001485   Thumb Code    26  stm32f10x_rcc.o(i.RCC_APB1PeriphResetCmd)
    RCC_APB2PeriphClockCmd                   0x080014a5   Thumb Code    26  stm32f10x_rcc.o(i.RCC_APB2PeriphClockCmd)
    RCC_APB2PeriphResetCmd                   0x080014c5   Thumb Code    26  stm32f10x_rcc.o(i.RCC_APB2PeriphResetCmd)
    RCC_GetClocksFreq                        0x080014e5   Thumb Code   192  stm32f10x_rcc.o(i.RCC_GetClocksFreq)
    Read_Flash                               0x080015b9   Thumb Code   360  myconfig.o(i.Read_Flash)
    STMFLASH_Read                            0x08001731   Thumb Code    34  stmflash.o(i.STMFLASH_Read)
    STMFLASH_ReadHalfWord                    0x08001753   Thumb Code     6  stmflash.o(i.STMFLASH_ReadHalfWord)
    STMFLASH_Write                           0x08001759   Thumb Code   222  stmflash.o(i.STMFLASH_Write)
    STMFLASH_Write_NoCheck                   0x08001841   Thumb Code    38  stmflash.o(i.STMFLASH_Write_NoCheck)
    Second_AT_Command                        0x08001869   Thumb Code   108  sim800c.o(i.Second_AT_Command)
    Send_Text_Sms                            0x0800195d   Thumb Code    90  sim800c.o(i.Send_Text_Sms)
    Set_Text_Mode                            0x08001abd   Thumb Code    34  sim800c.o(i.Set_Text_Mode)
    SysTick_CLKSourceConfig                  0x08001b11   Thumb Code    40  misc.o(i.SysTick_CLKSourceConfig)
    SystemInit                               0x08001b39   Thumb Code    78  system_stm32f10x.o(i.SystemInit)
    TIM3_IRQHandler                          0x08001b99   Thumb Code    42  tim3.o(i.TIM3_IRQHandler)
    TIM3_Int_Init                            0x08001bcd   Thumb Code    90  tim3.o(i.TIM3_Int_Init)
    TIM4_IRQHandler                          0x08001c2d   Thumb Code   142  myconfig.o(i.TIM4_IRQHandler)
    TIM_ClearITPendingBit                    0x08001cd5   Thumb Code     6  stm32f10x_tim.o(i.TIM_ClearITPendingBit)
    TIM_Cmd                                  0x08001cdb   Thumb Code    24  stm32f10x_tim.o(i.TIM_Cmd)
    TIM_GetITStatus                          0x08001cf3   Thumb Code    34  stm32f10x_tim.o(i.TIM_GetITStatus)
    TIM_ITConfig                             0x08001d15   Thumb Code    18  stm32f10x_tim.o(i.TIM_ITConfig)
    TIM_PrescalerConfig                      0x08001d27   Thumb Code     6  stm32f10x_tim.o(i.TIM_PrescalerConfig)
    TIM_SetCounter                           0x08001d2d   Thumb Code     4  stm32f10x_tim.o(i.TIM_SetCounter)
    TIM_TimeBaseInit                         0x08001d31   Thumb Code   122  stm32f10x_tim.o(i.TIM_TimeBaseInit)
    Tim4_Init                                0x08001dd5   Thumb Code    94  tim4.o(i.Tim4_Init)
    UART1_SendString                         0x08001e39   Thumb Code    38  usart1.o(i.UART1_SendString)
    USART1_IRQHandler                        0x08001e65   Thumb Code    64  usart1.o(i.USART1_IRQHandler)
    USART2_IRQHandler                        0x08001eb1   Thumb Code    52  usart2.o(i.USART2_IRQHandler)
    USART3_IRQHandler                        0x08001ef1   Thumb Code    94  usart3.o(i.USART3_IRQHandler)
    USART_ClearITPendingBit                  0x08001f61   Thumb Code    30  stm32f10x_usart.o(i.USART_ClearITPendingBit)
    USART_Cmd                                0x08001f7f   Thumb Code    24  stm32f10x_usart.o(i.USART_Cmd)
    USART_DeInit                             0x08001f99   Thumb Code   134  stm32f10x_usart.o(i.USART_DeInit)
    USART_GetFlagStatus                      0x08002035   Thumb Code    26  stm32f10x_usart.o(i.USART_GetFlagStatus)
    USART_GetITStatus                        0x0800204f   Thumb Code    84  stm32f10x_usart.o(i.USART_GetITStatus)
    USART_ITConfig                           0x080020a3   Thumb Code    74  stm32f10x_usart.o(i.USART_ITConfig)
    USART_Init                               0x080020ed   Thumb Code   210  stm32f10x_usart.o(i.USART_Init)
    USART_ReceiveData                        0x080021c5   Thumb Code    10  stm32f10x_usart.o(i.USART_ReceiveData)
    USART_SendData                           0x080021cf   Thumb Code     8  stm32f10x_usart.o(i.USART_SendData)
    Uart2SendTjcScreen                       0x080021d9   Thumb Code    78  usart2.o(i.Uart2SendTjcScreen)
    UsageFault_Handler                       0x0800222d   Thumb Code     4  stm32f10x_it.o(i.UsageFault_Handler)
    Usart1_Init                              0x08002231   Thumb Code   160  usart1.o(i.Usart1_Init)
    Usart1_SendByte                          0x080022d9   Thumb Code    30  usart1.o(i.Usart1_SendByte)
    Usart2_Init                              0x080022f9   Thumb Code   156  usart2.o(i.Usart2_Init)
    Usart3_Init                              0x0800239d   Thumb Code   190  usart3.o(i.Usart3_Init)
    Wait_CREG                                0x0800246d   Thumb Code    92  sim800c.o(i.Wait_CREG)
    Waiting_Network                          0x080024dd   Thumb Code   106  myconfig.o(i.Waiting_Network)
    Write_Flash                              0x08002571   Thumb Code   448  myconfig.o(i.Write_Flash)
    __0printf                                0x08002739   Thumb Code    22  printfa.o(i.__0printf)
    __1printf                                0x08002739   Thumb Code     0  printfa.o(i.__0printf)
    __2printf                                0x08002739   Thumb Code     0  printfa.o(i.__0printf)
    __c89printf                              0x08002739   Thumb Code     0  printfa.o(i.__0printf)
    printf                                   0x08002739   Thumb Code     0  printfa.o(i.__0printf)
    __0sprintf                               0x08002759   Thumb Code    34  printfa.o(i.__0sprintf)
    __1sprintf                               0x08002759   Thumb Code     0  printfa.o(i.__0sprintf)
    __2sprintf                               0x08002759   Thumb Code     0  printfa.o(i.__0sprintf)
    __c89sprintf                             0x08002759   Thumb Code     0  printfa.o(i.__0sprintf)
    sprintf                                  0x08002759   Thumb Code     0  printfa.o(i.__0sprintf)
    __scatterload_copy                       0x08002781   Thumb Code    14  handlers.o(i.__scatterload_copy)
    __scatterload_null                       0x0800278f   Thumb Code     2  handlers.o(i.__scatterload_null)
    __scatterload_zeroinit                   0x08002791   Thumb Code    14  handlers.o(i.__scatterload_zeroinit)
    delay_init                               0x08003035   Thumb Code    50  delay.o(i.delay_init)
    delay_ms                                 0x08003079   Thumb Code    72  delay.o(i.delay_ms)
    fputc                                    0x080030c5   Thumb Code    32  usart1.o(i.fputc)
    main                                     0x080030e9   Thumb Code    56  main.o(i.main)
    press_FR                                 0x08003121   Thumb Code   272  as608.o(i.press_FR)
    usart2_SendString                        0x08003311   Thumb Code    46  usart2.o(i.usart2_SendString)
    xDelay                                   0x08003345   Thumb Code    18  myconfig.o(i.xDelay)
    Region$$Table$$Base                      0x080033f4   Number         0  anon$$obj.o(Region$$Table)
    Region$$Table$$Limit                     0x08003414   Number         0  anon$$obj.o(Region$$Table)
    SystemCoreClock                          0x20000014   Data           4  system_stm32f10x.o(.data)
    AHBPrescTable                            0x20000018   Data          16  system_stm32f10x.o(.data)
    Timers                                   0x20000028   Data           3  myconfig.o(.data)
    Para                                     0x2000002b   Data           4  myconfig.o(.data)
    Ark                                      0x2000002f   Data          32  myconfig.o(.data)
    InputPickupCode                          0x2000004f   Data           6  myconfig.o(.data)
    PointToPickupCode                        0x20000058   Data           4  myconfig.o(.data)
    PointToPhone                             0x2000005c   Data           4  myconfig.o(.data)
    USART3_RX_STA                            0x20000066   Data           2  usart3.o(.data)
    AS608Addr                                0x20000068   Data           4  as608.o(.data)
    str2                                     0x2000006c   Data           6  as608.o(.data)
    UartRec2Len                              0x20000072   Data           1  usart2.o(.data)
    NO1_phone                                0x20000073   Data          12  sim800c.o(.data)
    NO2_phone                                0x2000007f   Data          12  sim800c.o(.data)
    NO3_phone                                0x2000008b   Data          12  sim800c.o(.data)
    NO4_phone                                0x20000097   Data          12  sim800c.o(.data)
    content                                  0x200000a3   Data          50  sim800c.o(.data)
    First_Int                                0x200000d5   Data           1  sim800c.o(.data)
    Timer0_start                             0x200000d6   Data           1  sim800c.o(.data)
    Times                                    0x200000d7   Data           1  sim800c.o(.data)
    shijian                                  0x200000d8   Data           1  sim800c.o(.data)
    __stdout                                 0x200000dc   Data           4  stdout.o(.data)
    TempStr                                  0x200000e0   Data          20  myconfig.o(.bss)
    USART3_RX_BUF                            0x200000f4   Data         400  usart3.o(.bss)
    USART3_TX_BUF                            0x20000284   Data         400  usart3.o(.bss)
    USART1_RX_BUF                            0x20000414   Data         100  usart1.o(.bss)
    USART2_RX_BUF                            0x20000478   Data         100  usart2.o(.bss)
    STMFLASH_BUF                             0x200004dc   Data        1024  stmflash.o(.bss)
    __initial_sp                             0x20000ce0   Data           0  startup_stm32f10x_md.o(STACK)



==============================================================================

Memory Map of the image

  Image Entry point : 0x080000ed

  Load Region LR_IROM1 (Base: 0x08000000, Size: 0x000034f4, Max: 0x00010000, ABSOLUTE)

    Execution Region ER_IROM1 (Exec base: 0x08000000, Load base: 0x08000000, Size: 0x00003414, Max: 0x00010000, ABSOLUTE)

    Exec Addr    Load Addr    Size         Type   Attr      Idx    E Section Name        Object

    0x08000000   0x08000000   0x000000ec   Data   RO            3    RESET               startup_stm32f10x_md.o
    0x080000ec   0x080000ec   0x00000000   Code   RO         3790  * .ARM.Collect$$$$00000000  mc_w.l(entry.o)
    0x080000ec   0x080000ec   0x00000004   Code   RO         4070    .ARM.Collect$$$$00000001  mc_w.l(entry2.o)
    0x080000f0   0x080000f0   0x00000004   Code   RO         4073    .ARM.Collect$$$$00000004  mc_w.l(entry5.o)
    0x080000f4   0x080000f4   0x00000000   Code   RO         4075    .ARM.Collect$$$$00000008  mc_w.l(entry7b.o)
    0x080000f4   0x080000f4   0x00000000   Code   RO         4077    .ARM.Collect$$$$0000000A  mc_w.l(entry8b.o)
    0x080000f4   0x080000f4   0x00000008   Code   RO         4078    .ARM.Collect$$$$0000000B  mc_w.l(entry9a.o)
    0x080000fc   0x080000fc   0x00000004   Code   RO         4085    .ARM.Collect$$$$0000000E  mc_w.l(entry12b.o)
    0x08000100   0x08000100   0x00000000   Code   RO         4080    .ARM.Collect$$$$0000000F  mc_w.l(entry10a.o)
    0x08000100   0x08000100   0x00000000   Code   RO         4082    .ARM.Collect$$$$00000011  mc_w.l(entry11a.o)
    0x08000100   0x08000100   0x00000004   Code   RO         4071    .ARM.Collect$$$$00002712  mc_w.l(entry2.o)
    0x08000104   0x08000104   0x00000024   Code   RO            4    .text               startup_stm32f10x_md.o
    0x08000128   0x08000128   0x00000024   Code   RO         3793    .text               mc_w.l(memcpya.o)
    0x0800014c   0x0800014c   0x00000024   Code   RO         3795    .text               mc_w.l(memseta.o)
    0x08000170   0x08000170   0x00000018   Code   RO         3797    .text               mc_w.l(strcat.o)
    0x08000188   0x08000188   0x00000024   Code   RO         3799    .text               mc_w.l(strstr.o)
    0x080001ac   0x080001ac   0x00000018   Code   RO         3801    .text               mc_w.l(strncpy.o)
    0x080001c4   0x080001c4   0x00000012   Code   RO         3805    .text               mc_w.l(strcpy.o)
    0x080001d6   0x080001d6   0x0000002c   Code   RO         4087    .text               mc_w.l(uidiv.o)
    0x08000202   0x08000202   0x00000062   Code   RO         4089    .text               mc_w.l(uldiv.o)
    0x08000264   0x08000264   0x00000000   Code   RO         4091    .text               mc_w.l(iusefp.o)
    0x08000264   0x08000264   0x0000014e   Code   RO         4092    .text               mf_w.l(dadd.o)
    0x080003b2   0x080003b2   0x000000e4   Code   RO         4094    .text               mf_w.l(dmul.o)
    0x08000496   0x08000496   0x000000de   Code   RO         4096    .text               mf_w.l(ddiv.o)
    0x08000574   0x08000574   0x00000030   Code   RO         4098    .text               mf_w.l(dfixul.o)
    0x080005a4   0x080005a4   0x00000030   Code   RO         4100    .text               mf_w.l(cdrcmple.o)
    0x080005d4   0x080005d4   0x00000024   Code   RO         4102    .text               mc_w.l(init.o)
    0x080005f8   0x080005f8   0x0000001e   Code   RO         4104    .text               mc_w.l(llshl.o)
    0x08000616   0x08000616   0x00000020   Code   RO         4106    .text               mc_w.l(llushr.o)
    0x08000636   0x08000636   0x00000024   Code   RO         4108    .text               mc_w.l(llsshr.o)
    0x0800065a   0x0800065a   0x000000ba   Code   RO         4110    .text               mf_w.l(depilogue.o)
    0x08000714   0x08000714   0x000001d0   Code   RO         3222    i.AboutCourierProc  myconfig.o
    0x080008e4   0x080008e4   0x00000020   Code   RO         3223    i.AboutFingerprintProc  myconfig.o
    0x08000904   0x08000904   0x00000498   Code   RO         3224    i.AboutUsartScreenProc  myconfig.o
    0x08000d9c   0x08000d9c   0x000000f8   Code   RO         3410    i.Add_FR            as608.o
    0x08000e94   0x08000e94   0x00000030   Code   RO         3108    i.BSP_Init          main.o
    0x08000ec4   0x08000ec4   0x00000004   Code   RO         3177    i.BusFault_Handler  stm32f10x_it.o
    0x08000ec8   0x08000ec8   0x00000024   Code   RO         3724    i.CLR_Buf1          sim800c.o
    0x08000eec   0x08000eec   0x00000002   Code   RO         3178    i.DebugMon_Handler  stm32f10x_it.o
    0x08000eee   0x08000eee   0x00000002   PAD
    0x08000ef0   0x08000ef0   0x0000004c   Code   RO          953    i.FLASH_ErasePage   stm32f10x_flash.o
    0x08000f3c   0x08000f3c   0x00000034   Code   RO          954    i.FLASH_GetBank1Status  stm32f10x_flash.o
    0x08000f70   0x08000f70   0x00000014   Code   RO          963    i.FLASH_Lock        stm32f10x_flash.o
    0x08000f84   0x08000f84   0x00000040   Code   RO          966    i.FLASH_ProgramHalfWord  stm32f10x_flash.o
    0x08000fc4   0x08000fc4   0x00000018   Code   RO          971    i.FLASH_Unlock      stm32f10x_flash.o
    0x08000fdc   0x08000fdc   0x00000026   Code   RO          975    i.FLASH_WaitForLastOperation  stm32f10x_flash.o
    0x08001002   0x08001002   0x00000002   PAD
    0x08001004   0x08001004   0x0000001c   Code   RO         3725    i.Find              sim800c.o
    0x08001020   0x08001020   0x00000116   Code   RO         1248    i.GPIO_Init         stm32f10x_gpio.o
    0x08001136   0x08001136   0x00000004   Code   RO         1255    i.GPIO_ResetBits    stm32f10x_gpio.o
    0x0800113a   0x0800113a   0x00000004   Code   RO         1256    i.GPIO_SetBits      stm32f10x_gpio.o
    0x0800113e   0x0800113e   0x00000004   Code   RO         3179    i.HardFault_Handler  stm32f10x_it.o
    0x08001142   0x08001142   0x00000002   PAD
    0x08001144   0x08001144   0x00000088   Code   RO         3411    i.JudgeStr          as608.o
    0x080011cc   0x080011cc   0x0000001c   Code   RO         3412    i.MYUSART_SendData  as608.o
    0x080011e8   0x080011e8   0x00000004   Code   RO         3180    i.MemManage_Handler  stm32f10x_it.o
    0x080011ec   0x080011ec   0x00000002   Code   RO         3181    i.NMI_Handler       stm32f10x_it.o
    0x080011ee   0x080011ee   0x0000000c   Code   RO         3773    i.NVIC_Config       nvic.o
    0x080011fa   0x080011fa   0x00000002   PAD
    0x080011fc   0x080011fc   0x00000070   Code   RO           10    i.NVIC_Init         misc.o
    0x0800126c   0x0800126c   0x00000014   Code   RO           11    i.NVIC_PriorityGroupConfig  misc.o
    0x08001280   0x08001280   0x00000046   Code   RO         3415    i.PS_GenChar        as608.o
    0x080012c6   0x080012c6   0x0000003a   Code   RO         3416    i.PS_GetImage       as608.o
    0x08001300   0x08001300   0x00000090   Code   RO         3418    i.PS_HighSpeedSearch  as608.o
    0x08001390   0x08001390   0x0000003a   Code   RO         3419    i.PS_Match          as608.o
    0x080013ca   0x080013ca   0x0000003a   Code   RO         3422    i.PS_RegModel       as608.o
    0x08001404   0x08001404   0x00000060   Code   RO         3425    i.PS_StoreChar      as608.o
    0x08001464   0x08001464   0x00000020   Code   RO         1664    i.RCC_APB1PeriphClockCmd  stm32f10x_rcc.o
    0x08001484   0x08001484   0x00000020   Code   RO         1665    i.RCC_APB1PeriphResetCmd  stm32f10x_rcc.o
    0x080014a4   0x080014a4   0x00000020   Code   RO         1666    i.RCC_APB2PeriphClockCmd  stm32f10x_rcc.o
    0x080014c4   0x080014c4   0x00000020   Code   RO         1667    i.RCC_APB2PeriphResetCmd  stm32f10x_rcc.o
    0x080014e4   0x080014e4   0x000000d4   Code   RO         1674    i.RCC_GetClocksFreq  stm32f10x_rcc.o
    0x080015b8   0x080015b8   0x00000178   Code   RO         3225    i.Read_Flash        myconfig.o
    0x08001730   0x08001730   0x00000022   Code   RO         3685    i.STMFLASH_Read     stmflash.o
    0x08001752   0x08001752   0x00000006   Code   RO         3686    i.STMFLASH_ReadHalfWord  stmflash.o
    0x08001758   0x08001758   0x000000e8   Code   RO         3687    i.STMFLASH_Write    stmflash.o
    0x08001840   0x08001840   0x00000026   Code   RO         3688    i.STMFLASH_Write_NoCheck  stmflash.o
    0x08001866   0x08001866   0x00000002   PAD
    0x08001868   0x08001868   0x0000007c   Code   RO         3726    i.Second_AT_Command  sim800c.o
    0x080018e4   0x080018e4   0x00000034   Code   RO         3429    i.SendAddr          as608.o
    0x08001918   0x08001918   0x00000012   Code   RO         3430    i.SendCheck         as608.o
    0x0800192a   0x0800192a   0x0000000c   Code   RO         3431    i.SendFlag          as608.o
    0x08001936   0x08001936   0x00000010   Code   RO         3432    i.SendHead          as608.o
    0x08001946   0x08001946   0x00000014   Code   RO         3433    i.SendLength        as608.o
    0x0800195a   0x0800195a   0x00000002   PAD
    0x0800195c   0x0800195c   0x0000006c   Code   RO         3727    i.Send_Text_Sms     sim800c.o
    0x080019c8   0x080019c8   0x0000000c   Code   RO         3434    i.Sendcmd           as608.o
    0x080019d4   0x080019d4   0x00000008   Code   RO         3074    i.SetSysClock       system_stm32f10x.o
    0x080019dc   0x080019dc   0x000000e0   Code   RO         3075    i.SetSysClockTo72   system_stm32f10x.o
    0x08001abc   0x08001abc   0x00000054   Code   RO         3728    i.Set_Text_Mode     sim800c.o
    0x08001b10   0x08001b10   0x00000028   Code   RO           14    i.SysTick_CLKSourceConfig  misc.o
    0x08001b38   0x08001b38   0x00000060   Code   RO         3077    i.SystemInit        system_stm32f10x.o
    0x08001b98   0x08001b98   0x00000034   Code   RO         3392    i.TIM3_IRQHandler   tim3.o
    0x08001bcc   0x08001bcc   0x00000060   Code   RO         3393    i.TIM3_Int_Init     tim3.o
    0x08001c2c   0x08001c2c   0x000000a8   Code   RO         3226    i.TIM4_IRQHandler   myconfig.o
    0x08001cd4   0x08001cd4   0x00000006   Code   RO         2293    i.TIM_ClearITPendingBit  stm32f10x_tim.o
    0x08001cda   0x08001cda   0x00000018   Code   RO         2298    i.TIM_Cmd           stm32f10x_tim.o
    0x08001cf2   0x08001cf2   0x00000022   Code   RO         2319    i.TIM_GetITStatus   stm32f10x_tim.o
    0x08001d14   0x08001d14   0x00000012   Code   RO         2323    i.TIM_ITConfig      stm32f10x_tim.o
    0x08001d26   0x08001d26   0x00000006   Code   RO         2347    i.TIM_PrescalerConfig  stm32f10x_tim.o
    0x08001d2c   0x08001d2c   0x00000004   Code   RO         2363    i.TIM_SetCounter    stm32f10x_tim.o
    0x08001d30   0x08001d30   0x000000a4   Code   RO         2369    i.TIM_TimeBaseInit  stm32f10x_tim.o
    0x08001dd4   0x08001dd4   0x00000064   Code   RO         3578    i.Tim4_Init         tim4.o
    0x08001e38   0x08001e38   0x0000002c   Code   RO         3590    i.UART1_SendString  usart1.o
    0x08001e64   0x08001e64   0x0000004c   Code   RO         3591    i.USART1_IRQHandler  usart1.o
    0x08001eb0   0x08001eb0   0x00000040   Code   RO         3637    i.USART2_IRQHandler  usart2.o
    0x08001ef0   0x08001ef0   0x00000070   Code   RO         3354    i.USART3_IRQHandler  usart3.o
    0x08001f60   0x08001f60   0x0000001e   Code   RO         2831    i.USART_ClearITPendingBit  stm32f10x_usart.o
    0x08001f7e   0x08001f7e   0x00000018   Code   RO         2834    i.USART_Cmd         stm32f10x_usart.o
    0x08001f96   0x08001f96   0x00000002   PAD
    0x08001f98   0x08001f98   0x0000009c   Code   RO         2836    i.USART_DeInit      stm32f10x_usart.o
    0x08002034   0x08002034   0x0000001a   Code   RO         2837    i.USART_GetFlagStatus  stm32f10x_usart.o
    0x0800204e   0x0800204e   0x00000054   Code   RO         2838    i.USART_GetITStatus  stm32f10x_usart.o
    0x080020a2   0x080020a2   0x0000004a   Code   RO         2840    i.USART_ITConfig    stm32f10x_usart.o
    0x080020ec   0x080020ec   0x000000d8   Code   RO         2841    i.USART_Init        stm32f10x_usart.o
    0x080021c4   0x080021c4   0x0000000a   Code   RO         2848    i.USART_ReceiveData  stm32f10x_usart.o
    0x080021ce   0x080021ce   0x00000008   Code   RO         2851    i.USART_SendData    stm32f10x_usart.o
    0x080021d6   0x080021d6   0x00000002   PAD
    0x080021d8   0x080021d8   0x00000054   Code   RO         3638    i.Uart2SendTjcScreen  usart2.o
    0x0800222c   0x0800222c   0x00000004   Code   RO         3182    i.UsageFault_Handler  stm32f10x_it.o
    0x08002230   0x08002230   0x000000a8   Code   RO         3592    i.Usart1_Init       usart1.o
    0x080022d8   0x080022d8   0x0000001e   Code   RO         3593    i.Usart1_SendByte   usart1.o
    0x080022f6   0x080022f6   0x00000002   PAD
    0x080022f8   0x080022f8   0x000000a4   Code   RO         3639    i.Usart2_Init       usart2.o
    0x0800239c   0x0800239c   0x000000d0   Code   RO         3355    i.Usart3_Init       usart3.o
    0x0800246c   0x0800246c   0x00000070   Code   RO         3729    i.Wait_CREG         sim800c.o
    0x080024dc   0x080024dc   0x00000094   Code   RO         3227    i.Waiting_Network   myconfig.o
    0x08002570   0x08002570   0x000001c8   Code   RO         3228    i.Write_Flash       myconfig.o
    0x08002738   0x08002738   0x00000020   Code   RO         4042    i.__0printf         mc_w.l(printfa.o)
    0x08002758   0x08002758   0x00000028   Code   RO         4044    i.__0sprintf        mc_w.l(printfa.o)
    0x08002780   0x08002780   0x0000000e   Code   RO         4114    i.__scatterload_copy  mc_w.l(handlers.o)
    0x0800278e   0x0800278e   0x00000002   Code   RO         4115    i.__scatterload_null  mc_w.l(handlers.o)
    0x08002790   0x08002790   0x0000000e   Code   RO         4116    i.__scatterload_zeroinit  mc_w.l(handlers.o)
    0x0800279e   0x0800279e   0x00000002   PAD
    0x080027a0   0x080027a0   0x00000184   Code   RO         4049    i._fp_digits        mc_w.l(printfa.o)
    0x08002924   0x08002924   0x000006b4   Code   RO         4050    i._printf_core      mc_w.l(printfa.o)
    0x08002fd8   0x08002fd8   0x00000024   Code   RO         4051    i._printf_post_padding  mc_w.l(printfa.o)
    0x08002ffc   0x08002ffc   0x0000002e   Code   RO         4052    i._printf_pre_padding  mc_w.l(printfa.o)
    0x0800302a   0x0800302a   0x0000000a   Code   RO         4054    i._sputc            mc_w.l(printfa.o)
    0x08003034   0x08003034   0x00000044   Code   RO         3317    i.delay_init        delay.o
    0x08003078   0x08003078   0x0000004c   Code   RO         3318    i.delay_ms          delay.o
    0x080030c4   0x080030c4   0x00000024   Code   RO         3594    i.fputc             usart1.o
    0x080030e8   0x080030e8   0x00000038   Code   RO         3109    i.main              main.o
    0x08003120   0x08003120   0x000001f0   Code   RO         3435    i.press_FR          as608.o
    0x08003310   0x08003310   0x00000034   Code   RO         3640    i.usart2_SendString  usart2.o
    0x08003344   0x08003344   0x00000018   Code   RO         3229    i.xDelay            myconfig.o
    0x0800335c   0x0800335c   0x00000032   Data   RO         3730    .constdata          sim800c.o
    0x0800338e   0x0800338e   0x00000002   PAD
    0x08003390   0x08003390   0x00000062   Data   RO         3231    .conststring        myconfig.o
    0x080033f2   0x080033f2   0x00000002   PAD
    0x080033f4   0x080033f4   0x00000020   Data   RO         4112    Region$$Table       anon$$obj.o


    Execution Region RW_IRAM1 (Exec base: 0x20000000, Load base: 0x08003414, Size: 0x00000ce0, Max: 0x00005000, ABSOLUTE)

    Exec Addr    Load Addr    Size         Type   Attr      Idx    E Section Name        Object

    0x20000000   0x08003414   0x00000014   Data   RW         1694    .data               stm32f10x_rcc.o
    0x20000014   0x08003428   0x00000014   Data   RW         3078    .data               system_stm32f10x.o
    0x20000028   0x0800343c   0x0000003a   Data   RW         3232    .data               myconfig.o
    0x20000062   0x08003476   0x00000004   Data   RW         3319    .data               delay.o
    0x20000066   0x0800347a   0x00000002   Data   RW         3358    .data               usart3.o
    0x20000068   0x0800347c   0x0000000a   Data   RW         3437    .data               as608.o
    0x20000072   0x08003486   0x00000001   Data   RW         3643    .data               usart2.o
    0x20000073   0x08003487   0x00000066   Data   RW         3731    .data               sim800c.o
    0x200000d9   0x080034ed   0x00000003   PAD
    0x200000dc   0x080034f0   0x00000004   Data   RW         4086    .data               mc_w.l(stdout.o)
    0x200000e0        -       0x00000014   Zero   RW         3230    .bss                myconfig.o
    0x200000f4        -       0x00000320   Zero   RW         3357    .bss                usart3.o
    0x20000414        -       0x00000064   Zero   RW         3595    .bss                usart1.o
    0x20000478        -       0x00000064   Zero   RW         3642    .bss                usart2.o
    0x200004dc        -       0x00000400   Zero   RW         3690    .bss                stmflash.o
    0x200008dc   0x080034f4   0x00000004   PAD
    0x200008e0        -       0x00000400   Zero   RW            1    STACK               startup_stm32f10x_md.o


==============================================================================

Image component sizes


      Code (inc. data)   RO Data    RW Data    ZI Data      Debug   Object Name

      1522        330          0         10          0      10627   as608.o
       144         22          0          4          0       1244   delay.o
       104          0          0          0          0        919   main.o
       172         22          0          0          0     260657   misc.o
      2844        602         98         58         20       7310   myconfig.o
        12          0          0          0          0        462   nvic.o
       492        120         50        102          0       4681   sim800c.o
        36          8        236          0       1024        884   startup_stm32f10x_md.o
       274         30          0          0          0       3770   stm32f10x_flash.o
       286          0          0          0          0       3400   stm32f10x_gpio.o
        20          0          0          0          0       2681   stm32f10x_it.o
       340         44          0         20          0       6084   stm32f10x_rcc.o
       256         42          0          0          0       5269   stm32f10x_tim.o
       628         28          0          0          0       8134   stm32f10x_usart.o
       310         10          0          0       1024       3709   stmflash.o
       328         28          0         20          0       2477   system_stm32f10x.o
       148         16          0          0          0       1154   tim3.o
       100          6          0          0          0        568   tim4.o
       354         30          0          0        100       5123   usart1.o
       364         32          0          1        100       3263   usart2.o
       320         36          0          2        800       2906   usart3.o

    ----------------------------------------------------------------------
      9072       1406        420        220       3072     335322   Object Totals
         0          0         32          0          0          0   (incl. Generated)
        18          0          4          3          4          0   (incl. Padding)

    ----------------------------------------------------------------------

      Code (inc. data)   RO Data    RW Data    ZI Data      Debug   Library Member Name

         0          0          0          0          0          0   entry.o
         0          0          0          0          0          0   entry10a.o
         0          0          0          0          0          0   entry11a.o
         4          0          0          0          0          0   entry12b.o
         8          4          0          0          0          0   entry2.o
         4          0          0          0          0          0   entry5.o
         0          0          0          0          0          0   entry7b.o
         0          0          0          0          0          0   entry8b.o
         8          4          0          0          0          0   entry9a.o
        30          0          0          0          0          0   handlers.o
        36          8          0          0          0         68   init.o
         0          0          0          0          0          0   iusefp.o
        30          0          0          0          0         68   llshl.o
        36          0          0          0          0         68   llsshr.o
        32          0          0          0          0         68   llushr.o
        36          0          0          0          0         68   memcpya.o
        36          0          0          0          0        108   memseta.o
      2268         96          0          0          0        616   printfa.o
         0          0          0          4          0          0   stdout.o
        24          0          0          0          0         68   strcat.o
        18          0          0          0          0         68   strcpy.o
        24          0          0          0          0         76   strncpy.o
        36          0          0          0          0         80   strstr.o
        44          0          0          0          0         80   uidiv.o
        98          0          0          0          0         92   uldiv.o
        48          0          0          0          0         68   cdrcmple.o
       334          0          0          0          0        148   dadd.o
       222          0          0          0          0        100   ddiv.o
       186          0          0          0          0        176   depilogue.o
        48          0          0          0          0         68   dfixul.o
       228          0          0          0          0         96   dmul.o

    ----------------------------------------------------------------------
      3840        112          0          4          0       2184   Library Totals
         2          0          0          0          0          0   (incl. Padding)

    ----------------------------------------------------------------------

      Code (inc. data)   RO Data    RW Data    ZI Data      Debug   Library Name

      2772        112          0          4          0       1528   mc_w.l
      1066          0          0          0          0        656   mf_w.l

    ----------------------------------------------------------------------
      3840        112          0          4          0       2184   Library Totals

    ----------------------------------------------------------------------

==============================================================================


      Code (inc. data)   RO Data    RW Data    ZI Data      Debug   

     12912       1518        420        224       3072     331678   Grand Totals
     12912       1518        420        224       3072     331678   ELF Image Totals
     12912       1518        420        224          0          0   ROM Totals

==============================================================================

    Total RO  Size (Code + RO Data)                13332 (  13.02kB)
    Total RW  Size (RW Data + ZI Data)              3296 (   3.22kB)
    Total ROM Size (Code + RO Data + RW Data)      13556 (  13.24kB)

==============================================================================

