Component: ARM Compiler 5.06 update 7 (build 960) Tool: armlink [4d3601]

==============================================================================

Section Cross References

    startup_stm32f10x_md.o(RESET) refers to startup_stm32f10x_md.o(STACK) for __initial_sp
    startup_stm32f10x_md.o(RESET) refers to startup_stm32f10x_md.o(.text) for Reset_Handler
    startup_stm32f10x_md.o(RESET) refers to stm32f10x_it.o(i.NMI_Handler) for NMI_Handler
    startup_stm32f10x_md.o(RESET) refers to stm32f10x_it.o(i.HardFault_Handler) for HardFault_Handler
    startup_stm32f10x_md.o(RESET) refers to stm32f10x_it.o(i.MemManage_Handler) for MemManage_Handler
    startup_stm32f10x_md.o(RESET) refers to stm32f10x_it.o(i.BusFault_Handler) for BusFault_Handler
    startup_stm32f10x_md.o(RESET) refers to stm32f10x_it.o(i.UsageFault_Handler) for UsageFault_Handler
    startup_stm32f10x_md.o(RESET) refers to port.o(.emb_text) for SVC_Handler
    startup_stm32f10x_md.o(RESET) refers to stm32f10x_it.o(i.DebugMon_Handler) for DebugMon_Handler
    startup_stm32f10x_md.o(RESET) refers to stm32f10x_it.o(i.SysTick_Handler) for SysTick_Handler
    startup_stm32f10x_md.o(RESET) refers to tim3.o(i.TIM3_IRQHandler) for TIM3_IRQHandler
    startup_stm32f10x_md.o(RESET) refers to myconfig.o(i.TIM4_IRQHandler) for TIM4_IRQHandler
    startup_stm32f10x_md.o(RESET) refers to usart1.o(i.USART1_IRQHandler) for USART1_IRQHandler
    startup_stm32f10x_md.o(RESET) refers to usart2.o(i.USART2_IRQHandler) for USART2_IRQHandler
    startup_stm32f10x_md.o(RESET) refers to usart3.o(i.USART3_IRQHandler) for USART3_IRQHandler
    startup_stm32f10x_md.o(.text) refers to system_stm32f10x.o(i.SystemInit) for SystemInit
    startup_stm32f10x_md.o(.text) refers to entry.o(.ARM.Collect$$$$00000000) for __main
    stm32f10x_adc.o(i.ADC_DeInit) refers to stm32f10x_rcc.o(i.RCC_APB2PeriphResetCmd) for RCC_APB2PeriphResetCmd
    stm32f10x_bkp.o(i.BKP_DeInit) refers to stm32f10x_rcc.o(i.RCC_BackupResetCmd) for RCC_BackupResetCmd
    stm32f10x_can.o(i.CAN_DeInit) refers to stm32f10x_rcc.o(i.RCC_APB1PeriphResetCmd) for RCC_APB1PeriphResetCmd
    stm32f10x_can.o(i.CAN_GetITStatus) refers to stm32f10x_can.o(i.CheckITStatus) for CheckITStatus
    stm32f10x_cec.o(i.CEC_DeInit) refers to stm32f10x_rcc.o(i.RCC_APB1PeriphResetCmd) for RCC_APB1PeriphResetCmd
    stm32f10x_dac.o(i.DAC_DeInit) refers to stm32f10x_rcc.o(i.RCC_APB1PeriphResetCmd) for RCC_APB1PeriphResetCmd
    stm32f10x_flash.o(i.FLASH_EnableWriteProtection) refers to stm32f10x_flash.o(i.FLASH_WaitForLastOperation) for FLASH_WaitForLastOperation
    stm32f10x_flash.o(i.FLASH_EraseAllBank1Pages) refers to stm32f10x_flash.o(i.FLASH_WaitForLastBank1Operation) for FLASH_WaitForLastBank1Operation
    stm32f10x_flash.o(i.FLASH_EraseAllPages) refers to stm32f10x_flash.o(i.FLASH_WaitForLastOperation) for FLASH_WaitForLastOperation
    stm32f10x_flash.o(i.FLASH_EraseOptionBytes) refers to stm32f10x_flash.o(i.FLASH_GetReadOutProtectionStatus) for FLASH_GetReadOutProtectionStatus
    stm32f10x_flash.o(i.FLASH_EraseOptionBytes) refers to stm32f10x_flash.o(i.FLASH_WaitForLastOperation) for FLASH_WaitForLastOperation
    stm32f10x_flash.o(i.FLASH_ErasePage) refers to stm32f10x_flash.o(i.FLASH_WaitForLastOperation) for FLASH_WaitForLastOperation
    stm32f10x_flash.o(i.FLASH_ProgramHalfWord) refers to stm32f10x_flash.o(i.FLASH_WaitForLastOperation) for FLASH_WaitForLastOperation
    stm32f10x_flash.o(i.FLASH_ProgramOptionByteData) refers to stm32f10x_flash.o(i.FLASH_WaitForLastOperation) for FLASH_WaitForLastOperation
    stm32f10x_flash.o(i.FLASH_ProgramWord) refers to stm32f10x_flash.o(i.FLASH_WaitForLastOperation) for FLASH_WaitForLastOperation
    stm32f10x_flash.o(i.FLASH_ReadOutProtection) refers to stm32f10x_flash.o(i.FLASH_WaitForLastOperation) for FLASH_WaitForLastOperation
    stm32f10x_flash.o(i.FLASH_UserOptionByteConfig) refers to stm32f10x_flash.o(i.FLASH_WaitForLastOperation) for FLASH_WaitForLastOperation
    stm32f10x_flash.o(i.FLASH_WaitForLastBank1Operation) refers to stm32f10x_flash.o(i.FLASH_GetBank1Status) for FLASH_GetBank1Status
    stm32f10x_flash.o(i.FLASH_WaitForLastOperation) refers to stm32f10x_flash.o(i.FLASH_GetBank1Status) for FLASH_GetBank1Status
    stm32f10x_gpio.o(i.GPIO_AFIODeInit) refers to stm32f10x_rcc.o(i.RCC_APB2PeriphResetCmd) for RCC_APB2PeriphResetCmd
    stm32f10x_gpio.o(i.GPIO_DeInit) refers to stm32f10x_rcc.o(i.RCC_APB2PeriphResetCmd) for RCC_APB2PeriphResetCmd
    stm32f10x_i2c.o(i.I2C_DeInit) refers to stm32f10x_rcc.o(i.RCC_APB1PeriphResetCmd) for RCC_APB1PeriphResetCmd
    stm32f10x_i2c.o(i.I2C_Init) refers to stm32f10x_rcc.o(i.RCC_GetClocksFreq) for RCC_GetClocksFreq
    stm32f10x_pwr.o(i.PWR_DeInit) refers to stm32f10x_rcc.o(i.RCC_APB1PeriphResetCmd) for RCC_APB1PeriphResetCmd
    stm32f10x_rcc.o(i.RCC_GetClocksFreq) refers to stm32f10x_rcc.o(.data) for APBAHBPrescTable
[...]
    Removing stm32f10x_tim.o(i.TIM_OC4PreloadConfig), (26 bytes).
    Removing stm32f10x_tim.o(i.TIM_OCStructInit), (20 bytes).
    Removing stm32f10x_tim.o(i.TIM_PWMIConfig), (124 bytes).
    Removing stm32f10x_tim.o(i.TIM_SelectCCDMA), (24 bytes).
    Removing stm32f10x_tim.o(i.TIM_SelectCOM), (24 bytes).
    Removing stm32f10x_tim.o(i.TIM_SelectHallSensor), (24 bytes).
    Removing stm32f10x_tim.o(i.TIM_SelectInputTrigger), (18 bytes).
    Removing stm32f10x_tim.o(i.TIM_SelectMasterSlaveMode), (18 bytes).
    Removing stm32f10x_tim.o(i.TIM_SelectOCxM), (82 bytes).
    Removing stm32f10x_tim.o(i.TIM_SelectOnePulseMode), (18 bytes).
    Removing stm32f10x_tim.o(i.TIM_SelectOutputTrigger), (18 bytes).
    Removing stm32f10x_tim.o(i.TIM_SelectSlaveMode), (18 bytes).
    Removing stm32f10x_tim.o(i.TIM_SetAutoreload), (4 bytes).
    Removing stm32f10x_tim.o(i.TIM_SetClockDivision), (18 bytes).
    Removing stm32f10x_tim.o(i.TIM_SetCompare1), (4 bytes).
    Removing stm32f10x_tim.o(i.TIM_SetCompare2), (4 bytes).
    Removing stm32f10x_tim.o(i.TIM_SetCompare3), (4 bytes).
    Removing stm32f10x_tim.o(i.TIM_SetCompare4), (6 bytes).
    Removing stm32f10x_tim.o(i.TIM_SetIC1Prescaler), (18 bytes).
    Removing stm32f10x_tim.o(i.TIM_SetIC2Prescaler), (26 bytes).
    Removing stm32f10x_tim.o(i.TIM_SetIC3Prescaler), (18 bytes).
    Removing stm32f10x_tim.o(i.TIM_SetIC4Prescaler), (26 bytes).
    Removing stm32f10x_tim.o(i.TIM_TIxExternalClockConfig), (62 bytes).
    Removing stm32f10x_tim.o(i.TIM_TimeBaseStructInit), (18 bytes).
    Removing stm32f10x_tim.o(i.TIM_UpdateDisableConfig), (24 bytes).
    Removing stm32f10x_tim.o(i.TIM_UpdateRequestConfig), (24 bytes).
    Removing stm32f10x_usart.o(i.USART_ClearFlag), (18 bytes).
    Removing stm32f10x_usart.o(i.USART_ClockInit), (34 bytes).
    Removing stm32f10x_usart.o(i.USART_ClockStructInit), (12 bytes).
    Removing stm32f10x_usart.o(i.USART_DMACmd), (18 bytes).
    Removing stm32f10x_usart.o(i.USART_HalfDuplexCmd), (24 bytes).
    Removing stm32f10x_usart.o(i.USART_IrDACmd), (24 bytes).
    Removing stm32f10x_usart.o(i.USART_IrDAConfig), (18 bytes).
    Removing stm32f10x_usart.o(i.USART_LINBreakDetectLengthConfig), (18 bytes).
    Removing stm32f10x_usart.o(i.USART_LINCmd), (24 bytes).
    Removing stm32f10x_usart.o(i.USART_OneBitMethodCmd), (24 bytes).
    Removing stm32f10x_usart.o(i.USART_OverSampling8Cmd), (22 bytes).
    Removing stm32f10x_usart.o(i.USART_ReceiverWakeUpCmd), (24 bytes).
    Removing stm32f10x_usart.o(i.USART_SendBreak), (10 bytes).
    Removing stm32f10x_usart.o(i.USART_SetAddress), (18 bytes).
    Removing stm32f10x_usart.o(i.USART_SetGuardTime), (16 bytes).
    Removing stm32f10x_usart.o(i.USART_SetPrescaler), (16 bytes).
    Removing stm32f10x_usart.o(i.USART_SmartCardCmd), (24 bytes).
    Removing stm32f10x_usart.o(i.USART_SmartCardNACKCmd), (24 bytes).
    Removing stm32f10x_usart.o(i.USART_StructInit), (24 bytes).
    Removing stm32f10x_usart.o(i.USART_WakeUpConfig), (18 bytes).
    Removing stm32f10x_wwdg.o(i.WWDG_ClearFlag), (12 bytes).
    Removing stm32f10x_wwdg.o(i.WWDG_DeInit), (22 bytes).
    Removing stm32f10x_wwdg.o(i.WWDG_Enable), (16 bytes).
    Removing stm32f10x_wwdg.o(i.WWDG_EnableIT), (12 bytes).
    Removing stm32f10x_wwdg.o(i.WWDG_GetFlagStatus), (12 bytes).
    Removing stm32f10x_wwdg.o(i.WWDG_SetCounter), (16 bytes).
    Removing stm32f10x_wwdg.o(i.WWDG_SetPrescaler), (24 bytes).
    Removing stm32f10x_wwdg.o(i.WWDG_SetWindowValue), (40 bytes).
    Removing core_cm3.o(.emb_text), (32 bytes).
    Removing system_stm32f10x.o(i.SystemCoreClockUpdate), (164 bytes).
    Removing sys.o(.emb_text), (6 bytes).
    Removing sys.o(i.INTX_DISABLE), (4 bytes).
    Removing sys.o(i.INTX_ENABLE), (4 bytes).
    Removing sys.o(i.WFI_SET), (4 bytes).
    Removing delay.o(i.Delay_us), (76 bytes).
    Removing gpio.o(i.Relay_GPIO_Config), (56 bytes).
    Removing usart3.o(i.u2_printf), (80 bytes).
    Removing as608.o(i.PS_DeletChar), (108 bytes).
    Removing as608.o(i.PS_Empty), (58 bytes).
    Removing as608.o(i.PS_HandShake), (128 bytes).
    Removing as608.o(i.PS_ReadNotepad), (96 bytes).
    Removing as608.o(i.PS_ReadSysPara), (108 bytes).
    Removing as608.o(i.PS_Search), (144 bytes).
    Removing as608.o(i.PS_SetAddr), (124 bytes).
    Removing as608.o(i.PS_ValidTempleteNum), (74 bytes).
    Removing as608.o(i.PS_WriteNotepad), (106 bytes).
    Removing as608.o(i.PS_WriteReg), (82 bytes).
    Removing as608.o(.bss), (12 bytes).
    Removing usart2.o(i.USART2SendByte), (32 bytes).
    Removing usart2.o(i.usart2_SendStringByLen), (48 bytes).
    Removing stmflash.o(i.Test_Write), (16 bytes).
    Removing event_groups.o(i.prvTestWaitCondition), (30 bytes).
    Removing event_groups.o(i.vEventGroupClearBitsCallback), (16 bytes).
    Removing event_groups.o(i.vEventGroupDelete), (136 bytes).
    Removing event_groups.o(i.vEventGroupSetBitsCallback), (16 bytes).
    Removing event_groups.o(i.xEventGroupClearBits), (136 bytes).
    Removing event_groups.o(i.xEventGroupCreate), (26 bytes).
    Removing event_groups.o(i.xEventGroupGetBitsFromISR), (44 bytes).
    Removing event_groups.o(i.xEventGroupSetBits), (252 bytes).
    Removing event_groups.o(i.xEventGroupSync), (296 bytes).
    Removing event_groups.o(i.xEventGroupWaitBits), (364 bytes).
    Removing list.o(i.vListInitialise), (26 bytes).
    Removing list.o(i.vListInitialiseItem), (6 bytes).
    Removing list.o(i.vListInsert), (52 bytes).
    Removing queue.o(i.pcQueueGetName), (44 bytes).
    Removing queue.o(i.prvCopyDataFromQueue), (42 bytes).
    Removing queue.o(i.prvCopyDataToQueue), (106 bytes).
    Removing queue.o(i.prvInitialiseNewQueue), (38 bytes).
    Removing queue.o(i.prvIsQueueEmpty), (26 bytes).
    Removing queue.o(i.prvIsQueueFull), (30 bytes).
    Removing queue.o(i.prvUnlockQueue), (126 bytes).
    Removing queue.o(i.uxQueueMessagesWaiting), (88 bytes).
    Removing queue.o(i.uxQueueMessagesWaitingFromISR), (80 bytes).
    Removing queue.o(i.uxQueueSpacesAvailable), (96 bytes).
    Removing queue.o(i.vQueueAddToRegistry), (44 bytes).
    Removing queue.o(i.vQueueDelete), (92 bytes).
    Removing queue.o(i.vQueueUnregisterQueue), (48 bytes).
    Removing queue.o(i.xQueueGenericCreate), (136 bytes).
    Removing queue.o(i.xQueueGenericReceive), (448 bytes).
    Removing queue.o(i.xQueueGenericReset), (196 bytes).
    Removing queue.o(i.xQueueGenericSend), (440 bytes).
    Removing queue.o(i.xQueueGenericSendFromISR), (276 bytes).
    Removing queue.o(i.xQueueGiveFromISR), (252 bytes).
    Removing queue.o(i.xQueueIsQueueEmptyFromISR), (88 bytes).
    Removing queue.o(i.xQueueIsQueueFullFromISR), (92 bytes).
    Removing queue.o(i.xQueuePeekFromISR), (204 bytes).
    Removing queue.o(i.xQueueReceiveFromISR), (240 bytes).
    Removing queue.o(.bss), (80 bytes).
    Removing tasks.o(i.eTaskGetState), (180 bytes).
    Removing tasks.o(i.pcTaskGetName), (96 bytes).
    Removing tasks.o(i.prvAddCurrentTaskToDelayedList), (152 bytes).
    Removing tasks.o(i.prvAddNewTaskToReadyList), (180 bytes).
    Removing tasks.o(i.prvCheckTasksWaitingTermination), (100 bytes).
    Removing tasks.o(i.prvDeleteTCB), (18 bytes).
    Removing tasks.o(i.prvIdleTask), (40 bytes).
    Removing tasks.o(i.prvInitialiseNewTask), (212 bytes).
    Removing tasks.o(i.prvInitialiseTaskLists), (104 bytes).
    Removing tasks.o(i.prvTaskIsTaskSuspended), (136 bytes).
    Removing tasks.o(i.ulTaskNotifyTake), (116 bytes).
    Removing tasks.o(i.uxTaskGetNumberOfTasks), (12 bytes).
    Removing tasks.o(i.uxTaskPriorityGet), (36 bytes).
    Removing tasks.o(i.uxTaskPriorityGetFromISR), (68 bytes).
    Removing tasks.o(i.uxTaskResetEventItemValue), (28 bytes).
    Removing tasks.o(i.vTaskDelay), (136 bytes).
    Removing tasks.o(i.vTaskDelayUntil), (240 bytes).
    Removing tasks.o(i.vTaskDelete), (288 bytes).
    Removing tasks.o(i.vTaskEndScheduler), (36 bytes).
    Removing tasks.o(i.vTaskMissedYield), (12 bytes).
    Removing tasks.o(i.vTaskNotifyGiveFromISR), (276 bytes).
    Removing tasks.o(i.vTaskPlaceOnEventList), (104 bytes).
    Removing tasks.o(i.vTaskPlaceOnUnorderedEventList), (144 bytes).
    Removing tasks.o(i.vTaskPrioritySet), (312 bytes).
    Removing tasks.o(i.vTaskResume), (192 bytes).
    Removing tasks.o(i.vTaskSetTimeOutState), (96 bytes).
    Removing tasks.o(i.vTaskStartScheduler), (184 bytes).
    Removing tasks.o(i.vTaskSuspend), (276 bytes).
    Removing tasks.o(i.vTaskSuspendAll), (16 bytes).
    Removing tasks.o(i.xTaskCheckForTimeOut), (180 bytes).
    Removing tasks.o(i.xTaskCreate), (96 bytes).
    Removing tasks.o(i.xTaskGenericNotify), (296 bytes).
    Removing tasks.o(i.xTaskGenericNotifyFromISR), (360 bytes).
    Removing tasks.o(i.xTaskGetTickCount), (12 bytes).
    Removing tasks.o(i.xTaskGetTickCountFromISR), (20 bytes).
    Removing tasks.o(i.xTaskNotifyStateClear), (52 bytes).
    Removing tasks.o(i.xTaskNotifyWait), (160 bytes).
    Removing tasks.o(i.xTaskRemoveFromEventList), (200 bytes).
    Removing tasks.o(i.xTaskRemoveFromUnorderedEventList), (212 bytes).
    Removing tasks.o(i.xTaskResumeAll), (308 bytes).
    Removing tasks.o(i.xTaskResumeFromISR), (224 bytes).
    Removing port.o(i.prvTaskExitError), (120 bytes).
    Removing port.o(i.pxPortInitialiseStack), (36 bytes).
    Removing port.o(i.vPortEndScheduler), (108 bytes).
    Removing port.o(i.vPortEnterCritical), (144 bytes).
    Removing port.o(i.vPortExitCritical), (120 bytes).
    Removing port.o(i.vPortSetupTimerInterrupt), (32 bytes).
    Removing port.o(i.vPortValidateInterruptPriority), (168 bytes).
    Removing port.o(i.xPortStartScheduler), (160 bytes).
    Removing port.o(.data), (12 bytes).
    Removing heap_4.o(i.prvHeapInit), (124 bytes).
    Removing heap_4.o(i.prvInsertBlockIntoFreeList), (104 bytes).
    Removing heap_4.o(i.pvPortMalloc), (348 bytes).
    Removing heap_4.o(i.vPortFree), (192 bytes).
    Removing heap_4.o(i.vPortInitialiseBlocks), (2 bytes).
    Removing heap_4.o(i.xPortGetFreeHeapSize), (12 bytes).
    Removing heap_4.o(i.xPortGetMinimumEverFreeHeapSize), (12 bytes).
    Removing heap_4.o(.bss), (20480 bytes).
    Removing heap_4.o(.data), (24 bytes).

559 unused section(s) (total 52114 bytes) removed from the image.

==============================================================================

Image Symbol Table

    Local Symbols

    Symbol Name                              Value     Ov Type        Size  Object(Section)

    ../clib/microlib/division.c              0x00000000   Number         0  uidiv.o ABSOLUTE
    ../clib/microlib/division.c              0x00000000   Number         0  uldiv.o ABSOLUTE
    ../clib/microlib/init/entry.s            0x00000000   Number         0  entry10b.o ABSOLUTE
    ../clib/microlib/init/entry.s            0x00000000   Number         0  entry12a.o ABSOLUTE
    ../clib/microlib/init/entry.s            0x00000000   Number         0  entry11b.o ABSOLUTE
    ../clib/microlib/init/entry.s            0x00000000   Number         0  entry12b.o ABSOLUTE
    ../clib/microlib/init/entry.s            0x00000000   Number         0  entry10a.o ABSOLUTE
    ../clib/microlib/init/entry.s            0x00000000   Number         0  entry9b.o ABSOLUTE
    ../clib/microlib/init/entry.s            0x00000000   Number         0  entry9a.o ABSOLUTE
    ../clib/microlib/init/entry.s            0x00000000   Number         0  entry2.o ABSOLUTE
    ../clib/microlib/init/entry.s            0x00000000   Number         0  entry8a.o ABSOLUTE
    ../clib/microlib/init/entry.s            0x00000000   Number         0  entry7b.o ABSOLUTE
    ../clib/microlib/init/entry.s            0x00000000   Number         0  entry7a.o ABSOLUTE
    ../clib/microlib/init/entry.s            0x00000000   Number         0  entry8b.o ABSOLUTE
    ../clib/microlib/init/entry.s            0x00000000   Number         0  entry.o ABSOLUTE
    ../clib/microlib/init/entry.s            0x00000000   Number         0  entry11a.o ABSOLUTE
    ../clib/microlib/init/entry.s            0x00000000   Number         0  entry5.o ABSOLUTE
    ../clib/microlib/longlong.c              0x00000000   Number         0  llshl.o ABSOLUTE
    ../clib/microlib/longlong.c              0x00000000   Number         0  llushr.o ABSOLUTE
    ../clib/microlib/longlong.c              0x00000000   Number         0  llsshr.o ABSOLUTE
    ../clib/microlib/printf/printf.c         0x00000000   Number         0  printf7.o ABSOLUTE
    ../clib/microlib/printf/printf.c         0x00000000   Number         0  printfa.o ABSOLUTE
    ../clib/microlib/printf/printf.c         0x00000000   Number         0  printf8.o ABSOLUTE
    ../clib/microlib/printf/printf.c         0x00000000   Number         0  printf6.o ABSOLUTE
    ../clib/microlib/printf/printf.c         0x00000000   Number         0  printf5.o ABSOLUTE
    ../clib/microlib/printf/printf.c         0x00000000   Number         0  printf3.o ABSOLUTE
    ../clib/microlib/printf/printf.c         0x00000000   Number         0  printfb.o ABSOLUTE
    ../clib/microlib/printf/printf.c         0x00000000   Number         0  printf0.o ABSOLUTE
    ../clib/microlib/printf/printf.c         0x00000000   Number         0  printf1.o ABSOLUTE
    ../clib/microlib/printf/printf.c         0x00000000   Number         0  printf2.o ABSOLUTE
    ../clib/microlib/printf/printf.c         0x00000000   Number         0  printf4.o ABSOLUTE
    ../clib/microlib/printf/stubs.s          0x00000000   Number         0  stubs.o ABSOLUTE
    ../clib/microlib/stdio/streams.c         0x00000000   Number         0  stdout.o ABSOLUTE
    ../clib/microlib/string/memcpy.c         0x00000000   Number         0  memcpya.o ABSOLUTE
    ../clib/microlib/string/memcpy.c         0x00000000   Number         0  memcpyb.o ABSOLUTE
    ../clib/microlib/string/memset.c         0x00000000   Number         0  memseta.o ABSOLUTE
    ../clib/microlib/string/strcat.c         0x00000000   Number         0  strcat.o ABSOLUTE
    ../clib/microlib/string/strcpy.c         0x00000000   Number         0  strcpy.o ABSOLUTE
    ../clib/microlib/string/strlen.c         0x00000000   Number         0  strlen.o ABSOLUTE
    ../clib/microlib/string/strncpy.c        0x00000000   Number         0  strncpy.o ABSOLUTE
    ../clib/microlib/string/strstr.c         0x00000000   Number         0  strstr.o ABSOLUTE
    ../clib/microlib/stubs.s                 0x00000000   Number         0  iusefp.o ABSOLUTE
    ../fplib/microlib/fpadd.c                0x00000000   Number         0  dadd.o ABSOLUTE
    ../fplib/microlib/fpdiv.c                0x00000000   Number         0  ddiv.o ABSOLUTE
    ../fplib/microlib/fpepilogue.c           0x00000000   Number         0  depilogue.o ABSOLUTE
    ../fplib/microlib/fpfix.c                0x00000000   Number         0  dfixul.o ABSOLUTE
    ../fplib/microlib/fpmul.c                0x00000000   Number         0  dmul.o ABSOLUTE
    ..\..\2.使用FreeRTOS\DOC\bsp_xx.c        0x00000000   Number         0  bsp_xx.o ABSOLUTE
    ..\..\2.使用FreeRTOS\RTOS\port\MemMang\heap_4.c 0x00000000   Number         0  heap_4.o ABSOLUTE
    ..\..\2.使用FreeRTOS\RTOS\port\RVDS\ARM_CM3\port.c 0x00000000   Number         0  port.o ABSOLUTE
    ..\..\2.使用FreeRTOS\RTOS\src\croutine.c 0x00000000   Number         0  croutine.o ABSOLUTE
    ..\..\2.使用FreeRTOS\RTOS\src\event_groups.c 0x00000000   Number         0  event_groups.o ABSOLUTE
    ..\..\2.使用FreeRTOS\RTOS\src\list.c     0x00000000   Number         0  list.o ABSOLUTE
    ..\..\2.使用FreeRTOS\RTOS\src\queue.c    0x00000000   Number         0  queue.o ABSOLUTE
    ..\..\2.使用FreeRTOS\RTOS\src\tasks.c    0x00000000   Number         0  tasks.o ABSOLUTE
    ..\..\2.使用FreeRTOS\RTOS\src\timers.c   0x00000000   Number         0  timers.o ABSOLUTE
    ..\Hardware\AS608\as608.c                0x00000000   Number         0  as608.o ABSOLUTE
    ..\Hardware\Flash\stmflash.c             0x00000000   Number         0  stmflash.o ABSOLUTE
    ..\Hardware\GPIO\gpio.c                  0x00000000   Number         0  gpio.o ABSOLUTE
    ..\Hardware\TIM4\tim4.c                  0x00000000   Number         0  tim4.o ABSOLUTE
    ..\Hardware\Tim3\tim3.c                  0x00000000   Number         0  tim3.o ABSOLUTE
    ..\Hardware\USART1\usart1.c              0x00000000   Number         0  usart1.o ABSOLUTE
    ..\Hardware\USART2\usart2.c              0x00000000   Number         0  usart2.o ABSOLUTE
    ..\Hardware\USART3\usart3.c              0x00000000   Number         0  usart3.o ABSOLUTE
    ..\Hardware\delay\delay.c                0x00000000   Number         0  delay.o ABSOLUTE
    ..\Hardware\gsm\sim800c.c                0x00000000   Number         0  sim800c.o ABSOLUTE
    ..\Hardware\nvic\nvic.c                  0x00000000   Number         0  nvic.o ABSOLUTE
    ..\Hardware\sys\sys.c                    0x00000000   Number         0  sys.o ABSOLUTE
    ..\Libraries\CMSIS\STARTUP\startup_stm32f10x_md.s 0x00000000   Number         0  startup_stm32f10x_md.o ABSOLUTE
    ..\Libraries\CMSIS\core_cm3.c            0x00000000   Number         0  core_cm3.o ABSOLUTE
    ..\Libraries\CMSIS\system_stm32f10x.c    0x00000000   Number         0  system_stm32f10x.o ABSOLUTE
    ..\Libraries\STM32F10x_StdPeriph_Driver\src\misc.c 0x00000000   Number         0  misc.o ABSOLUTE
    ..\Libraries\STM32F10x_StdPeriph_Driver\src\stm32f10x_adc.c 0x00000000   Number         0  stm32f10x_adc.o ABSOLUTE
    ..\Libraries\STM32F10x_StdPeriph_Driver\src\stm32f10x_bkp.c 0x00000000   Number         0  stm32f10x_bkp.o ABSOLUTE
    ..\Libraries\STM32F10x_StdPeriph_Driver\src\stm32f10x_can.c 0x00000000   Number         0  stm32f10x_can.o ABSOLUTE
    ..\Libraries\STM32F10x_StdPeriph_Driver\src\stm32f10x_cec.c 0x00000000   Number         0  stm32f10x_cec.o ABSOLUTE
    ..\Libraries\STM32F10x_StdPeriph_Driver\src\stm32f10x_crc.c 0x00000000   Number         0  stm32f10x_crc.o ABSOLUTE
    ..\Libraries\STM32F10x_StdPeriph_Driver\src\stm32f10x_dac.c 0x00000000   Number         0  stm32f10x_dac.o ABSOLUTE
    ..\Libraries\STM32F10x_StdPeriph_Driver\src\stm32f10x_dbgmcu.c 0x00000000   Number         0  stm32f10x_dbgmcu.o ABSOLUTE
    ..\Libraries\STM32F10x_StdPeriph_Driver\src\stm32f10x_dma.c 0x00000000   Number         0  stm32f10x_dma.o ABSOLUTE
    ..\Libraries\STM32F10x_StdPeriph_Driver\src\stm32f10x_exti.c 0x00000000   Number         0  stm32f10x_exti.o ABSOLUTE
    ..\Libraries\STM32F10x_StdPeriph_Driver\src\stm32f10x_flash.c 0x00000000   Number         0  stm32f10x_flash.o ABSOLUTE
    ..\Libraries\STM32F10x_StdPeriph_Driver\src\stm32f10x_fsmc.c 0x00000000   Number         0  stm32f10x_fsmc.o ABSOLUTE
    ..\Libraries\STM32F10x_StdPeriph_Driver\src\stm32f10x_gpio.c 0x00000000   Number         0  stm32f10x_gpio.o ABSOLUTE
    ..\Libraries\STM32F10x_StdPeriph_Driver\src\stm32f10x_i2c.c 0x00000000   Number         0  stm32f10x_i2c.o ABSOLUTE
    ..\Libraries\STM32F10x_StdPeriph_Driver\src\stm32f10x_iwdg.c 0x00000000   Number         0  stm32f10x_iwdg.o ABSOLUTE
    ..\Libraries\STM32F10x_StdPeriph_Driver\src\stm32f10x_pwr.c 0x00000000   Number         0  stm32f10x_pwr.o ABSOLUTE
    ..\Libraries\STM32F10x_StdPeriph_Driver\src\stm32f10x_rcc.c 0x00000000   Number         0  stm32f10x_rcc.o ABSOLUTE
    ..\Libraries\STM32F10x_StdPeriph_Driver\src\stm32f10x_rtc.c 0x00000000   Number         0  stm32f10x_rtc.o ABSOLUTE
    ..\Libraries\STM32F10x_StdPeriph_Driver\src\stm32f10x_sdio.c 0x00000000   Number         0  stm32f10x_sdio.o ABSOLUTE
    ..\Libraries\STM32F10x_StdPeriph_Driver\src\stm32f10x_spi.c 0x00000000   Number         0  stm32f10x_spi.o ABSOLUTE
    ..\Libraries\STM32F10x_StdPeriph_Driver\src\stm32f10x_tim.c 0x00000000   Number         0  stm32f10x_tim.o ABSOLUTE
    ..\Libraries\STM32F10x_StdPeriph_Driver\src\stm32f10x_usart.c 0x00000000   Number         0  stm32f10x_usart.o ABSOLUTE
    ..\Libraries\STM32F10x_StdPeriph_Driver\src\stm32f10x_wwdg.c 0x00000000   Number         0  stm32f10x_wwdg.o ABSOLUTE
    ..\Users\main.c                          0x00000000   Number         0  main.o ABSOLUTE
    ..\Users\myconfig.c                      0x00000000   Number         0  myconfig.o ABSOLUTE
    ..\Users\stm32f10x_it.c                  0x00000000   Number         0  stm32f10x_it.o ABSOLUTE
    ..\\..\\2.\312\271\323\303FreeRTOS\\RTOS\\port\\RVDS\\ARM_CM3\\port.c 0x00000000   Number         0  port.o ABSOLUTE
    ..\\Hardware\\sys\\sys.c                 0x00000000   Number         0  sys.o ABSOLUTE
    ..\\Libraries\\CMSIS\\core_cm3.c         0x00000000   Number         0  core_cm3.o ABSOLUTE
    cdrcmple.s                               0x00000000   Number         0  cdrcmple.o ABSOLUTE
    dc.s                                     0x00000000   Number         0  dc.o ABSOLUTE
    handlers.s                               0x00000000   Number         0  handlers.o ABSOLUTE
    init.s                                   0x00000000   Number         0  init.o ABSOLUTE
    RESET                                    0x08000000   Section      236  startup_stm32f10x_md.o(RESET)
    .ARM.Collect$$$$00000000                 0x080000ec   Section        0  entry.o(.ARM.Collect$$$$00000000)
    .ARM.Collect$$$$00000001                 0x080000ec   Section        4  entry2.o(.ARM.Collect$$$$00000001)
    .ARM.Collect$$$$00000004                 0x080000f0   Section        4  entry5.o(.ARM.Collect$$$$00000004)
    .ARM.Collect$$$$00000008                 0x080000f4   Section        0  entry7b.o(.ARM.Collect$$$$00000008)
    .ARM.Collect$$$$0000000A                 0x080000f4   Section        0  entry8b.o(.ARM.Collect$$$$0000000A)
    .ARM.Collect$$$$0000000B                 0x080000f4   Section        8  entry9a.o(.ARM.Collect$$$$0000000B)
    .ARM.Collect$$$$0000000E                 0x080000fc   Section        4  entry12b.o(.ARM.Collect$$$$0000000E)
    .ARM.Collect$$$$0000000F                 0x08000100   Section        0  entry10a.o(.ARM.Collect$$$$0000000F)
    .ARM.Collect$$$$00000011                 0x08000100   Section        0  entry11a.o(.ARM.Collect$$$$00000011)
    .ARM.Collect$$$$00002712                 0x08000100   Section        4  entry2.o(.ARM.Collect$$$$00002712)
    __lit__00000000                          0x08000100   Data           4  entry2.o(.ARM.Collect$$$$00002712)
    .emb_text                                0x08000104   Section      150  port.o(.emb_text)
    .text                                    0x0800019c   Section       36  startup_stm32f10x_md.o(.text)
    .text                                    0x080001c0   Section        0  memcpya.o(.text)
    .text                                    0x080001e4   Section        0  memseta.o(.text)
    .text                                    0x08000208   Section        0  strcat.o(.text)
    .text                                    0x08000220   Section        0  strstr.o(.text)
    .text                                    0x08000244   Section        0  strncpy.o(.text)
    .text                                    0x0800025c   Section        0  strcpy.o(.text)
    .text                                    0x0800026e   Section        0  uidiv.o(.text)
    .text                                    0x0800029a   Section        0  uldiv.o(.text)
    .text                                    0x080002fc   Section        0  dadd.o(.text)
    .text                                    0x080002fc   Section        0  iusefp.o(.text)
    .text                                    0x0800044a   Section        0  dmul.o(.text)
    .text                                    0x0800052e   Section        0  ddiv.o(.text)
    .text                                    0x0800060c   Section        0  dfixul.o(.text)
    .text                                    0x0800063c   Section       48  cdrcmple.o(.text)
    .text                                    0x0800066c   Section       36  init.o(.text)
    .text                                    0x08000690   Section        0  llshl.o(.text)
    .text                                    0x080006ae   Section        0  llushr.o(.text)
    .text                                    0x080006ce   Section        0  llsshr.o(.text)
    .text                                    0x080006f2   Section        0  depilogue.o(.text)
    i.AboutCourierProc                       0x080007ac   Section        0  myconfig.o(i.AboutCourierProc)
    i.AboutFingerprintProc                   0x0800097c   Section        0  myconfig.o(i.AboutFingerprintProc)
    i.AboutUsartScreenProc                   0x0800099c   Section        0  myconfig.o(i.AboutUsartScreenProc)
    i.Add_FR                                 0x08000e34   Section        0  as608.o(i.Add_FR)
    i.BSP_Init                               0x08000f2c   Section        0  main.o(i.BSP_Init)
    BSP_Init                                 0x08000f2d   Thumb Code    48  main.o(i.BSP_Init)
    i.BusFault_Handler                       0x08000f5c   Section        0  stm32f10x_it.o(i.BusFault_Handler)
    i.CLR_Buf1                               0x08000f60   Section        0  sim800c.o(i.CLR_Buf1)
    i.DebugMon_Handler                       0x08000f84   Section        0  stm32f10x_it.o(i.DebugMon_Handler)
    i.FLASH_ErasePage                        0x08000f88   Section        0  stm32f10x_flash.o(i.FLASH_ErasePage)
    i.FLASH_GetBank1Status                   0x08000fd4   Section        0  stm32f10x_flash.o(i.FLASH_GetBank1Status)
    i.FLASH_Lock                             0x08001008   Section        0  stm32f10x_flash.o(i.FLASH_Lock)
    i.FLASH_ProgramHalfWord                  0x0800101c   Section        0  stm32f10x_flash.o(i.FLASH_ProgramHalfWord)
    i.FLASH_Unlock                           0x0800105c   Section        0  stm32f10x_flash.o(i.FLASH_Unlock)
    i.FLASH_WaitForLastOperation             0x08001074   Section        0  stm32f10x_flash.o(i.FLASH_WaitForLastOperation)
    i.Find                                   0x0800109c   Section        0  sim800c.o(i.Find)
    i.GPIO_Init                              0x080010b8   Section        0  stm32f10x_gpio.o(i.GPIO_Init)
    i.GPIO_ResetBits                         0x080011ce   Section        0  stm32f10x_gpio.o(i.GPIO_ResetBits)
    i.GPIO_SetBits                           0x080011d2   Section        0  stm32f10x_gpio.o(i.GPIO_SetBits)
    i.HardFault_Handler                      0x080011d6   Section        0  stm32f10x_it.o(i.HardFault_Handler)
    i.JudgeStr                               0x080011dc   Section        0  as608.o(i.JudgeStr)
    JudgeStr                                 0x080011dd   Thumb Code   122  as608.o(i.JudgeStr)
    i.MYUSART_SendData                       0x08001264   Section        0  as608.o(i.MYUSART_SendData)
    MYUSART_SendData                         0x08001265   Thumb Code    22  as608.o(i.MYUSART_SendData)
    i.MemManage_Handler                      0x08001280   Section        0  stm32f10x_it.o(i.MemManage_Handler)
    i.NMI_Handler                            0x08001284   Section        0  stm32f10x_it.o(i.NMI_Handler)
    i.NVIC_Config                            0x08001286   Section        0  nvic.o(i.NVIC_Config)
    i.NVIC_Init                              0x08001294   Section        0  misc.o(i.NVIC_Init)
    i.NVIC_PriorityGroupConfig               0x08001304   Section        0  misc.o(i.NVIC_PriorityGroupConfig)
    i.PS_GenChar                             0x08001318   Section        0  as608.o(i.PS_GenChar)
    i.PS_GetImage                            0x0800135e   Section        0  as608.o(i.PS_GetImage)
    i.PS_HighSpeedSearch                     0x08001398   Section        0  as608.o(i.PS_HighSpeedSearch)
    i.PS_Match                               0x08001428   Section        0  as608.o(i.PS_Match)
    i.PS_RegModel                            0x08001462   Section        0  as608.o(i.PS_RegModel)
    i.PS_StoreChar                           0x0800149c   Section        0  as608.o(i.PS_StoreChar)
    i.RCC_APB1PeriphClockCmd                 0x080014fc   Section        0  stm32f10x_rcc.o(i.RCC_APB1PeriphClockCmd)
    i.RCC_APB1PeriphResetCmd                 0x0800151c   Section        0  stm32f10x_rcc.o(i.RCC_APB1PeriphResetCmd)
    i.RCC_APB2PeriphClockCmd                 0x0800153c   Section        0  stm32f10x_rcc.o(i.RCC_APB2PeriphClockCmd)
    i.RCC_APB2PeriphResetCmd                 0x0800155c   Section        0  stm32f10x_rcc.o(i.RCC_APB2PeriphResetCmd)
    i.RCC_GetClocksFreq                      0x0800157c   Section        0  stm32f10x_rcc.o(i.RCC_GetClocksFreq)
    i.Read_Flash                             0x08001650   Section        0  myconfig.o(i.Read_Flash)
    i.STMFLASH_Read                          0x080017c8   Section        0  stmflash.o(i.STMFLASH_Read)
    i.STMFLASH_ReadHalfWord                  0x080017ea   Section        0  stmflash.o(i.STMFLASH_ReadHalfWord)
    i.STMFLASH_Write                         0x080017f0   Section        0  stmflash.o(i.STMFLASH_Write)
    i.STMFLASH_Write_NoCheck                 0x080018d8   Section        0  stmflash.o(i.STMFLASH_Write_NoCheck)
    i.Second_AT_Command                      0x08001900   Section        0  sim800c.o(i.Second_AT_Command)
    i.SendAddr                               0x0800197c   Section        0  as608.o(i.SendAddr)
    SendAddr                                 0x0800197d   Thumb Code    46  as608.o(i.SendAddr)
    i.SendCheck                              0x080019b0   Section        0  as608.o(i.SendCheck)
    SendCheck                                0x080019b1   Thumb Code    18  as608.o(i.SendCheck)
    i.SendFlag                               0x080019c2   Section        0  as608.o(i.SendFlag)
    SendFlag                                 0x080019c3   Thumb Code    12  as608.o(i.SendFlag)
    i.SendHead                               0x080019ce   Section        0  as608.o(i.SendHead)
    SendHead                                 0x080019cf   Thumb Code    16  as608.o(i.SendHead)
    i.SendLength                             0x080019de   Section        0  as608.o(i.SendLength)
    SendLength                               0x080019df   Thumb Code    20  as608.o(i.SendLength)
    i.Send_Text_Sms                          0x080019f4   Section        0  sim800c.o(i.Send_Text_Sms)
    i.Sendcmd                                0x08001a60   Section        0  as608.o(i.Sendcmd)
    Sendcmd                                  0x08001a61   Thumb Code    12  as608.o(i.Sendcmd)
    i.SetSysClock                            0x08001a6c   Section        0  system_stm32f10x.o(i.SetSysClock)
    SetSysClock                              0x08001a6d   Thumb Code     8  system_stm32f10x.o(i.SetSysClock)
    i.SetSysClockTo72                        0x08001a74   Section        0  system_stm32f10x.o(i.SetSysClockTo72)
    SetSysClockTo72                          0x08001a75   Thumb Code   214  system_stm32f10x.o(i.SetSysClockTo72)
    i.Set_Text_Mode                          0x08001b54   Section        0  sim800c.o(i.Set_Text_Mode)
    i.SysTick_CLKSourceConfig                0x08001ba8   Section        0  misc.o(i.SysTick_CLKSourceConfig)
    i.SysTick_Handler                        0x08001bd0   Section        0  stm32f10x_it.o(i.SysTick_Handler)
    i.SystemInit                             0x08001be0   Section        0  system_stm32f10x.o(i.SystemInit)
    i.TIM3_IRQHandler                        0x08001c40   Section        0  tim3.o(i.TIM3_IRQHandler)
    i.TIM3_Int_Init                          0x08001c74   Section        0  tim3.o(i.TIM3_Int_Init)
    i.TIM4_IRQHandler                        0x08001cd4   Section        0  myconfig.o(i.TIM4_IRQHandler)
    i.TIM_ClearITPendingBit                  0x08001d7c   Section        0  stm32f10x_tim.o(i.TIM_ClearITPendingBit)
    i.TIM_Cmd                                0x08001d82   Section        0  stm32f10x_tim.o(i.TIM_Cmd)
    i.TIM_GetITStatus                        0x08001d9a   Section        0  stm32f10x_tim.o(i.TIM_GetITStatus)
    i.TIM_ITConfig                           0x08001dbc   Section        0  stm32f10x_tim.o(i.TIM_ITConfig)
    i.TIM_PrescalerConfig                    0x08001dce   Section        0  stm32f10x_tim.o(i.TIM_PrescalerConfig)
    i.TIM_SetCounter                         0x08001dd4   Section        0  stm32f10x_tim.o(i.TIM_SetCounter)
    i.TIM_TimeBaseInit                       0x08001dd8   Section        0  stm32f10x_tim.o(i.TIM_TimeBaseInit)
    i.Tim4_Init                              0x08001e7c   Section        0  tim4.o(i.Tim4_Init)
    i.UART1_SendString                       0x08001ee0   Section        0  usart1.o(i.UART1_SendString)
    i.USART1_IRQHandler                      0x08001f0c   Section        0  usart1.o(i.USART1_IRQHandler)
    i.USART2_IRQHandler                      0x08001f58   Section        0  usart2.o(i.USART2_IRQHandler)
    i.USART3_IRQHandler                      0x08001f98   Section        0  usart3.o(i.USART3_IRQHandler)
    i.USART_ClearITPendingBit                0x08002008   Section        0  stm32f10x_usart.o(i.USART_ClearITPendingBit)
    i.USART_Cmd                              0x08002026   Section        0  stm32f10x_usart.o(i.USART_Cmd)
    i.USART_DeInit                           0x08002040   Section        0  stm32f10x_usart.o(i.USART_DeInit)
    i.USART_GetFlagStatus                    0x080020dc   Section        0  stm32f10x_usart.o(i.USART_GetFlagStatus)
    i.USART_GetITStatus                      0x080020f6   Section        0  stm32f10x_usart.o(i.USART_GetITStatus)
    i.USART_ITConfig                         0x0800214a   Section        0  stm32f10x_usart.o(i.USART_ITConfig)
    i.USART_Init                             0x08002194   Section        0  stm32f10x_usart.o(i.USART_Init)
    i.USART_ReceiveData                      0x0800226c   Section        0  stm32f10x_usart.o(i.USART_ReceiveData)
    i.USART_SendData                         0x08002276   Section        0  stm32f10x_usart.o(i.USART_SendData)
    i.Uart2SendTjcScreen                     0x08002280   Section        0  usart2.o(i.Uart2SendTjcScreen)
    i.UsageFault_Handler                     0x080022d4   Section        0  stm32f10x_it.o(i.UsageFault_Handler)
    i.Usart1_Init                            0x080022d8   Section        0  usart1.o(i.Usart1_Init)
    i.Usart1_SendByte                        0x08002380   Section        0  usart1.o(i.Usart1_SendByte)
    i.Usart2_Init                            0x080023a0   Section        0  usart2.o(i.Usart2_Init)
    i.Usart3_Init                            0x08002444   Section        0  usart3.o(i.Usart3_Init)
    i.Wait_CREG                              0x08002514   Section        0  sim800c.o(i.Wait_CREG)
    i.Waiting_Network                        0x08002584   Section        0  myconfig.o(i.Waiting_Network)
    i.Write_Flash                            0x08002618   Section        0  myconfig.o(i.Write_Flash)
    i.__0printf                              0x080027e0   Section        0  printfa.o(i.__0printf)
    i.__0sprintf                             0x08002800   Section        0  printfa.o(i.__0sprintf)
    i.__scatterload_copy                     0x08002828   Section       14  handlers.o(i.__scatterload_copy)
    i.__scatterload_null                     0x08002836   Section        2  handlers.o(i.__scatterload_null)
    i.__scatterload_zeroinit                 0x08002838   Section       14  handlers.o(i.__scatterload_zeroinit)
    i._fp_digits                             0x08002848   Section        0  printfa.o(i._fp_digits)
    _fp_digits                               0x08002849   Thumb Code   366  printfa.o(i._fp_digits)
    i._printf_core                           0x080029cc   Section        0  printfa.o(i._printf_core)
    _printf_core                             0x080029cd   Thumb Code  1704  printfa.o(i._printf_core)
    i._printf_post_padding                   0x08003080   Section        0  printfa.o(i._printf_post_padding)
    _printf_post_padding                     0x08003081   Thumb Code    36  printfa.o(i._printf_post_padding)
    i._printf_pre_padding                    0x080030a4   Section        0  printfa.o(i._printf_pre_padding)
    _printf_pre_padding                      0x080030a5   Thumb Code    46  printfa.o(i._printf_pre_padding)
    i._sputc                                 0x080030d2   Section        0  printfa.o(i._sputc)
    _sputc                                   0x080030d3   Thumb Code    10  printfa.o(i._sputc)
    i.delay_init                             0x080030dc   Section        0  delay.o(i.delay_init)
    i.delay_ms                               0x08003120   Section        0  delay.o(i.delay_ms)
    i.fputc                                  0x0800316c   Section        0  usart1.o(i.fputc)
    i.main                                   0x08003190   Section        0  main.o(i.main)
    i.press_FR                               0x080031c8   Section        0  as608.o(i.press_FR)
    i.prvResetNextTaskUnblockTime            0x080033b8   Section        0  tasks.o(i.prvResetNextTaskUnblockTime)
    prvResetNextTaskUnblockTime              0x080033b9   Thumb Code    42  tasks.o(i.prvResetNextTaskUnblockTime)
    i.usart2_SendString                      0x080033ec   Section        0  usart2.o(i.usart2_SendString)
    i.uxListRemove                           0x08003420   Section        0  list.o(i.uxListRemove)
    i.vListInsertEnd                         0x08003448   Section        0  list.o(i.vListInsertEnd)
    i.vTaskSwitchContext                     0x08003460   Section        0  tasks.o(i.vTaskSwitchContext)
    i.xDelay                                 0x0800351c   Section        0  myconfig.o(i.xDelay)
    i.xPortSysTickHandler                    0x08003534   Section        0  port.o(i.xPortSysTickHandler)
    i.xTaskGetSchedulerState                 0x08003568   Section        0  tasks.o(i.xTaskGetSchedulerState)
    i.xTaskIncrementTick                     0x08003588   Section        0  tasks.o(i.xTaskIncrementTick)
    .constdata                               0x08003700   Section       50  sim800c.o(.constdata)
    .conststring                             0x08003734   Section       98  myconfig.o(.conststring)
    .data                                    0x20000000   Section       20  stm32f10x_rcc.o(.data)
    APBAHBPrescTable                         0x20000000   Data          16  stm32f10x_rcc.o(.data)
    ADCPrescTable                            0x20000010   Data           4  stm32f10x_rcc.o(.data)
    .data                                    0x20000014   Section       20  system_stm32f10x.o(.data)
    .data                                    0x20000028   Section       58  myconfig.o(.data)
    Index                                    0x20000060   Data           1  myconfig.o(.data)
    TimeCnt                                  0x20000061   Data           1  myconfig.o(.data)
    .data                                    0x20000062   Section        4  delay.o(.data)
    fac_us                                   0x20000062   Data           1  delay.o(.data)
    fac_ms                                   0x20000064   Data           2  delay.o(.data)
    .data                                    0x20000066   Section        2  usart3.o(.data)
    .data                                    0x20000068   Section       10  as608.o(.data)
    .data                                    0x20000072   Section        1  usart2.o(.data)
    .data                                    0x20000073   Section      102  sim800c.o(.data)
    .data                                    0x200000dc   Section       60  tasks.o(.data)
    pxDelayedTaskList                        0x200000e0   Data           4  tasks.o(.data)
    pxOverflowDelayedTaskList                0x200000e4   Data           4  tasks.o(.data)
    uxDeletedTasksWaitingCleanUp             0x200000e8   Data           4  tasks.o(.data)
    uxCurrentNumberOfTasks                   0x200000ec   Data           4  tasks.o(.data)
    xTickCount                               0x200000f0   Data           4  tasks.o(.data)
    uxTopReadyPriority                       0x200000f4   Data           4  tasks.o(.data)
    xSchedulerRunning                        0x200000f8   Data           4  tasks.o(.data)
    uxPendedTicks                            0x200000fc   Data           4  tasks.o(.data)
    xYieldPending                            0x20000100   Data           4  tasks.o(.data)
    xNumOfOverflows                          0x20000104   Data           4  tasks.o(.data)
    uxTaskNumber                             0x20000108   Data           4  tasks.o(.data)
    xNextTaskUnblockTime                     0x2000010c   Data           4  tasks.o(.data)
    xIdleTaskHandle                          0x20000110   Data           4  tasks.o(.data)
    uxSchedulerSuspended                     0x20000114   Data           4  tasks.o(.data)
    .data                                    0x20000118   Section        4  stdout.o(.data)
    .bss                                     0x2000011c   Section       20  myconfig.o(.bss)
    .bss                                     0x20000130   Section      800  usart3.o(.bss)
    .bss                                     0x20000450   Section      100  usart1.o(.bss)
    .bss                                     0x200004b4   Section      100  usart2.o(.bss)
    .bss                                     0x20000518   Section     1024  stmflash.o(.bss)
    .bss                                     0x20000918   Section      420  tasks.o(.bss)
    pxReadyTasksLists                        0x20000918   Data         320  tasks.o(.bss)
    xDelayedTaskList1                        0x20000a58   Data          20  tasks.o(.bss)
    xDelayedTaskList2                        0x20000a6c   Data          20  tasks.o(.bss)
    xPendingReadyList                        0x20000a80   Data          20  tasks.o(.bss)
    xTasksWaitingTermination                 0x20000a94   Data          20  tasks.o(.bss)
    xSuspendedTaskList                       0x20000aa8   Data          20  tasks.o(.bss)
    STACK                                    0x20000ac0   Section     1024  startup_stm32f10x_md.o(STACK)

    Global Symbols

    Symbol Name                              Value     Ov Type        Size  Object(Section)

    BuildAttributes$$THM_ISAv4$P$D$K$B$S$PE$A:L22UL41UL21$X:L11$S22US41US21$IEEE1$IW$USESV6$~STKCKD$USESV7$~SHL$OSPACE$ROPI$EBA8$MICROLIB$REQ8$PRES8$EABIv2 0x00000000   Number         0  anon$$obj.o ABSOLUTE
    __ARM_use_no_argv                        0x00000000   Number         0  main.o ABSOLUTE
    _printf_a                                0x00000000   Number         0  stubs.o ABSOLUTE
    _printf_c                                0x00000000   Number         0  stubs.o ABSOLUTE
    _printf_charcount                        0x00000000   Number         0  stubs.o ABSOLUTE
    _printf_d                                0x00000000   Number         0  stubs.o ABSOLUTE
    _printf_e                                0x00000000   Number         0  stubs.o ABSOLUTE
    _printf_f                                0x00000000   Number         0  stubs.o ABSOLUTE
    _printf_flags                            0x00000000   Number         0  stubs.o ABSOLUTE
    _printf_fp_dec                           0x00000000   Number         0  stubs.o ABSOLUTE
    _printf_fp_hex                           0x00000000   Number         0  stubs.o ABSOLUTE
    _printf_g                                0x00000000   Number         0  stubs.o ABSOLUTE
    _printf_i                                0x00000000   Number         0  stubs.o ABSOLUTE
    _printf_int_dec                          0x00000000   Number         0  stubs.o ABSOLUTE
    _printf_l                                0x00000000   Number         0  stubs.o ABSOLUTE
    _printf_lc                               0x00000000   Number         0  stubs.o ABSOLUTE
    _printf_ll                               0x00000000   Number         0  stubs.o ABSOLUTE
    _printf_lld                              0x00000000   Number         0  stubs.o ABSOLUTE
    _printf_lli                              0x00000000   Number         0  stubs.o ABSOLUTE
    _printf_llo                              0x00000000   Number         0  stubs.o ABSOLUTE
    _printf_llu                              0x00000000   Number         0  stubs.o ABSOLUTE
    _printf_llx                              0x00000000   Number         0  stubs.o ABSOLUTE
    _printf_longlong_dec                     0x00000000   Number         0  stubs.o ABSOLUTE
    _printf_longlong_hex                     0x00000000   Number         0  stubs.o ABSOLUTE
    _printf_longlong_oct                     0x00000000   Number         0  stubs.o ABSOLUTE
    _printf_ls                               0x00000000   Number         0  stubs.o ABSOLUTE
    _printf_mbtowc                           0x00000000   Number         0  stubs.o ABSOLUTE
    _printf_n                                0x00000000   Number         0  stubs.o ABSOLUTE
    _printf_o                                0x00000000   Number         0  stubs.o ABSOLUTE
    _printf_p                                0x00000000   Number         0  stubs.o ABSOLUTE
    _printf_percent                          0x00000000   Number         0  stubs.o ABSOLUTE
    _printf_pre_padding                      0x00000000   Number         0  stubs.o ABSOLUTE
    _printf_return_value                     0x00000000   Number         0  stubs.o ABSOLUTE
    _printf_s                                0x00000000   Number         0  stubs.o ABSOLUTE
    _printf_sizespec                         0x00000000   Number         0  stubs.o ABSOLUTE
    _printf_str                              0x00000000   Number         0  stubs.o ABSOLUTE
    _printf_truncate_signed                  0x00000000   Number         0  stubs.o ABSOLUTE
    _printf_truncate_unsigned                0x00000000   Number         0  stubs.o ABSOLUTE
    _printf_u                                0x00000000   Number         0  stubs.o ABSOLUTE
    _printf_wc                               0x00000000   Number         0  stubs.o ABSOLUTE
    _printf_wctomb                           0x00000000   Number         0  stubs.o ABSOLUTE
    _printf_widthprec                        0x00000000   Number         0  stubs.o ABSOLUTE
    _printf_x                                0x00000000   Number         0  stubs.o ABSOLUTE
    __arm_fini_                               - Undefined Weak Reference
    __cpp_initialize__aeabi_                  - Undefined Weak Reference
    __cxa_finalize                            - Undefined Weak Reference
    __decompress                              - Undefined Weak Reference
    _clock_init                               - Undefined Weak Reference
    _microlib_exit                            - Undefined Weak Reference
    __Vectors_Size                           0x000000ec   Number         0  startup_stm32f10x_md.o ABSOLUTE
    __Vectors                                0x08000000   Data           4  startup_stm32f10x_md.o(RESET)
    __Vectors_End                            0x080000ec   Data           0  startup_stm32f10x_md.o(RESET)
    __main                                   0x080000ed   Thumb Code     0  entry.o(.ARM.Collect$$$$00000000)
    _main_stk                                0x080000ed   Thumb Code     0  entry2.o(.ARM.Collect$$$$00000001)
    _main_scatterload                        0x080000f1   Thumb Code     0  entry5.o(.ARM.Collect$$$$00000004)
    __main_after_scatterload                 0x080000f5   Thumb Code     0  entry5.o(.ARM.Collect$$$$00000004)
    _main_clock                              0x080000f5   Thumb Code     0  entry7b.o(.ARM.Collect$$$$00000008)
    _main_cpp_init                           0x080000f5   Thumb Code     0  entry8b.o(.ARM.Collect$$$$0000000A)
    _main_init                               0x080000f5   Thumb Code     0  entry9a.o(.ARM.Collect$$$$0000000B)
    __rt_lib_shutdown_fini                   0x080000fd   Thumb Code     0  entry12b.o(.ARM.Collect$$$$0000000E)
    __rt_final_cpp                           0x08000101   Thumb Code     0  entry10a.o(.ARM.Collect$$$$0000000F)
    __rt_final_exit                          0x08000101   Thumb Code     0  entry11a.o(.ARM.Collect$$$$00000011)
    SVC_Handler                              0x08000105   Thumb Code    32  port.o(.emb_text)
    __asm___6_port_c_39a90d8d__prvStartFirstTask 0x08000129   Thumb Code    28  port.o(.emb_text)
    PendSV_Handler                           0x08000149   Thumb Code    72  port.o(.emb_text)
    vPortGetIPSR                             0x08000195   Thumb Code     6  port.o(.emb_text)
    Reset_Handler                            0x0800019d   Thumb Code     8  startup_stm32f10x_md.o(.text)
    ADC1_2_IRQHandler                        0x080001b7   Thumb Code     0  startup_stm32f10x_md.o(.text)
    CAN1_RX1_IRQHandler                      0x080001b7   Thumb Code     0  startup_stm32f10x_md.o(.text)
    CAN1_SCE_IRQHandler                      0x080001b7   Thumb Code     0  startup_stm32f10x_md.o(.text)
    DMA1_Channel1_IRQHandler                 0x080001b7   Thumb Code     0  startup_stm32f10x_md.o(.text)
    DMA1_Channel2_IRQHandler                 0x080001b7   Thumb Code     0  startup_stm32f10x_md.o(.text)
    DMA1_Channel3_IRQHandler                 0x080001b7   Thumb Code     0  startup_stm32f10x_md.o(.text)
    DMA1_Channel4_IRQHandler                 0x080001b7   Thumb Code     0  startup_stm32f10x_md.o(.text)
    DMA1_Channel5_IRQHandler                 0x080001b7   Thumb Code     0  startup_stm32f10x_md.o(.text)
    DMA1_Channel6_IRQHandler                 0x080001b7   Thumb Code     0  startup_stm32f10x_md.o(.text)
    DMA1_Channel7_IRQHandler                 0x080001b7   Thumb Code     0  startup_stm32f10x_md.o(.text)
    EXTI0_IRQHandler                         0x080001b7   Thumb Code     0  startup_stm32f10x_md.o(.text)
    EXTI15_10_IRQHandler                     0x080001b7   Thumb Code     0  startup_stm32f10x_md.o(.text)
    EXTI1_IRQHandler                         0x080001b7   Thumb Code     0  startup_stm32f10x_md.o(.text)
    EXTI2_IRQHandler                         0x080001b7   Thumb Code     0  startup_stm32f10x_md.o(.text)
    EXTI3_IRQHandler                         0x080001b7   Thumb Code     0  startup_stm32f10x_md.o(.text)
    EXTI4_IRQHandler                         0x080001b7   Thumb Code     0  startup_stm32f10x_md.o(.text)
    EXTI9_5_IRQHandler                       0x080001b7   Thumb Code     0  startup_stm32f10x_md.o(.text)
    FLASH_IRQHandler                         0x080001b7   Thumb Code     0  startup_stm32f10x_md.o(.text)
    I2C1_ER_IRQHandler                       0x080001b7   Thumb Code     0  startup_stm32f10x_md.o(.text)
    I2C1_EV_IRQHandler                       0x080001b7   Thumb Code     0  startup_stm32f10x_md.o(.text)
    I2C2_ER_IRQHandler                       0x080001b7   Thumb Code     0  startup_stm32f10x_md.o(.text)
    I2C2_EV_IRQHandler                       0x080001b7   Thumb Code     0  startup_stm32f10x_md.o(.text)
    PVD_IRQHandler                           0x080001b7   Thumb Code     0  startup_stm32f10x_md.o(.text)
    RCC_IRQHandler                           0x080001b7   Thumb Code     0  startup_stm32f10x_md.o(.text)
    RTCAlarm_IRQHandler                      0x080001b7   Thumb Code     0  startup_stm32f10x_md.o(.text)
    RTC_IRQHandler                           0x080001b7   Thumb Code     0  startup_stm32f10x_md.o(.text)
    SPI1_IRQHandler                          0x080001b7   Thumb Code     0  startup_stm32f10x_md.o(.text)
    SPI2_IRQHandler                          0x080001b7   Thumb Code     0  startup_stm32f10x_md.o(.text)
    TAMPER_IRQHandler                        0x080001b7   Thumb Code     0  startup_stm32f10x_md.o(.text)
    TIM1_BRK_IRQHandler                      0x080001b7   Thumb Code     0  startup_stm32f10x_md.o(.text)
    TIM1_CC_IRQHandler                       0x080001b7   Thumb Code     0  startup_stm32f10x_md.o(.text)
    TIM1_TRG_COM_IRQHandler                  0x080001b7   Thumb Code     0  startup_stm32f10x_md.o(.text)
    TIM1_UP_IRQHandler                       0x080001b7   Thumb Code     0  startup_stm32f10x_md.o(.text)
    TIM2_IRQHandler                          0x080001b7   Thumb Code     0  startup_stm32f10x_md.o(.text)
    USBWakeUp_IRQHandler                     0x080001b7   Thumb Code     0  startup_stm32f10x_md.o(.text)
    USB_HP_CAN1_TX_IRQHandler                0x080001b7   Thumb Code     0  startup_stm32f10x_md.o(.text)
    USB_LP_CAN1_RX0_IRQHandler               0x080001b7   Thumb Code     0  startup_stm32f10x_md.o(.text)
    WWDG_IRQHandler                          0x080001b7   Thumb Code     0  startup_stm32f10x_md.o(.text)
    __aeabi_memcpy                           0x080001c1   Thumb Code    36  memcpya.o(.text)
    __aeabi_memcpy4                          0x080001c1   Thumb Code     0  memcpya.o(.text)
    __aeabi_memcpy8                          0x080001c1   Thumb Code     0  memcpya.o(.text)
    __aeabi_memset                           0x080001e5   Thumb Code    14  memseta.o(.text)
    __aeabi_memset4                          0x080001e5   Thumb Code     0  memseta.o(.text)
    __aeabi_memset8                          0x080001e5   Thumb Code     0  memseta.o(.text)
    __aeabi_memclr                           0x080001f3   Thumb Code     4  memseta.o(.text)
    __aeabi_memclr4                          0x080001f3   Thumb Code     0  memseta.o(.text)
    __aeabi_memclr8                          0x080001f3   Thumb Code     0  memseta.o(.text)
    _memset$wrapper                          0x080001f7   Thumb Code    18  memseta.o(.text)
    strcat                                   0x08000209   Thumb Code    24  strcat.o(.text)
    strstr                                   0x08000221   Thumb Code    36  strstr.o(.text)
    strncpy                                  0x08000245   Thumb Code    24  strncpy.o(.text)
    strcpy                                   0x0800025d   Thumb Code    18  strcpy.o(.text)
    __aeabi_uidiv                            0x0800026f   Thumb Code     0  uidiv.o(.text)
    __aeabi_uidivmod                         0x0800026f   Thumb Code    44  uidiv.o(.text)
    __aeabi_uldivmod                         0x0800029b   Thumb Code    98  uldiv.o(.text)
    __I$use$fp                               0x080002fd   Thumb Code     0  iusefp.o(.text)
    __aeabi_dadd                             0x080002fd   Thumb Code   322  dadd.o(.text)
    __aeabi_dsub                             0x0800043f   Thumb Code     6  dadd.o(.text)
    __aeabi_drsub                            0x08000445   Thumb Code     6  dadd.o(.text)
    __aeabi_dmul                             0x0800044b   Thumb Code   228  dmul.o(.text)
    __aeabi_ddiv                             0x0800052f   Thumb Code   222  ddiv.o(.text)
    __aeabi_d2ulz                            0x0800060d   Thumb Code    48  dfixul.o(.text)
    __aeabi_cdrcmple                         0x0800063d   Thumb Code    48  cdrcmple.o(.text)
    __scatterload                            0x0800066d   Thumb Code    28  init.o(.text)
    __scatterload_rt2                        0x0800066d   Thumb Code     0  init.o(.text)
    __aeabi_llsl                             0x08000691   Thumb Code    30  llshl.o(.text)
    _ll_shift_l                              0x08000691   Thumb Code     0  llshl.o(.text)
    __aeabi_llsr                             0x080006af   Thumb Code    32  llushr.o(.text)
    _ll_ushift_r                             0x080006af   Thumb Code     0  llushr.o(.text)
    __aeabi_lasr                             0x080006cf   Thumb Code    36  llsshr.o(.text)
    _ll_sshift_r                             0x080006cf   Thumb Code     0  llsshr.o(.text)
    _double_round                            0x080006f3   Thumb Code    30  depilogue.o(.text)
    _double_epilogue                         0x08000711   Thumb Code   156  depilogue.o(.text)
    AboutCourierProc                         0x080007ad   Thumb Code   370  myconfig.o(i.AboutCourierProc)
    AboutFingerprintProc                     0x0800097d   Thumb Code    28  myconfig.o(i.AboutFingerprintProc)
    AboutUsartScreenProc                     0x0800099d   Thumb Code   770  myconfig.o(i.AboutUsartScreenProc)
    Add_FR                                   0x08000e35   Thumb Code   174  as608.o(i.Add_FR)
    BusFault_Handler                         0x08000f5d   Thumb Code     4  stm32f10x_it.o(i.BusFault_Handler)
    CLR_Buf1                                 0x08000f61   Thumb Code    26  sim800c.o(i.CLR_Buf1)
    DebugMon_Handler                         0x08000f85   Thumb Code     2  stm32f10x_it.o(i.DebugMon_Handler)
    FLASH_ErasePage                          0x08000f89   Thumb Code    72  stm32f10x_flash.o(i.FLASH_ErasePage)
    FLASH_GetBank1Status                     0x08000fd5   Thumb Code    48  stm32f10x_flash.o(i.FLASH_GetBank1Status)
    FLASH_Lock                               0x08001009   Thumb Code    14  stm32f10x_flash.o(i.FLASH_Lock)
    FLASH_ProgramHalfWord                    0x0800101d   Thumb Code    60  stm32f10x_flash.o(i.FLASH_ProgramHalfWord)
    FLASH_Unlock                             0x0800105d   Thumb Code    12  stm32f10x_flash.o(i.FLASH_Unlock)
    FLASH_WaitForLastOperation               0x08001075   Thumb Code    38  stm32f10x_flash.o(i.FLASH_WaitForLastOperation)
    Find                                     0x0800109d   Thumb Code    22  sim800c.o(i.Find)
    GPIO_Init                                0x080010b9   Thumb Code   278  stm32f10x_gpio.o(i.GPIO_Init)
    GPIO_ResetBits                           0x080011cf   Thumb Code     4  stm32f10x_gpio.o(i.GPIO_ResetBits)
    GPIO_SetBits                             0x080011d3   Thumb Code     4  stm32f10x_gpio.o(i.GPIO_SetBits)
    HardFault_Handler                        0x080011d7   Thumb Code     4  stm32f10x_it.o(i.HardFault_Handler)
    MemManage_Handler                        0x08001281   Thumb Code     4  stm32f10x_it.o(i.MemManage_Handler)
    NMI_Handler                              0x08001285   Thumb Code     2  stm32f10x_it.o(i.NMI_Handler)
    NVIC_Config                              0x08001287   Thumb Code    12  nvic.o(i.NVIC_Config)
    NVIC_Init                                0x08001295   Thumb Code   100  misc.o(i.NVIC_Init)
    NVIC_PriorityGroupConfig                 0x08001305   Thumb Code    10  misc.o(i.NVIC_PriorityGroupConfig)
    PS_GenChar                               0x08001319   Thumb Code    70  as608.o(i.PS_GenChar)
    PS_GetImage                              0x0800135f   Thumb Code    58  as608.o(i.PS_GetImage)
    PS_HighSpeedSearch                       0x08001399   Thumb Code   144  as608.o(i.PS_HighSpeedSearch)
    PS_Match                                 0x08001429   Thumb Code    58  as608.o(i.PS_Match)
    PS_RegModel                              0x08001463   Thumb Code    58  as608.o(i.PS_RegModel)
    PS_StoreChar                             0x0800149d   Thumb Code    96  as608.o(i.PS_StoreChar)
    RCC_APB1PeriphClockCmd                   0x080014fd   Thumb Code    26  stm32f10x_rcc.o(i.RCC_APB1PeriphClockCmd)
    RCC_APB1PeriphResetCmd                   0x0800151d   Thumb Code    26  stm32f10x_rcc.o(i.RCC_APB1PeriphResetCmd)
    RCC_APB2PeriphClockCmd                   0x0800153d   Thumb Code    26  stm32f10x_rcc.o(i.RCC_APB2PeriphClockCmd)
    RCC_APB2PeriphResetCmd                   0x0800155d   Thumb Code    26  stm32f10x_rcc.o(i.RCC_APB2PeriphResetCmd)
    RCC_GetClocksFreq                        0x0800157d   Thumb Code   192  stm32f10x_rcc.o(i.RCC_GetClocksFreq)
    Read_Flash                               0x08001651   Thumb Code   360  myconfig.o(i.Read_Flash)
    STMFLASH_Read                            0x080017c9   Thumb Code    34  stmflash.o(i.STMFLASH_Read)
    STMFLASH_ReadHalfWord                    0x080017eb   Thumb Code     6  stmflash.o(i.STMFLASH_ReadHalfWord)
    STMFLASH_Write                           0x080017f1   Thumb Code   222  stmflash.o(i.STMFLASH_Write)
    STMFLASH_Write_NoCheck                   0x080018d9   Thumb Code    38  stmflash.o(i.STMFLASH_Write_NoCheck)
    Second_AT_Command                        0x08001901   Thumb Code   108  sim800c.o(i.Second_AT_Command)
    Send_Text_Sms                            0x080019f5   Thumb Code    90  sim800c.o(i.Send_Text_Sms)
    Set_Text_Mode                            0x08001b55   Thumb Code    34  sim800c.o(i.Set_Text_Mode)
    SysTick_CLKSourceConfig                  0x08001ba9   Thumb Code    40  misc.o(i.SysTick_CLKSourceConfig)
    SysTick_Handler                          0x08001bd1   Thumb Code    16  stm32f10x_it.o(i.SysTick_Handler)
    SystemInit                               0x08001be1   Thumb Code    78  system_stm32f10x.o(i.SystemInit)
    TIM3_IRQHandler                          0x08001c41   Thumb Code    42  tim3.o(i.TIM3_IRQHandler)
    TIM3_Int_Init                            0x08001c75   Thumb Code    90  tim3.o(i.TIM3_Int_Init)
    TIM4_IRQHandler                          0x08001cd5   Thumb Code   142  myconfig.o(i.TIM4_IRQHandler)
    TIM_ClearITPendingBit                    0x08001d7d   Thumb Code     6  stm32f10x_tim.o(i.TIM_ClearITPendingBit)
    TIM_Cmd                                  0x08001d83   Thumb Code    24  stm32f10x_tim.o(i.TIM_Cmd)
    TIM_GetITStatus                          0x08001d9b   Thumb Code    34  stm32f10x_tim.o(i.TIM_GetITStatus)
    TIM_ITConfig                             0x08001dbd   Thumb Code    18  stm32f10x_tim.o(i.TIM_ITConfig)
    TIM_PrescalerConfig                      0x08001dcf   Thumb Code     6  stm32f10x_tim.o(i.TIM_PrescalerConfig)
    TIM_SetCounter                           0x08001dd5   Thumb Code     4  stm32f10x_tim.o(i.TIM_SetCounter)
    TIM_TimeBaseInit                         0x08001dd9   Thumb Code   122  stm32f10x_tim.o(i.TIM_TimeBaseInit)
    Tim4_Init                                0x08001e7d   Thumb Code    94  tim4.o(i.Tim4_Init)
    UART1_SendString                         0x08001ee1   Thumb Code    38  usart1.o(i.UART1_SendString)
    USART1_IRQHandler                        0x08001f0d   Thumb Code    64  usart1.o(i.USART1_IRQHandler)
    USART2_IRQHandler                        0x08001f59   Thumb Code    52  usart2.o(i.USART2_IRQHandler)
    USART3_IRQHandler                        0x08001f99   Thumb Code    94  usart3.o(i.USART3_IRQHandler)
    USART_ClearITPendingBit                  0x08002009   Thumb Code    30  stm32f10x_usart.o(i.USART_ClearITPendingBit)
    USART_Cmd                                0x08002027   Thumb Code    24  stm32f10x_usart.o(i.USART_Cmd)
    USART_DeInit                             0x08002041   Thumb Code   134  stm32f10x_usart.o(i.USART_DeInit)
    USART_GetFlagStatus                      0x080020dd   Thumb Code    26  stm32f10x_usart.o(i.USART_GetFlagStatus)
    USART_GetITStatus                        0x080020f7   Thumb Code    84  stm32f10x_usart.o(i.USART_GetITStatus)
    USART_ITConfig                           0x0800214b   Thumb Code    74  stm32f10x_usart.o(i.USART_ITConfig)
    USART_Init                               0x08002195   Thumb Code   210  stm32f10x_usart.o(i.USART_Init)
    USART_ReceiveData                        0x0800226d   Thumb Code    10  stm32f10x_usart.o(i.USART_ReceiveData)
    USART_SendData                           0x08002277   Thumb Code     8  stm32f10x_usart.o(i.USART_SendData)
    Uart2SendTjcScreen                       0x08002281   Thumb Code    78  usart2.o(i.Uart2SendTjcScreen)
    UsageFault_Handler                       0x080022d5   Thumb Code     4  stm32f10x_it.o(i.UsageFault_Handler)
    Usart1_Init                              0x080022d9   Thumb Code   160  usart1.o(i.Usart1_Init)
    Usart1_SendByte                          0x08002381   Thumb Code    30  usart1.o(i.Usart1_SendByte)
    Usart2_Init                              0x080023a1   Thumb Code   156  usart2.o(i.Usart2_Init)
    Usart3_Init                              0x08002445   Thumb Code   190  usart3.o(i.Usart3_Init)
    Wait_CREG                                0x08002515   Thumb Code    92  sim800c.o(i.Wait_CREG)
    Waiting_Network                          0x08002585   Thumb Code   106  myconfig.o(i.Waiting_Network)
    Write_Flash                              0x08002619   Thumb Code   448  myconfig.o(i.Write_Flash)
    __0printf                                0x080027e1   Thumb Code    22  printfa.o(i.__0printf)
    __1printf                                0x080027e1   Thumb Code     0  printfa.o(i.__0printf)
    __2printf                                0x080027e1   Thumb Code     0  printfa.o(i.__0printf)
    __c89printf                              0x080027e1   Thumb Code     0  printfa.o(i.__0printf)
    printf                                   0x080027e1   Thumb Code     0  printfa.o(i.__0printf)
    __0sprintf                               0x08002801   Thumb Code    34  printfa.o(i.__0sprintf)
    __1sprintf                               0x08002801   Thumb Code     0  printfa.o(i.__0sprintf)
    __2sprintf                               0x08002801   Thumb Code     0  printfa.o(i.__0sprintf)
    __c89sprintf                             0x08002801   Thumb Code     0  printfa.o(i.__0sprintf)
    sprintf                                  0x08002801   Thumb Code     0  printfa.o(i.__0sprintf)
    __scatterload_copy                       0x08002829   Thumb Code    14  handlers.o(i.__scatterload_copy)
    __scatterload_null                       0x08002837   Thumb Code     2  handlers.o(i.__scatterload_null)
    __scatterload_zeroinit                   0x08002839   Thumb Code    14  handlers.o(i.__scatterload_zeroinit)
    delay_init                               0x080030dd   Thumb Code    50  delay.o(i.delay_init)
    delay_ms                                 0x08003121   Thumb Code    72  delay.o(i.delay_ms)
    fputc                                    0x0800316d   Thumb Code    32  usart1.o(i.fputc)
    main                                     0x08003191   Thumb Code    56  main.o(i.main)
    press_FR                                 0x080031c9   Thumb Code   272  as608.o(i.press_FR)
    usart2_SendString                        0x080033ed   Thumb Code    46  usart2.o(i.usart2_SendString)
    uxListRemove                             0x08003421   Thumb Code    40  list.o(i.uxListRemove)
    vListInsertEnd                           0x08003449   Thumb Code    24  list.o(i.vListInsertEnd)
    vTaskSwitchContext                       0x08003461   Thumb Code   110  tasks.o(i.vTaskSwitchContext)
    xDelay                                   0x0800351d   Thumb Code    18  myconfig.o(i.xDelay)
    xPortSysTickHandler                      0x08003535   Thumb Code    46  port.o(i.xPortSysTickHandler)
    xTaskGetSchedulerState                   0x08003569   Thumb Code    24  tasks.o(i.xTaskGetSchedulerState)
    xTaskIncrementTick                       0x08003589   Thumb Code   274  tasks.o(i.xTaskIncrementTick)
    Region$$Table$$Base                      0x08003798   Number         0  anon$$obj.o(Region$$Table)
    Region$$Table$$Limit                     0x080037b8   Number         0  anon$$obj.o(Region$$Table)
    SystemCoreClock                          0x20000014   Data           4  system_stm32f10x.o(.data)
    AHBPrescTable                            0x20000018   Data          16  system_stm32f10x.o(.data)
    Timers                                   0x20000028   Data           3  myconfig.o(.data)
    Para                                     0x2000002b   Data           4  myconfig.o(.data)
    Ark                                      0x2000002f   Data          32  myconfig.o(.data)
    InputPickupCode                          0x2000004f   Data           6  myconfig.o(.data)
    PointToPickupCode                        0x20000058   Data           4  myconfig.o(.data)
    PointToPhone                             0x2000005c   Data           4  myconfig.o(.data)
    USART3_RX_STA                            0x20000066   Data           2  usart3.o(.data)
    AS608Addr                                0x20000068   Data           4  as608.o(.data)
    str2                                     0x2000006c   Data           6  as608.o(.data)
    UartRec2Len                              0x20000072   Data           1  usart2.o(.data)
    NO1_phone                                0x20000073   Data          12  sim800c.o(.data)
    NO2_phone                                0x2000007f   Data          12  sim800c.o(.data)
    NO3_phone                                0x2000008b   Data          12  sim800c.o(.data)
    NO4_phone                                0x20000097   Data          12  sim800c.o(.data)
    content                                  0x200000a3   Data          50  sim800c.o(.data)
    First_Int                                0x200000d5   Data           1  sim800c.o(.data)
    Timer0_start                             0x200000d6   Data           1  sim800c.o(.data)
    Times                                    0x200000d7   Data           1  sim800c.o(.data)
    shijian                                  0x200000d8   Data           1  sim800c.o(.data)
    pxCurrentTCB                             0x200000dc   Data           4  tasks.o(.data)
    __stdout                                 0x20000118   Data           4  stdout.o(.data)
    TempStr                                  0x2000011c   Data          20  myconfig.o(.bss)
    USART3_RX_BUF                            0x20000130   Data         400  usart3.o(.bss)
    USART3_TX_BUF                            0x200002c0   Data         400  usart3.o(.bss)
    USART1_RX_BUF                            0x20000450   Data         100  usart1.o(.bss)
    USART2_RX_BUF                            0x200004b4   Data         100  usart2.o(.bss)
    STMFLASH_BUF                             0x20000518   Data        1024  stmflash.o(.bss)
    __initial_sp                             0x20000ec0   Data           0  startup_stm32f10x_md.o(STACK)



==============================================================================

Memory Map of the image

  Image Entry point : 0x080000ed

  Load Region LR_IROM1 (Base: 0x08000000, Size: 0x000038d4, Max: 0x00010000, ABSOLUTE)

    Execution Region ER_IROM1 (Exec base: 0x08000000, Load base: 0x08000000, Size: 0x000037b8, Max: 0x00010000, ABSOLUTE)

    Exec Addr    Load Addr    Size         Type   Attr      Idx    E Section Name        Object

    0x08000000   0x08000000   0x000000ec   Data   RO            3    RESET               startup_stm32f10x_md.o
    0x080000ec   0x080000ec   0x00000000   Code   RO         4567  * .ARM.Collect$$$$00000000  mc_w.l(entry.o)
    0x080000ec   0x080000ec   0x00000004   Code   RO         4847    .ARM.Collect$$$$00000001  mc_w.l(entry2.o)
    0x080000f0   0x080000f0   0x00000004   Code   RO         4850    .ARM.Collect$$$$00000004  mc_w.l(entry5.o)
    0x080000f4   0x080000f4   0x00000000   Code   RO         4852    .ARM.Collect$$$$00000008  mc_w.l(entry7b.o)
    0x080000f4   0x080000f4   0x00000000   Code   RO         4854    .ARM.Collect$$$$0000000A  mc_w.l(entry8b.o)
    0x080000f4   0x080000f4   0x00000008   Code   RO         4855    .ARM.Collect$$$$0000000B  mc_w.l(entry9a.o)
    0x080000fc   0x080000fc   0x00000004   Code   RO         4862    .ARM.Collect$$$$0000000E  mc_w.l(entry12b.o)
    0x08000100   0x08000100   0x00000000   Code   RO         4857    .ARM.Collect$$$$0000000F  mc_w.l(entry10a.o)
    0x08000100   0x08000100   0x00000000   Code   RO         4859    .ARM.Collect$$$$00000011  mc_w.l(entry11a.o)
    0x08000100   0x08000100   0x00000004   Code   RO         4848    .ARM.Collect$$$$00002712  mc_w.l(entry2.o)
    0x08000104   0x08000104   0x00000096   Code   RO         4428    .emb_text           port.o
    0x0800019a   0x0800019a   0x00000002   PAD
    0x0800019c   0x0800019c   0x00000024   Code   RO            4    .text               startup_stm32f10x_md.o
    0x080001c0   0x080001c0   0x00000024   Code   RO         4570    .text               mc_w.l(memcpya.o)
    0x080001e4   0x080001e4   0x00000024   Code   RO         4572    .text               mc_w.l(memseta.o)
    0x08000208   0x08000208   0x00000018   Code   RO         4574    .text               mc_w.l(strcat.o)
    0x08000220   0x08000220   0x00000024   Code   RO         4576    .text               mc_w.l(strstr.o)
    0x08000244   0x08000244   0x00000018   Code   RO         4578    .text               mc_w.l(strncpy.o)
    0x0800025c   0x0800025c   0x00000012   Code   RO         4582    .text               mc_w.l(strcpy.o)
    0x0800026e   0x0800026e   0x0000002c   Code   RO         4864    .text               mc_w.l(uidiv.o)
    0x0800029a   0x0800029a   0x00000062   Code   RO         4866    .text               mc_w.l(uldiv.o)
    0x080002fc   0x080002fc   0x00000000   Code   RO         4868    .text               mc_w.l(iusefp.o)
    0x080002fc   0x080002fc   0x0000014e   Code   RO         4869    .text               mf_w.l(dadd.o)
    0x0800044a   0x0800044a   0x000000e4   Code   RO         4871    .text               mf_w.l(dmul.o)
    0x0800052e   0x0800052e   0x000000de   Code   RO         4873    .text               mf_w.l(ddiv.o)
    0x0800060c   0x0800060c   0x00000030   Code   RO         4875    .text               mf_w.l(dfixul.o)
    0x0800063c   0x0800063c   0x00000030   Code   RO         4877    .text               mf_w.l(cdrcmple.o)
    0x0800066c   0x0800066c   0x00000024   Code   RO         4879    .text               mc_w.l(init.o)
    0x08000690   0x08000690   0x0000001e   Code   RO         4881    .text               mc_w.l(llshl.o)
    0x080006ae   0x080006ae   0x00000020   Code   RO         4883    .text               mc_w.l(llushr.o)
    0x080006ce   0x080006ce   0x00000024   Code   RO         4885    .text               mc_w.l(llsshr.o)
    0x080006f2   0x080006f2   0x000000ba   Code   RO         4887    .text               mf_w.l(depilogue.o)
    0x080007ac   0x080007ac   0x000001d0   Code   RO         3262    i.AboutCourierProc  myconfig.o
    0x0800097c   0x0800097c   0x00000020   Code   RO         3263    i.AboutFingerprintProc  myconfig.o
    0x0800099c   0x0800099c   0x00000498   Code   RO         3264    i.AboutUsartScreenProc  myconfig.o
    0x08000e34   0x08000e34   0x000000f8   Code   RO         3453    i.Add_FR            as608.o
    0x08000f2c   0x08000f2c   0x00000030   Code   RO         3108    i.BSP_Init          main.o
    0x08000f5c   0x08000f5c   0x00000004   Code   RO         3207    i.BusFault_Handler  stm32f10x_it.o
    0x08000f60   0x08000f60   0x00000024   Code   RO         3767    i.CLR_Buf1          sim800c.o
    0x08000f84   0x08000f84   0x00000002   Code   RO         3208    i.DebugMon_Handler  stm32f10x_it.o
    0x08000f86   0x08000f86   0x00000002   PAD
    0x08000f88   0x08000f88   0x0000004c   Code   RO          953    i.FLASH_ErasePage   stm32f10x_flash.o
    0x08000fd4   0x08000fd4   0x00000034   Code   RO          954    i.FLASH_GetBank1Status  stm32f10x_flash.o
    0x08001008   0x08001008   0x00000014   Code   RO          963    i.FLASH_Lock        stm32f10x_flash.o
    0x0800101c   0x0800101c   0x00000040   Code   RO          966    i.FLASH_ProgramHalfWord  stm32f10x_flash.o
    0x0800105c   0x0800105c   0x00000018   Code   RO          971    i.FLASH_Unlock      stm32f10x_flash.o
    0x08001074   0x08001074   0x00000026   Code   RO          975    i.FLASH_WaitForLastOperation  stm32f10x_flash.o
    0x0800109a   0x0800109a   0x00000002   PAD
    0x0800109c   0x0800109c   0x0000001c   Code   RO         3768    i.Find              sim800c.o
    0x080010b8   0x080010b8   0x00000116   Code   RO         1248    i.GPIO_Init         stm32f10x_gpio.o
    0x080011ce   0x080011ce   0x00000004   Code   RO         1255    i.GPIO_ResetBits    stm32f10x_gpio.o
    0x080011d2   0x080011d2   0x00000004   Code   RO         1256    i.GPIO_SetBits      stm32f10x_gpio.o
    0x080011d6   0x080011d6   0x00000004   Code   RO         3209    i.HardFault_Handler  stm32f10x_it.o
    0x080011da   0x080011da   0x00000002   PAD
    0x080011dc   0x080011dc   0x00000088   Code   RO         3454    i.JudgeStr          as608.o
    0x08001264   0x08001264   0x0000001c   Code   RO         3455    i.MYUSART_SendData  as608.o
    0x08001280   0x08001280   0x00000004   Code   RO         3210    i.MemManage_Handler  stm32f10x_it.o
    0x08001284   0x08001284   0x00000002   Code   RO         3211    i.NMI_Handler       stm32f10x_it.o
    0x08001286   0x08001286   0x0000000c   Code   RO         3816    i.NVIC_Config       nvic.o
    0x08001292   0x08001292   0x00000002   PAD
    0x08001294   0x08001294   0x00000070   Code   RO           10    i.NVIC_Init         misc.o
    0x08001304   0x08001304   0x00000014   Code   RO           11    i.NVIC_PriorityGroupConfig  misc.o
    0x08001318   0x08001318   0x00000046   Code   RO         3458    i.PS_GenChar        as608.o
    0x0800135e   0x0800135e   0x0000003a   Code   RO         3459    i.PS_GetImage       as608.o
    0x08001398   0x08001398   0x00000090   Code   RO         3461    i.PS_HighSpeedSearch  as608.o
    0x08001428   0x08001428   0x0000003a   Code   RO         3462    i.PS_Match          as608.o
    0x08001462   0x08001462   0x0000003a   Code   RO         3465    i.PS_RegModel       as608.o
    0x0800149c   0x0800149c   0x00000060   Code   RO         3468    i.PS_StoreChar      as608.o
    0x080014fc   0x080014fc   0x00000020   Code   RO         1664    i.RCC_APB1PeriphClockCmd  stm32f10x_rcc.o
    0x0800151c   0x0800151c   0x00000020   Code   RO         1665    i.RCC_APB1PeriphResetCmd  stm32f10x_rcc.o
    0x0800153c   0x0800153c   0x00000020   Code   RO         1666    i.RCC_APB2PeriphClockCmd  stm32f10x_rcc.o
    0x0800155c   0x0800155c   0x00000020   Code   RO         1667    i.RCC_APB2PeriphResetCmd  stm32f10x_rcc.o
    0x0800157c   0x0800157c   0x000000d4   Code   RO         1674    i.RCC_GetClocksFreq  stm32f10x_rcc.o
    0x08001650   0x08001650   0x00000178   Code   RO         3265    i.Read_Flash        myconfig.o
    0x080017c8   0x080017c8   0x00000022   Code   RO         3728    i.STMFLASH_Read     stmflash.o
    0x080017ea   0x080017ea   0x00000006   Code   RO         3729    i.STMFLASH_ReadHalfWord  stmflash.o
    0x080017f0   0x080017f0   0x000000e8   Code   RO         3730    i.STMFLASH_Write    stmflash.o
    0x080018d8   0x080018d8   0x00000026   Code   RO         3731    i.STMFLASH_Write_NoCheck  stmflash.o
    0x080018fe   0x080018fe   0x00000002   PAD
    0x08001900   0x08001900   0x0000007c   Code   RO         3769    i.Second_AT_Command  sim800c.o
    0x0800197c   0x0800197c   0x00000034   Code   RO         3472    i.SendAddr          as608.o
    0x080019b0   0x080019b0   0x00000012   Code   RO         3473    i.SendCheck         as608.o
    0x080019c2   0x080019c2   0x0000000c   Code   RO         3474    i.SendFlag          as608.o
    0x080019ce   0x080019ce   0x00000010   Code   RO         3475    i.SendHead          as608.o
    0x080019de   0x080019de   0x00000014   Code   RO         3476    i.SendLength        as608.o
    0x080019f2   0x080019f2   0x00000002   PAD
    0x080019f4   0x080019f4   0x0000006c   Code   RO         3770    i.Send_Text_Sms     sim800c.o
    0x08001a60   0x08001a60   0x0000000c   Code   RO         3477    i.Sendcmd           as608.o
    0x08001a6c   0x08001a6c   0x00000008   Code   RO         3074    i.SetSysClock       system_stm32f10x.o
    0x08001a74   0x08001a74   0x000000e0   Code   RO         3075    i.SetSysClockTo72   system_stm32f10x.o
    0x08001b54   0x08001b54   0x00000054   Code   RO         3771    i.Set_Text_Mode     sim800c.o
    0x08001ba8   0x08001ba8   0x00000028   Code   RO           14    i.SysTick_CLKSourceConfig  misc.o
    0x08001bd0   0x08001bd0   0x00000010   Code   RO         3212    i.SysTick_Handler   stm32f10x_it.o
    0x08001be0   0x08001be0   0x00000060   Code   RO         3077    i.SystemInit        system_stm32f10x.o
    0x08001c40   0x08001c40   0x00000034   Code   RO         3435    i.TIM3_IRQHandler   tim3.o
    0x08001c74   0x08001c74   0x00000060   Code   RO         3436    i.TIM3_Int_Init     tim3.o
    0x08001cd4   0x08001cd4   0x000000a8   Code   RO         3266    i.TIM4_IRQHandler   myconfig.o
    0x08001d7c   0x08001d7c   0x00000006   Code   RO         2293    i.TIM_ClearITPendingBit  stm32f10x_tim.o
    0x08001d82   0x08001d82   0x00000018   Code   RO         2298    i.TIM_Cmd           stm32f10x_tim.o
    0x08001d9a   0x08001d9a   0x00000022   Code   RO         2319    i.TIM_GetITStatus   stm32f10x_tim.o
    0x08001dbc   0x08001dbc   0x00000012   Code   RO         2323    i.TIM_ITConfig      stm32f10x_tim.o
    0x08001dce   0x08001dce   0x00000006   Code   RO         2347    i.TIM_PrescalerConfig  stm32f10x_tim.o
    0x08001dd4   0x08001dd4   0x00000004   Code   RO         2363    i.TIM_SetCounter    stm32f10x_tim.o
    0x08001dd8   0x08001dd8   0x000000a4   Code   RO         2369    i.TIM_TimeBaseInit  stm32f10x_tim.o
    0x08001e7c   0x08001e7c   0x00000064   Code   RO         3621    i.Tim4_Init         tim4.o
    0x08001ee0   0x08001ee0   0x0000002c   Code   RO         3633    i.UART1_SendString  usart1.o
    0x08001f0c   0x08001f0c   0x0000004c   Code   RO         3634    i.USART1_IRQHandler  usart1.o
    0x08001f58   0x08001f58   0x00000040   Code   RO         3680    i.USART2_IRQHandler  usart2.o
    0x08001f98   0x08001f98   0x00000070   Code   RO         3397    i.USART3_IRQHandler  usart3.o
    0x08002008   0x08002008   0x0000001e   Code   RO         2831    i.USART_ClearITPendingBit  stm32f10x_usart.o
    0x08002026   0x08002026   0x00000018   Code   RO         2834    i.USART_Cmd         stm32f10x_usart.o
    0x0800203e   0x0800203e   0x00000002   PAD
    0x08002040   0x08002040   0x0000009c   Code   RO         2836    i.USART_DeInit      stm32f10x_usart.o
    0x080020dc   0x080020dc   0x0000001a   Code   RO         2837    i.USART_GetFlagStatus  stm32f10x_usart.o
    0x080020f6   0x080020f6   0x00000054   Code   RO         2838    i.USART_GetITStatus  stm32f10x_usart.o
    0x0800214a   0x0800214a   0x0000004a   Code   RO         2840    i.USART_ITConfig    stm32f10x_usart.o
    0x08002194   0x08002194   0x000000d8   Code   RO         2841    i.USART_Init        stm32f10x_usart.o
    0x0800226c   0x0800226c   0x0000000a   Code   RO         2848    i.USART_ReceiveData  stm32f10x_usart.o
    0x08002276   0x08002276   0x00000008   Code   RO         2851    i.USART_SendData    stm32f10x_usart.o
    0x0800227e   0x0800227e   0x00000002   PAD
    0x08002280   0x08002280   0x00000054   Code   RO         3681    i.Uart2SendTjcScreen  usart2.o
    0x080022d4   0x080022d4   0x00000004   Code   RO         3213    i.UsageFault_Handler  stm32f10x_it.o
    0x080022d8   0x080022d8   0x000000a8   Code   RO         3635    i.Usart1_Init       usart1.o
    0x08002380   0x08002380   0x0000001e   Code   RO         3636    i.Usart1_SendByte   usart1.o
    0x0800239e   0x0800239e   0x00000002   PAD
    0x080023a0   0x080023a0   0x000000a4   Code   RO         3682    i.Usart2_Init       usart2.o
    0x08002444   0x08002444   0x000000d0   Code   RO         3398    i.Usart3_Init       usart3.o
    0x08002514   0x08002514   0x00000070   Code   RO         3772    i.Wait_CREG         sim800c.o
    0x08002584   0x08002584   0x00000094   Code   RO         3267    i.Waiting_Network   myconfig.o
    0x08002618   0x08002618   0x000001c8   Code   RO         3268    i.Write_Flash       myconfig.o
    0x080027e0   0x080027e0   0x00000020   Code   RO         4819    i.__0printf         mc_w.l(printfa.o)
    0x08002800   0x08002800   0x00000028   Code   RO         4821    i.__0sprintf        mc_w.l(printfa.o)
    0x08002828   0x08002828   0x0000000e   Code   RO         4891    i.__scatterload_copy  mc_w.l(handlers.o)
    0x08002836   0x08002836   0x00000002   Code   RO         4892    i.__scatterload_null  mc_w.l(handlers.o)
    0x08002838   0x08002838   0x0000000e   Code   RO         4893    i.__scatterload_zeroinit  mc_w.l(handlers.o)
    0x08002846   0x08002846   0x00000002   PAD
    0x08002848   0x08002848   0x00000184   Code   RO         4826    i._fp_digits        mc_w.l(printfa.o)
    0x080029cc   0x080029cc   0x000006b4   Code   RO         4827    i._printf_core      mc_w.l(printfa.o)
    0x08003080   0x08003080   0x00000024   Code   RO         4828    i._printf_post_padding  mc_w.l(printfa.o)
    0x080030a4   0x080030a4   0x0000002e   Code   RO         4829    i._printf_pre_padding  mc_w.l(printfa.o)
    0x080030d2   0x080030d2   0x0000000a   Code   RO         4831    i._sputc            mc_w.l(printfa.o)
    0x080030dc   0x080030dc   0x00000044   Code   RO         3360    i.delay_init        delay.o
    0x08003120   0x08003120   0x0000004c   Code   RO         3361    i.delay_ms          delay.o
    0x0800316c   0x0800316c   0x00000024   Code   RO         3637    i.fputc             usart1.o
    0x08003190   0x08003190   0x00000038   Code   RO         3109    i.main              main.o
    0x080031c8   0x080031c8   0x000001f0   Code   RO         3478    i.press_FR          as608.o
    0x080033b8   0x080033b8   0x00000034   Code   RO         4137    i.prvResetNextTaskUnblockTime  tasks.o
    0x080033ec   0x080033ec   0x00000034   Code   RO         3683    i.usart2_SendString  usart2.o
    0x08003420   0x08003420   0x00000028   Code   RO         3940    i.uxListRemove      list.o
    0x08003448   0x08003448   0x00000018   Code   RO         3944    i.vListInsertEnd    list.o
    0x08003460   0x08003460   0x000000bc   Code   RO         4158    i.vTaskSwitchContext  tasks.o
    0x0800351c   0x0800351c   0x00000018   Code   RO         3269    i.xDelay            myconfig.o
    0x08003534   0x08003534   0x00000034   Code   RO         4437    i.xPortSysTickHandler  port.o
    0x08003568   0x08003568   0x00000020   Code   RO         4163    i.xTaskGetSchedulerState  tasks.o
    0x08003588   0x08003588   0x00000178   Code   RO         4166    i.xTaskIncrementTick  tasks.o
    0x08003700   0x08003700   0x00000032   Data   RO         3773    .constdata          sim800c.o
    0x08003732   0x08003732   0x00000002   PAD
    0x08003734   0x08003734   0x00000062   Data   RO         3271    .conststring        myconfig.o
    0x08003796   0x08003796   0x00000002   PAD
    0x08003798   0x08003798   0x00000020   Data   RO         4889    Region$$Table       anon$$obj.o


    Execution Region RW_IRAM1 (Exec base: 0x20000000, Load base: 0x080037b8, Size: 0x00000ec0, Max: 0x00005000, ABSOLUTE)

    Exec Addr    Load Addr    Size         Type   Attr      Idx    E Section Name        Object

    0x20000000   0x080037b8   0x00000014   Data   RW         1694    .data               stm32f10x_rcc.o
    0x20000014   0x080037cc   0x00000014   Data   RW         3078    .data               system_stm32f10x.o
    0x20000028   0x080037e0   0x0000003a   Data   RW         3272    .data               myconfig.o
    0x20000062   0x0800381a   0x00000004   Data   RW         3362    .data               delay.o
    0x20000066   0x0800381e   0x00000002   Data   RW         3401    .data               usart3.o
    0x20000068   0x08003820   0x0000000a   Data   RW         3480    .data               as608.o
    0x20000072   0x0800382a   0x00000001   Data   RW         3686    .data               usart2.o
    0x20000073   0x0800382b   0x00000066   Data   RW         3774    .data               sim800c.o
    0x200000d9   0x08003891   0x00000003   PAD
    0x200000dc   0x08003894   0x0000003c   Data   RW         4174    .data               tasks.o
    0x20000118   0x080038d0   0x00000004   Data   RW         4863    .data               mc_w.l(stdout.o)
    0x2000011c        -       0x00000014   Zero   RW         3270    .bss                myconfig.o
    0x20000130        -       0x00000320   Zero   RW         3400    .bss                usart3.o
    0x20000450        -       0x00000064   Zero   RW         3638    .bss                usart1.o
    0x200004b4        -       0x00000064   Zero   RW         3685    .bss                usart2.o
    0x20000518        -       0x00000400   Zero   RW         3733    .bss                stmflash.o
    0x20000918        -       0x000001a4   Zero   RW         4173    .bss                tasks.o
    0x20000abc   0x080038d4   0x00000004   PAD
    0x20000ac0        -       0x00000400   Zero   RW            1    STACK               startup_stm32f10x_md.o


==============================================================================

Image component sizes


      Code (inc. data)   RO Data    RW Data    ZI Data      Debug   Object Name

      1522        330          0         10          0      10931   as608.o
       144         22          0          4          0       1292   delay.o
        64          0          0          0          0       1820   list.o
       104          0          0          0          0       8359   main.o
       172         22          0          0          0     260845   misc.o
      2844        602         98         58         20       7474   myconfig.o
        12          0          0          0          0        478   nvic.o
       202         18          0          0          0       3938   port.o
       492        120         50        102          0       4797   sim800c.o
        36          8        236          0       1024        884   startup_stm32f10x_md.o
       274         30          0          0          0       3854   stm32f10x_flash.o
       286          0          0          0          0       3460   stm32f10x_gpio.o
        36          0          0          0          0       3263   stm32f10x_it.o
       340         44          0         20          0       6196   stm32f10x_rcc.o
       256         42          0          0          0       5393   stm32f10x_tim.o
       628         28          0          0          0       8274   stm32f10x_usart.o
       310         10          0          0       1024       3797   stmflash.o
       328         28          0         20          0       2541   system_stm32f10x.o
       648        198          0         60        420      14870   tasks.o
       148         16          0          0          0       1186   tim3.o
       100          6          0          0          0        584   tim4.o
       354         30          0          0        100       5231   usart1.o
       364         32          0          1        100       3355   usart2.o
       320         36          0          2        800       2970   usart3.o

    ----------------------------------------------------------------------
     10004       1622        420        280       3492     365792   Object Totals
         0          0         32          0          0          0   (incl. Generated)
        20          0          4          3          4          0   (incl. Padding)

    ----------------------------------------------------------------------

      Code (inc. data)   RO Data    RW Data    ZI Data      Debug   Library Member Name

         0          0          0          0          0          0   entry.o
         0          0          0          0          0          0   entry10a.o
         0          0          0          0          0          0   entry11a.o
         4          0          0          0          0          0   entry12b.o
         8          4          0          0          0          0   entry2.o
         4          0          0          0          0          0   entry5.o
         0          0          0          0          0          0   entry7b.o
         0          0          0          0          0          0   entry8b.o
         8          4          0          0          0          0   entry9a.o
        30          0          0          0          0          0   handlers.o
        36          8          0          0          0         68   init.o
         0          0          0          0          0          0   iusefp.o
        30          0          0          0          0         68   llshl.o
        36          0          0          0          0         68   llsshr.o
        32          0          0          0          0         68   llushr.o
        36          0          0          0          0         68   memcpya.o
        36          0          0          0          0        108   memseta.o
      2268         96          0          0          0        616   printfa.o
         0          0          0          4          0          0   stdout.o
        24          0          0          0          0         68   strcat.o
        18          0          0          0          0         68   strcpy.o
        24          0          0          0          0         76   strncpy.o
        36          0          0          0          0         80   strstr.o
        44          0          0          0          0         80   uidiv.o
        98          0          0          0          0         92   uldiv.o
        48          0          0          0          0         68   cdrcmple.o
       334          0          0          0          0        148   dadd.o
       222          0          0          0          0        100   ddiv.o
       186          0          0          0          0        176   depilogue.o
        48          0          0          0          0         68   dfixul.o
       228          0          0          0          0         96   dmul.o

    ----------------------------------------------------------------------
      3840        112          0          4          0       2184   Library Totals
         2          0          0          0          0          0   (incl. Padding)

    ----------------------------------------------------------------------

      Code (inc. data)   RO Data    RW Data    ZI Data      Debug   Library Name

      2772        112          0          4          0       1528   mc_w.l
      1066          0          0          0          0        656   mf_w.l

    ----------------------------------------------------------------------
      3840        112          0          4          0       2184   Library Totals

    ----------------------------------------------------------------------

==============================================================================


      Code (inc. data)   RO Data    RW Data    ZI Data      Debug   

     13844       1734        420        284       3492     361680   Grand Totals
     13844       1734        420        284       3492     361680   ELF Image Totals
     13844       1734        420        284          0          0   ROM Totals

==============================================================================

    Total RO  Size (Code + RO Data)                14264 (  13.93kB)
    Total RW  Size (RW Data + ZI Data)              3776 (   3.69kB)
    Total ROM Size (Code + RO Data + RW Data)      14548 (  14.21kB)

==============================================================================

